Archive member included to satisfy reference by file (symbol)

C:\Users\itsme\OneDrive\Documenten\GitHub\MJSGadget - dB meter\Drivers\CMSIS\Lib\GCC\libarm_cortexM0l_math.a(arm_const_structs.o)
                              ./Core/Src/sound_measurement.o (arm_cfft_sR_q31_len128)
C:\Users\itsme\OneDrive\Documenten\GitHub\MJSGadget - dB meter\Drivers\CMSIS\Lib\GCC\libarm_cortexM0l_math.a(arm_common_tables.o)
                              C:\Users\itsme\OneDrive\Documenten\GitHub\MJSGadget - dB meter\Drivers\CMSIS\Lib\GCC\libarm_cortexM0l_math.a(arm_const_structs.o) (twiddleCoef_rfft_4096)
C:\Users\itsme\OneDrive\Documenten\GitHub\MJSGadget - dB meter\Drivers\CMSIS\Lib\GCC\libarm_cortexM0l_math.a(arm_cfft_q31.o)
                              ./Core/Src/sound_measurement.o (arm_cfft_q31)
C:\Users\itsme\OneDrive\Documenten\GitHub\MJSGadget - dB meter\Drivers\CMSIS\Lib\GCC\libarm_cortexM0l_math.a(arm_bitreversal2.o)
                              C:\Users\itsme\OneDrive\Documenten\GitHub\MJSGadget - dB meter\Drivers\CMSIS\Lib\GCC\libarm_cortexM0l_math.a(arm_cfft_q31.o) (arm_bitreversal_32)
C:\Users\itsme\OneDrive\Documenten\GitHub\MJSGadget - dB meter\Drivers\CMSIS\Lib\GCC\libarm_cortexM0l_math.a(arm_rfft_init_q31.o)
                              C:\Users\itsme\OneDrive\Documenten\GitHub\MJSGadget - dB meter\Drivers\CMSIS\Lib\GCC\libarm_cortexM0l_math.a(arm_const_structs.o) (realCoefBQ31)
C:\Users\itsme\OneDrive\Documenten\GitHub\MJSGadget - dB meter\Drivers\CMSIS\Lib\GCC\libarm_cortexM0l_math.a(arm_rfft_init_q15.o)
                              C:\Users\itsme\OneDrive\Documenten\GitHub\MJSGadget - dB meter\Drivers\CMSIS\Lib\GCC\libarm_cortexM0l_math.a(arm_const_structs.o) (realCoefBQ15)
C:\Users\itsme\OneDrive\Documenten\GitHub\MJSGadget - dB meter\Drivers\CMSIS\Lib\GCC\libarm_cortexM0l_math.a(arm_cfft_radix4_q31.o)
                              C:\Users\itsme\OneDrive\Documenten\GitHub\MJSGadget - dB meter\Drivers\CMSIS\Lib\GCC\libarm_cortexM0l_math.a(arm_cfft_q31.o) (arm_radix4_butterfly_q31)
C:\Users\itsme\OneDrive\Documenten\GitHub\MJSGadget - dB meter\Drivers\CMSIS\Lib\GCC\libarm_cortexM0l_math.a(arm_cmplx_mag_squared_q31.o)
                              ./Core/Src/sound_measurement.o (arm_cmplx_mag_squared_q31)
C:\Users\itsme\OneDrive\Documenten\GitHub\MJSGadget - dB meter\Drivers\CMSIS\Lib\GCC\libarm_cortexM0l_math.a(arm_mult_q31.o)
                              ./Core/Src/sound_measurement.o (arm_mult_q31)
C:\Users\itsme\OneDrive\Documenten\GitHub\MJSGadget - dB meter\Drivers\CMSIS\Lib\GCC\libarm_cortexM0l_math.a(arm_add_q31.o)
                              ./Core/Src/sound_measurement.o (arm_add_q31)
C:\Users\itsme\OneDrive\Documenten\GitHub\MJSGadget - dB meter\Drivers\CMSIS\Lib\GCC\libarm_cortexM0l_math.a(arm_bitreversal.o)
                              C:\Users\itsme\OneDrive\Documenten\GitHub\MJSGadget - dB meter\Drivers\CMSIS\Lib\GCC\libarm_cortexM0l_math.a(arm_cfft_radix4_q31.o) (arm_bitreversal_q31)
C:/ST/STM32CubeIDE_1.16.1/STM32CubeIDE/plugins/com.st.stm32cube.ide.mcu.externaltools.gnu-tools-for-stm32.12.3.rel1.win32_1.1.0.202410251130/tools/bin/../lib/gcc/arm-none-eabi/12.3.1/../../../../arm-none-eabi/lib/thumb/v6-m/nofp\libc_nano.a(libc_a-atof.o)
                              ./Core/Src/microphone.o (atof)
C:/ST/STM32CubeIDE_1.16.1/STM32CubeIDE/plugins/com.st.stm32cube.ide.mcu.externaltools.gnu-tools-for-stm32.12.3.rel1.win32_1.1.0.202410251130/tools/bin/../lib/gcc/arm-none-eabi/12.3.1/../../../../arm-none-eabi/lib/thumb/v6-m/nofp\libc_nano.a(libc_a-atoi.o)
                              ./Core/Src/RealTimeClock.o (atoi)
C:/ST/STM32CubeIDE_1.16.1/STM32CubeIDE/plugins/com.st.stm32cube.ide.mcu.externaltools.gnu-tools-for-stm32.12.3.rel1.win32_1.1.0.202410251130/tools/bin/../lib/gcc/arm-none-eabi/12.3.1/../../../../arm-none-eabi/lib/thumb/v6-m/nofp\libc_nano.a(libc_a-exit.o)
                              C:/ST/STM32CubeIDE_1.16.1/STM32CubeIDE/plugins/com.st.stm32cube.ide.mcu.externaltools.gnu-tools-for-stm32.12.3.rel1.win32_1.1.0.202410251130/tools/bin/../lib/gcc/arm-none-eabi/12.3.1/../../../../arm-none-eabi/lib/thumb/v6-m/nofp/crt0.o (exit)
C:/ST/STM32CubeIDE_1.16.1/STM32CubeIDE/plugins/com.st.stm32cube.ide.mcu.externaltools.gnu-tools-for-stm32.12.3.rel1.win32_1.1.0.202410251130/tools/bin/../lib/gcc/arm-none-eabi/12.3.1/../../../../arm-none-eabi/lib/thumb/v6-m/nofp\libc_nano.a(libc_a-strtod.o)
                              C:/ST/STM32CubeIDE_1.16.1/STM32CubeIDE/plugins/com.st.stm32cube.ide.mcu.externaltools.gnu-tools-for-stm32.12.3.rel1.win32_1.1.0.202410251130/tools/bin/../lib/gcc/arm-none-eabi/12.3.1/../../../../arm-none-eabi/lib/thumb/v6-m/nofp\libc_nano.a(libc_a-atof.o) (strtod)
C:/ST/STM32CubeIDE_1.16.1/STM32CubeIDE/plugins/com.st.stm32cube.ide.mcu.externaltools.gnu-tools-for-stm32.12.3.rel1.win32_1.1.0.202410251130/tools/bin/../lib/gcc/arm-none-eabi/12.3.1/../../../../arm-none-eabi/lib/thumb/v6-m/nofp\libc_nano.a(libc_a-strtol.o)
[...]
Memory Configuration

Name             Origin             Length             Attributes
RAM              0x20000000         0x00005000         xrw
FLASH            0x08000000         0x00030000         xr
*default*        0x00000000         0xffffffff

Linker script and memory map

LOAD C:/ST/STM32CubeIDE_1.16.1/STM32CubeIDE/plugins/com.st.stm32cube.ide.mcu.externaltools.gnu-tools-for-stm32.12.3.rel1.win32_1.1.0.202410251130/tools/bin/../lib/gcc/arm-none-eabi/12.3.1/thumb/v6-m/nofp/crti.o
LOAD C:/ST/STM32CubeIDE_1.16.1/STM32CubeIDE/plugins/com.st.stm32cube.ide.mcu.externaltools.gnu-tools-for-stm32.12.3.rel1.win32_1.1.0.202410251130/tools/bin/../lib/gcc/arm-none-eabi/12.3.1/thumb/v6-m/nofp/crtbegin.o
LOAD C:/ST/STM32CubeIDE_1.16.1/STM32CubeIDE/plugins/com.st.stm32cube.ide.mcu.externaltools.gnu-tools-for-stm32.12.3.rel1.win32_1.1.0.202410251130/tools/bin/../lib/gcc/arm-none-eabi/12.3.1/../../../../arm-none-eabi/lib/thumb/v6-m/nofp/crt0.o
LOAD ./Core/Src/ESP.o
LOAD ./Core/Src/I2CSensors.o
LOAD ./Core/Src/PC_Config.o
LOAD ./Core/Src/PowerUtils.o
LOAD ./Core/Src/RealTimeClock.o
LOAD ./Core/Src/adc.o
LOAD ./Core/Src/aht20.o
LOAD ./Core/Src/bmp280.o
LOAD ./Core/Src/display.o
LOAD ./Core/Src/dma.o
LOAD ./Core/Src/eeprom.o
LOAD ./Core/Src/efficient_10log10.o
LOAD ./Core/Src/fonts.o
LOAD ./Core/Src/gpio.o
LOAD ./Core/Src/i2c.o
LOAD ./Core/Src/i2s.o
LOAD ./Core/Src/main.o
LOAD ./Core/Src/measurement.o
LOAD ./Core/Src/microphone.o
LOAD ./Core/Src/rtc.o
LOAD ./Core/Src/sen5x.o
LOAD ./Core/Src/sen5x_i2c.o
LOAD ./Core/Src/sensirion_common.o
LOAD ./Core/Src/sensirion_gas_index_algorithm.o
LOAD ./Core/Src/sensirion_i2c.o
LOAD ./Core/Src/sgp40.o
LOAD ./Core/Src/sound_LUTs.o
LOAD ./Core/Src/sound_measurement.o
LOAD ./Core/Src/sound_utilities.o
LOAD ./Core/Src/ssd1306_128x64_i2c.o
LOAD ./Core/Src/statusCheck.o
LOAD ./Core/Src/stm32l0xx_hal_msp.o
LOAD ./Core/Src/stm32l0xx_it.o
LOAD ./Core/Src/syscalls.o
LOAD ./Core/Src/sysmem.o
LOAD ./Core/Src/system_stm32l0xx.o
LOAD ./Core/Src/tim.o
LOAD ./Core/Src/usart.o
LOAD ./Core/Src/utils.o
LOAD ./Core/Src/wsenHIDS.o
LOAD ./Core/Startup/startup_stm32l072rztx.o
LOAD ./Drivers/STM32L0xx_HAL_Driver/stm32l0xx_hal.o
LOAD ./Drivers/STM32L0xx_HAL_Driver/stm32l0xx_hal_adc.o
LOAD ./Drivers/STM32L0xx_HAL_Driver/stm32l0xx_hal_adc_ex.o
LOAD ./Drivers/STM32L0xx_HAL_Driver/stm32l0xx_hal_cortex.o
LOAD ./Drivers/STM32L0xx_HAL_Driver/stm32l0xx_hal_dma.o
LOAD ./Drivers/STM32L0xx_HAL_Driver/stm32l0xx_hal_exti.o
LOAD ./Drivers/STM32L0xx_HAL_Driver/stm32l0xx_hal_flash.o
LOAD ./Drivers/STM32L0xx_HAL_Driver/stm32l0xx_hal_flash_ex.o
LOAD ./Drivers/STM32L0xx_HAL_Driver/stm32l0xx_hal_flash_ramfunc.o
LOAD ./Drivers/STM32L0xx_HAL_Driver/stm32l0xx_hal_gpio.o
LOAD ./Drivers/STM32L0xx_HAL_Driver/stm32l0xx_hal_i2c.o
LOAD ./Drivers/STM32L0xx_HAL_Driver/stm32l0xx_hal_i2c_ex.o
LOAD ./Drivers/STM32L0xx_HAL_Driver/stm32l0xx_hal_i2s.o
LOAD ./Drivers/STM32L0xx_HAL_Driver/stm32l0xx_hal_pcd.o
LOAD ./Drivers/STM32L0xx_HAL_Driver/stm32l0xx_hal_pcd_ex.o
LOAD ./Drivers/STM32L0xx_HAL_Driver/stm32l0xx_hal_pwr.o
LOAD ./Drivers/STM32L0xx_HAL_Driver/stm32l0xx_hal_pwr_ex.o
LOAD ./Drivers/STM32L0xx_HAL_Driver/stm32l0xx_hal_rcc.o
LOAD ./Drivers/STM32L0xx_HAL_Driver/stm32l0xx_hal_rcc_ex.o
LOAD ./Drivers/STM32L0xx_HAL_Driver/stm32l0xx_hal_rtc.o
LOAD ./Drivers/STM32L0xx_HAL_Driver/stm32l0xx_hal_rtc_ex.o
LOAD ./Drivers/STM32L0xx_HAL_Driver/stm32l0xx_hal_tim.o
LOAD ./Drivers/STM32L0xx_HAL_Driver/stm32l0xx_hal_tim_ex.o
LOAD ./Drivers/STM32L0xx_HAL_Driver/stm32l0xx_hal_uart.o
LOAD ./Drivers/STM32L0xx_HAL_Driver/stm32l0xx_hal_uart_ex.o
LOAD ./Drivers/STM32L0xx_HAL_Driver/stm32l0xx_ll_usb.o
LOAD ./Middlewares/USB_Device_Library/usbd_cdc.o
LOAD ./Middlewares/USB_Device_Library/usbd_core.o
LOAD ./Middlewares/USB_Device_Library/usbd_ctlreq.o
LOAD ./Middlewares/USB_Device_Library/usbd_ioreq.o
LOAD ./USB_DEVICE/App/usb_device.o
LOAD ./USB_DEVICE/App/usbd_cdc_if.o
LOAD ./USB_DEVICE/App/usbd_desc.o
LOAD ./USB_DEVICE/Target/usbd_conf.o
LOAD C:\Users\itsme\OneDrive\Documenten\GitHub\MJSGadget - dB meter\Drivers\CMSIS\Lib\GCC\libarm_cortexM0l_math.a
START GROUP
LOAD C:/ST/STM32CubeIDE_1.16.1/STM32CubeIDE/plugins/com.st.stm32cube.ide.mcu.externaltools.gnu-tools-for-stm32.12.3.rel1.win32_1.1.0.202410251130/tools/bin/../lib/gcc/arm-none-eabi/12.3.1/../../../../arm-none-eabi/lib/thumb/v6-m/nofp\libc_nano.a
LOAD C:/ST/STM32CubeIDE_1.16.1/STM32CubeIDE/plugins/com.st.stm32cube.ide.mcu.externaltools.gnu-tools-for-stm32.12.3.rel1.win32_1.1.0.202410251130/tools/bin/../lib/gcc/arm-none-eabi/12.3.1/../../../../arm-none-eabi/lib/thumb/v6-m/nofp\libm.a
END GROUP
START GROUP
LOAD C:/ST/STM32CubeIDE_1.16.1/STM32CubeIDE/plugins/com.st.stm32cube.ide.mcu.externaltools.gnu-tools-for-stm32.12.3.rel1.win32_1.1.0.202410251130/tools/bin/../lib/gcc/arm-none-eabi/12.3.1/thumb/v6-m/nofp\libgcc.a
LOAD C:/ST/STM32CubeIDE_1.16.1/STM32CubeIDE/plugins/com.st.stm32cube.ide.mcu.externaltools.gnu-tools-for-stm32.12.3.rel1.win32_1.1.0.202410251130/tools/bin/../lib/gcc/arm-none-eabi/12.3.1/../../../../arm-none-eabi/lib/thumb/v6-m/nofp\libc_nano.a
END GROUP
START GROUP
LOAD C:/ST/STM32CubeIDE_1.16.1/STM32CubeIDE/plugins/com.st.stm32cube.ide.mcu.externaltools.gnu-tools-for-stm32.12.3.rel1.win32_1.1.0.202410251130/tools/bin/../lib/gcc/arm-none-eabi/12.3.1/thumb/v6-m/nofp\libgcc.a
LOAD C:/ST/STM32CubeIDE_1.16.1/STM32CubeIDE/plugins/com.st.stm32cube.ide.mcu.externaltools.gnu-tools-for-stm32.12.3.rel1.win32_1.1.0.202410251130/tools/bin/../lib/gcc/arm-none-eabi/12.3.1/../../../../arm-none-eabi/lib/thumb/v6-m/nofp\libc_nano.a
LOAD C:/ST/STM32CubeIDE_1.16.1/STM32CubeIDE/plugins/com.st.stm32cube.ide.mcu.externaltools.gnu-tools-for-stm32.12.3.rel1.win32_1.1.0.202410251130/tools/bin/../lib/gcc/arm-none-eabi/12.3.1/../../../../arm-none-eabi/lib/thumb/v6-m/nofp\libnosys.a
END GROUP
START GROUP
LOAD C:/ST/STM32CubeIDE_1.16.1/STM32CubeIDE/plugins/com.st.stm32cube.ide.mcu.externaltools.gnu-tools-for-stm32.12.3.rel1.win32_1.1.0.202410251130/tools/bin/../lib/gcc/arm-none-eabi/12.3.1/thumb/v6-m/nofp\libgcc.a
LOAD C:/ST/STM32CubeIDE_1.16.1/STM32CubeIDE/plugins/com.st.stm32cube.ide.mcu.externaltools.gnu-tools-for-stm32.12.3.rel1.win32_1.1.0.202410251130/tools/bin/../lib/gcc/arm-none-eabi/12.3.1/../../../../arm-none-eabi/lib/thumb/v6-m/nofp\libc_nano.a
LOAD C:/ST/STM32CubeIDE_1.16.1/STM32CubeIDE/plugins/com.st.stm32cube.ide.mcu.externaltools.gnu-tools-for-stm32.12.3.rel1.win32_1.1.0.202410251130/tools/bin/../lib/gcc/arm-none-eabi/12.3.1/../../../../arm-none-eabi/lib/thumb/v6-m/nofp\libnosys.a
END GROUP
LOAD C:/ST/STM32CubeIDE_1.16.1/STM32CubeIDE/plugins/com.st.stm32cube.ide.mcu.externaltools.gnu-tools-for-stm32.12.3.rel1.win32_1.1.0.202410251130/tools/bin/../lib/gcc/arm-none-eabi/12.3.1/thumb/v6-m/nofp/crtend.o
LOAD C:/ST/STM32CubeIDE_1.16.1/STM32CubeIDE/plugins/com.st.stm32cube.ide.mcu.externaltools.gnu-tools-for-stm32.12.3.rel1.win32_1.1.0.202410251130/tools/bin/../lib/gcc/arm-none-eabi/12.3.1/thumb/v6-m/nofp/crtn.o
                0x20005000                        _estack = (ORIGIN (RAM) + LENGTH (RAM))
                0x00000100                        _Min_Heap_Size = 0x100
                0x00000400                        _Min_Stack_Size = 0x400

.isr_vector     0x08000000       0xc0
                0x08000000                        . = ALIGN (0x4)
 *(.isr_vector)
 .isr_vector    0x08000000       0xc0 ./Core/Startup/startup_stm32l072rztx.o
                0x08000000                g_pfnVectors
                0x080000c0                        . = ALIGN (0x4)

.text           0x080000c0    0x18054
                0x080000c0                        . = ALIGN (0x4)
 *(.text)
 .text          0x080000c0       0x48 C:/ST/STM32CubeIDE_1.16.1/STM32CubeIDE/plugins/com.st.stm32cube.ide.mcu.externaltools.gnu-tools-for-stm32.12.3.rel1.win32_1.1.0.202410251130/tools/bin/../lib/gcc/arm-none-eabi/12.3.1/thumb/v6-m/nofp/crtbegin.o
 .text          0x08000108       0x50 C:\Users\itsme\OneDrive\Documenten\GitHub\MJSGadget - dB meter\Drivers\CMSIS\Lib\GCC\libarm_cortexM0l_math.a(arm_bitreversal2.o)
                0x08000108                arm_bitreversal_32
                0x08000132                arm_bitreversal_16
 .text          0x08000158       0x14 C:/ST/STM32CubeIDE_1.16.1/STM32CubeIDE/plugins/com.st.stm32cube.ide.mcu.externaltools.gnu-tools-for-stm32.12.3.rel1.win32_1.1.0.202410251130/tools/bin/../lib/gcc/arm-none-eabi/12.3.1/../../../../arm-none-eabi/lib/thumb/v6-m/nofp\libc_nano.a(libc_a-strcmp.o)
                0x08000158                strcmp
 .text          0x0800016c        0xe C:/ST/STM32CubeIDE_1.16.1/STM32CubeIDE/plugins/com.st.stm32cube.ide.mcu.externaltools.gnu-tools-for-stm32.12.3.rel1.win32_1.1.0.202410251130/tools/bin/../lib/gcc/arm-none-eabi/12.3.1/../../../../arm-none-eabi/lib/thumb/v6-m/nofp\libc_nano.a(libc_a-strlen.o)
                0x0800016c                strlen
 *fill*         0x0800017a        0x2 
 .text          0x0800017c       0x14 C:/ST/STM32CubeIDE_1.16.1/STM32CubeIDE/plugins/com.st.stm32cube.ide.mcu.externaltools.gnu-tools-for-stm32.12.3.rel1.win32_1.1.0.202410251130/tools/bin/../lib/gcc/arm-none-eabi/12.3.1/thumb/v6-m/nofp\libgcc.a(_thumb1_case_uqi.o)
                0x0800017c                __gnu_thumb1_case_uqi
 .text          0x08000190       0x14 C:/ST/STM32CubeIDE_1.16.1/STM32CubeIDE/plugins/com.st.stm32cube.ide.mcu.externaltools.gnu-tools-for-stm32.12.3.rel1.win32_1.1.0.202410251130/tools/bin/../lib/gcc/arm-none-eabi/12.3.1/thumb/v6-m/nofp\libgcc.a(_thumb1_case_shi.o)
                0x08000190                __gnu_thumb1_case_shi
 .text          0x080001a4       0x14 C:/ST/STM32CubeIDE_1.16.1/STM32CubeIDE/plugins/com.st.stm32cube.ide.mcu.externaltools.gnu-tools-for-stm32.12.3.rel1.win32_1.1.0.202410251130/tools/bin/../lib/gcc/arm-none-eabi/12.3.1/thumb/v6-m/nofp\libgcc.a(_thumb1_case_uhi.o)
                0x080001a4                __gnu_thumb1_case_uhi
 .text          0x080001b8      0x114 C:/ST/STM32CubeIDE_1.16.1/STM32CubeIDE/plugins/com.st.stm32cube.ide.mcu.externaltools.gnu-tools-for-stm32.12.3.rel1.win32_1.1.0.202410251130/tools/bin/../lib/gcc/arm-none-eabi/12.3.1/thumb/v6-m/nofp\libgcc.a(_udivsi3.o)
                0x080001b8                __aeabi_uidiv
                0x080001b8                __udivsi3
                0x080002c4                __aeabi_uidivmod
 .text          0x080002cc      0x1d4 C:/ST/STM32CubeIDE_1.16.1/STM32CubeIDE/plugins/com.st.stm32cube.ide.mcu.externaltools.gnu-tools-for-stm32.12.3.rel1.win32_1.1.0.202410251130/tools/bin/../lib/gcc/arm-none-eabi/12.3.1/thumb/v6-m/nofp\libgcc.a(_divsi3.o)
                0x080002cc                __divsi3
                0x080002cc                __aeabi_idiv
                0x08000498                __aeabi_idivmod
 .text          0x080004a0        0x4 C:/ST/STM32CubeIDE_1.16.1/STM32CubeIDE/plugins/com.st.stm32cube.ide.mcu.externaltools.gnu-tools-for-stm32.12.3.rel1.win32_1.1.0.202410251130/tools/bin/../lib/gcc/arm-none-eabi/12.3.1/thumb/v6-m/nofp\libgcc.a(_dvmd_tls.o)
                0x080004a0                __aeabi_idiv0
                0x080004a0                __aeabi_ldiv0
 .text          0x080004a4       0x18 C:/ST/STM32CubeIDE_1.16.1/STM32CubeIDE/plugins/com.st.stm32cube.ide.mcu.externaltools.gnu-tools-for-stm32.12.3.rel1.win32_1.1.0.202410251130/tools/bin/../lib/gcc/arm-none-eabi/12.3.1/thumb/v6-m/nofp\libgcc.a(_lshrdi3.o)
                0x080004a4                __lshrdi3
                0x080004a4                __aeabi_llsr
 .text          0x080004bc       0x18 C:/ST/STM32CubeIDE_1.16.1/STM32CubeIDE/plugins/com.st.stm32cube.ide.mcu.externaltools.gnu-tools-for-stm32.12.3.rel1.win32_1.1.0.202410251130/tools/bin/../lib/gcc/arm-none-eabi/12.3.1/thumb/v6-m/nofp\libgcc.a(_ashldi3.o)
                0x080004bc                __aeabi_llsl
                0x080004bc                __ashldi3
 .text          0x080004d4       0x7c C:/ST/STM32CubeIDE_1.16.1/STM32CubeIDE/plugins/com.st.stm32cube.ide.mcu.externaltools.gnu-tools-for-stm32.12.3.rel1.win32_1.1.0.202410251130/tools/bin/../lib/gcc/arm-none-eabi/12.3.1/thumb/v6-m/nofp\libgcc.a(_arm_cmpdf2.o)
                0x080004d4                __aeabi_cdrcmple
                0x080004e4                __aeabi_cdcmple
                0x080004e4                __aeabi_cdcmpeq
                0x080004f4                __aeabi_dcmpeq
                0x08000500                __aeabi_dcmplt
                0x08000514                __aeabi_dcmple
                0x08000528                __aeabi_dcmpgt
                0x0800053c                __aeabi_dcmpge
 .text          0x08000550       0x74 C:/ST/STM32CubeIDE_1.16.1/STM32CubeIDE/plugins/com.st.stm32cube.ide.mcu.externaltools.gnu-tools-for-stm32.12.3.rel1.win32_1.1.0.202410251130/tools/bin/../lib/gcc/arm-none-eabi/12.3.1/thumb/v6-m/nofp\libgcc.a(_arm_cmpsf2.o)
                0x08000550                __aeabi_cfrcmple
                0x08000558                __aeabi_cfcmpeq
                0x08000558                __aeabi_cfcmple
                0x08000568                __aeabi_fcmpeq
                0x08000574                __aeabi_fcmplt
                0x08000588                __aeabi_fcmple
                0x0800059c                __aeabi_fcmpgt
                0x080005b0                __aeabi_fcmpge
 .text          0x080005c4       0x40 C:/ST/STM32CubeIDE_1.16.1/STM32CubeIDE/plugins/com.st.stm32cube.ide.mcu.externaltools.gnu-tools-for-stm32.12.3.rel1.win32_1.1.0.202410251130/tools/bin/../lib/gcc/arm-none-eabi/12.3.1/thumb/v6-m/nofp\libgcc.a(_aeabi_uldivmod.o)
                0x080005c4                __aeabi_uldivmod
 .text          0x08000604       0x5c C:/ST/STM32CubeIDE_1.16.1/STM32CubeIDE/plugins/com.st.stm32cube.ide.mcu.externaltools.gnu-tools-for-stm32.12.3.rel1.win32_1.1.0.202410251130/tools/bin/../lib/gcc/arm-none-eabi/12.3.1/thumb/v6-m/nofp\libgcc.a(_muldi3.o)
                0x08000604                __muldi3
                0x08000604                __aeabi_lmul
 .text          0x08000660       0x30 C:/ST/STM32CubeIDE_1.16.1/STM32CubeIDE/plugins/com.st.stm32cube.ide.mcu.externaltools.gnu-tools-for-stm32.12.3.rel1.win32_1.1.0.202410251130/tools/bin/../lib/gcc/arm-none-eabi/12.3.1/thumb/v6-m/nofp\libgcc.a(_fixunssfsi.o)
                0x08000660                __fixunssfsi
                0x08000660                __aeabi_f2uiz
 .text          0x08000690       0x3c C:/ST/STM32CubeIDE_1.16.1/STM32CubeIDE/plugins/com.st.stm32cube.ide.mcu.externaltools.gnu-tools-for-stm32.12.3.rel1.win32_1.1.0.202410251130/tools/bin/../lib/gcc/arm-none-eabi/12.3.1/thumb/v6-m/nofp\libgcc.a(_fixunsdfsi.o)
                0x08000690                __aeabi_d2uiz
                0x08000690                __fixunsdfsi
 .text          0x080006cc       0x38 C:/ST/STM32CubeIDE_1.16.1/STM32CubeIDE/plugins/com.st.stm32cube.ide.mcu.externaltools.gnu-tools-for-stm32.12.3.rel1.win32_1.1.0.202410251130/tools/bin/../lib/gcc/arm-none-eabi/12.3.1/thumb/v6-m/nofp\libgcc.a(_fixdfdi.o)
                0x080006cc                __fixdfdi
                0x080006cc                __aeabi_d2lz
 .text          0x08000704       0x3c C:/ST/STM32CubeIDE_1.16.1/STM32CubeIDE/plugins/com.st.stm32cube.ide.mcu.externaltools.gnu-tools-for-stm32.12.3.rel1.win32_1.1.0.202410251130/tools/bin/../lib/gcc/arm-none-eabi/12.3.1/thumb/v6-m/nofp\libgcc.a(_fixunsdfdi.o)
                0x08000704                __fixunsdfdi
                0x08000704                __aeabi_d2ulz
 .text          0x08000740       0x2c C:/ST/STM32CubeIDE_1.16.1/STM32CubeIDE/plugins/com.st.stm32cube.ide.mcu.externaltools.gnu-tools-for-stm32.12.3.rel1.win32_1.1.0.202410251130/tools/bin/../lib/gcc/arm-none-eabi/12.3.1/thumb/v6-m/nofp\libgcc.a(_floatdidf.o)
                0x08000740                __aeabi_l2d
                0x08000740                __floatdidf
 .text          0x0800076c      0x198 C:/ST/STM32CubeIDE_1.16.1/STM32CubeIDE/plugins/com.st.stm32cube.ide.mcu.externaltools.gnu-tools-for-stm32.12.3.rel1.win32_1.1.0.202410251130/tools/bin/../lib/gcc/arm-none-eabi/12.3.1/thumb/v6-m/nofp\libgcc.a(_udivmoddi4.o)
                0x0800076c                __udivmoddi4
 .text          0x08000904      0x314 C:/ST/STM32CubeIDE_1.16.1/STM32CubeIDE/plugins/com.st.stm32cube.ide.mcu.externaltools.gnu-tools-for-stm32.12.3.rel1.win32_1.1.0.202410251130/tools/bin/../lib/gcc/arm-none-eabi/12.3.1/thumb/v6-m/nofp\libgcc.a(addsf3.o)
                0x08000904                __aeabi_fadd
 .text          0x08000c18      0x240 C:/ST/STM32CubeIDE_1.16.1/STM32CubeIDE/plugins/com.st.stm32cube.ide.mcu.externaltools.gnu-tools-for-stm32.12.3.rel1.win32_1.1.0.202410251130/tools/bin/../lib/gcc/arm-none-eabi/12.3.1/thumb/v6-m/nofp\libgcc.a(divsf3.o)
                0x08000c18                __aeabi_fdiv
 .text          0x08000e58       0x50 C:/ST/STM32CubeIDE_1.16.1/STM32CubeIDE/plugins/com.st.stm32cube.ide.mcu.externaltools.gnu-tools-for-stm32.12.3.rel1.win32_1.1.0.202410251130/tools/bin/../lib/gcc/arm-none-eabi/12.3.1/thumb/v6-m/nofp\libgcc.a(eqsf2.o)
                0x08000e58                __eqsf2
                0x08000e58                __nesf2
 .text          0x08000ea8       0xa0 C:/ST/STM32CubeIDE_1.16.1/STM32CubeIDE/plugins/com.st.stm32cube.ide.mcu.externaltools.gnu-tools-for-stm32.12.3.rel1.win32_1.1.0.202410251130/tools/bin/../lib/gcc/arm-none-eabi/12.3.1/thumb/v6-m/nofp\libgcc.a(gesf2.o)
                0x08000ea8                __gesf2
                0x08000ea8                __gtsf2
 .text          0x08000f48       0x9c C:/ST/STM32CubeIDE_1.16.1/STM32CubeIDE/plugins/com.st.stm32cube.ide.mcu.externaltools.gnu-tools-for-stm32.12.3.rel1.win32_1.1.0.202410251130/tools/bin/../lib/gcc/arm-none-eabi/12.3.1/thumb/v6-m/nofp\libgcc.a(lesf2.o)
                0x08000f48                __ltsf2
                0x08000f48                __lesf2
 .text          0x08000fe4      0x27c C:/ST/STM32CubeIDE_1.16.1/STM32CubeIDE/plugins/com.st.stm32cube.ide.mcu.externaltools.gnu-tools-for-stm32.12.3.rel1.win32_1.1.0.202410251130/tools/bin/../lib/gcc/arm-none-eabi/12.3.1/thumb/v6-m/nofp\libgcc.a(mulsf3.o)
                0x08000fe4                __aeabi_fmul
 .text          0x08001260      0x348 C:/ST/STM32CubeIDE_1.16.1/STM32CubeIDE/plugins/com.st.stm32cube.ide.mcu.externaltools.gnu-tools-for-stm32.12.3.rel1.win32_1.1.0.202410251130/tools/bin/../lib/gcc/arm-none-eabi/12.3.1/thumb/v6-m/nofp\libgcc.a(subsf3.o)
                0x08001260                __aeabi_fsub
 .text          0x080015a8       0x2c C:/ST/STM32CubeIDE_1.16.1/STM32CubeIDE/plugins/com.st.stm32cube.ide.mcu.externaltools.gnu-tools-for-stm32.12.3.rel1.win32_1.1.0.202410251130/tools/bin/../lib/gcc/arm-none-eabi/12.3.1/thumb/v6-m/nofp\libgcc.a(unordsf2.o)
                0x080015a8                __aeabi_fcmpun
 .text          0x080015d4       0x40 C:/ST/STM32CubeIDE_1.16.1/STM32CubeIDE/plugins/com.st.stm32cube.ide.mcu.externaltools.gnu-tools-for-stm32.12.3.rel1.win32_1.1.0.202410251130/tools/bin/../lib/gcc/arm-none-eabi/12.3.1/thumb/v6-m/nofp\libgcc.a(fixsfsi.o)
                0x080015d4                __aeabi_f2iz
 .text          0x08001614       0x98 C:/ST/STM32CubeIDE_1.16.1/STM32CubeIDE/plugins/com.st.stm32cube.ide.mcu.externaltools.gnu-tools-for-stm32.12.3.rel1.win32_1.1.0.202410251130/tools/bin/../lib/gcc/arm-none-eabi/12.3.1/thumb/v6-m/nofp\libgcc.a(floatsisf.o)
                0x08001614                __aeabi_i2f
 .text          0x080016ac       0x84 C:/ST/STM32CubeIDE_1.16.1/STM32CubeIDE/plugins/com.st.stm32cube.ide.mcu.externaltools.gnu-tools-for-stm32.12.3.rel1.win32_1.1.0.202410251130/tools/bin/../lib/gcc/arm-none-eabi/12.3.1/thumb/v6-m/nofp\libgcc.a(floatunsisf.o)
                0x080016ac                __aeabi_ui2f
 .text          0x08001730      0x6c8 C:/ST/STM32CubeIDE_1.16.1/STM32CubeIDE/plugins/com.st.stm32cube.ide.mcu.externaltools.gnu-tools-for-stm32.12.3.rel1.win32_1.1.0.202410251130/tools/bin/../lib/gcc/arm-none-eabi/12.3.1/thumb/v6-m/nofp\libgcc.a(adddf3.o)
                0x08001730                __aeabi_dadd
 .text          0x08001df8      0x634 C:/ST/STM32CubeIDE_1.16.1/STM32CubeIDE/plugins/com.st.stm32cube.ide.mcu.externaltools.gnu-tools-for-stm32.12.3.rel1.win32_1.1.0.202410251130/tools/bin/../lib/gcc/arm-none-eabi/12.3.1/thumb/v6-m/nofp\libgcc.a(divdf3.o)
                0x08001df8                __aeabi_ddiv
 .text          0x0800242c       0x88 C:/ST/STM32CubeIDE_1.16.1/STM32CubeIDE/plugins/com.st.stm32cube.ide.mcu.externaltools.gnu-tools-for-stm32.12.3.rel1.win32_1.1.0.202410251130/tools/bin/../lib/gcc/arm-none-eabi/12.3.1/thumb/v6-m/nofp\libgcc.a(eqdf2.o)
                0x0800242c                __nedf2
                0x0800242c                __eqdf2
 .text          0x080024b4       0xe8 C:/ST/STM32CubeIDE_1.16.1/STM32CubeIDE/plugins/com.st.stm32cube.ide.mcu.externaltools.gnu-tools-for-stm32.12.3.rel1.win32_1.1.0.202410251130/tools/bin/../lib/gcc/arm-none-eabi/12.3.1/thumb/v6-m/nofp\libgcc.a(gedf2.o)
                0x080024b4                __gedf2
                0x080024b4                __gtdf2
 .text          0x0800259c       0xe4 C:/ST/STM32CubeIDE_1.16.1/STM32CubeIDE/plugins/com.st.stm32cube.ide.mcu.externaltools.gnu-tools-for-stm32.12.3.rel1.win32_1.1.0.202410251130/tools/bin/../lib/gcc/arm-none-eabi/12.3.1/thumb/v6-m/nofp\libgcc.a(ledf2.o)
                0x0800259c                __ledf2
                0x0800259c                __ltdf2
 .text          0x08002680      0x590 C:/ST/STM32CubeIDE_1.16.1/STM32CubeIDE/plugins/com.st.stm32cube.ide.mcu.externaltools.gnu-tools-for-stm32.12.3.rel1.win32_1.1.0.202410251130/tools/bin/../lib/gcc/arm-none-eabi/12.3.1/thumb/v6-m/nofp\libgcc.a(muldf3.o)
                0x08002680                __aeabi_dmul
 .text          0x08002c10      0x738 C:/ST/STM32CubeIDE_1.16.1/STM32CubeIDE/plugins/com.st.stm32cube.ide.mcu.externaltools.gnu-tools-for-stm32.12.3.rel1.win32_1.1.0.202410251130/tools/bin/../lib/gcc/arm-none-eabi/12.3.1/thumb/v6-m/nofp\libgcc.a(subdf3.o)
                0x08002c10                __aeabi_dsub
 .text          0x08003348       0x44 C:/ST/STM32CubeIDE_1.16.1/STM32CubeIDE/plugins/com.st.stm32cube.ide.mcu.externaltools.gnu-tools-for-stm32.12.3.rel1.win32_1.1.0.202410251130/tools/bin/../lib/gcc/arm-none-eabi/12.3.1/thumb/v6-m/nofp\libgcc.a(unorddf2.o)
                0x08003348                __aeabi_dcmpun
 .text          0x0800338c       0x78 C:/ST/STM32CubeIDE_1.16.1/STM32CubeIDE/plugins/com.st.stm32cube.ide.mcu.externaltools.gnu-tools-for-stm32.12.3.rel1.win32_1.1.0.202410251130/tools/bin/../lib/gcc/arm-none-eabi/12.3.1/thumb/v6-m/nofp\libgcc.a(fixdfsi.o)
                0x0800338c                __aeabi_d2iz
 .text          0x08003404       0x5c C:/ST/STM32CubeIDE_1.16.1/STM32CubeIDE/plugins/com.st.stm32cube.ide.mcu.externaltools.gnu-tools-for-stm32.12.3.rel1.win32_1.1.0.202410251130/tools/bin/../lib/gcc/arm-none-eabi/12.3.1/thumb/v6-m/nofp\libgcc.a(floatsidf.o)
                0x08003404                __aeabi_i2d
 .text          0x08003460       0x48 C:/ST/STM32CubeIDE_1.16.1/STM32CubeIDE/plugins/com.st.stm32cube.ide.mcu.externaltools.gnu-tools-for-stm32.12.3.rel1.win32_1.1.0.202410251130/tools/bin/../lib/gcc/arm-none-eabi/12.3.1/thumb/v6-m/nofp\libgcc.a(floatunsidf.o)
                0x08003460                __aeabi_ui2d
 .text          0x080034a8       0x90 C:/ST/STM32CubeIDE_1.16.1/STM32CubeIDE/plugins/com.st.stm32cube.ide.mcu.externaltools.gnu-tools-for-stm32.12.3.rel1.win32_1.1.0.202410251130/tools/bin/../lib/gcc/arm-none-eabi/12.3.1/thumb/v6-m/nofp\libgcc.a(extendsfdf2.o)
                0x080034a8                __aeabi_f2d
 .text          0x08003538      0x108 C:/ST/STM32CubeIDE_1.16.1/STM32CubeIDE/plugins/com.st.stm32cube.ide.mcu.externaltools.gnu-tools-for-stm32.12.3.rel1.win32_1.1.0.202410251130/tools/bin/../lib/gcc/arm-none-eabi/12.3.1/thumb/v6-m/nofp\libgcc.a(truncdfsf2.o)
                0x08003538                __aeabi_d2f
 .text          0x08003640       0x3c C:/ST/STM32CubeIDE_1.16.1/STM32CubeIDE/plugins/com.st.stm32cube.ide.mcu.externaltools.gnu-tools-for-stm32.12.3.rel1.win32_1.1.0.202410251130/tools/bin/../lib/gcc/arm-none-eabi/12.3.1/thumb/v6-m/nofp\libgcc.a(_clzsi2.o)
                0x08003640                __clzsi2
 .text          0x0800367c       0x18 C:/ST/STM32CubeIDE_1.16.1/STM32CubeIDE/plugins/com.st.stm32cube.ide.mcu.externaltools.gnu-tools-for-stm32.12.3.rel1.win32_1.1.0.202410251130/tools/bin/../lib/gcc/arm-none-eabi/12.3.1/thumb/v6-m/nofp\libgcc.a(_clzdi2.o)
                0x0800367c                __clzdi2
 *(.text*)
 .text.ESP_Send
                0x08003694       0x40 ./Core/Src/ESP.o
 .text.ESP_Receive.constprop.0
                0x080036d4      0x114 ./Core/Src/ESP.o
 .text.forceNTPupdate
                0x080037e8        0xc ./Core/Src/ESP.o
                0x080037e8                forceNTPupdate
 .text.setESPTimeStamp
                0x080037f4       0x14 ./Core/Src/ESP.o
                0x080037f4                setESPTimeStamp
 .text.setCharges
                0x08003808       0x30 ./Core/Src/ESP.o
                0x08003808                setCharges
 .text.checkEEprom
                0x08003838       0x34 ./Core/Src/ESP.o
                0x08003838                checkEEprom
 .text.checkName
                0x0800386c       0x34 ./Core/Src/ESP.o
                0x0800386c                checkName
 .text.setHIDS  0x080038a0        0xc ./Core/Src/ESP.o
                0x080038a0                setHIDS
 .text.setVOC   0x080038ac       0x14 ./Core/Src/ESP.o
                0x080038ac                setVOC
 .text.sethPa   0x080038c0       0x1c ./Core/Src/ESP.o
                0x080038c0                sethPa
 .text.setMic   0x080038dc       0x10 ./Core/Src/ESP.o
                0x080038dc                setMic
 .text.setPM2p5
                0x080038ec       0x28 ./Core/Src/ESP.o
                0x080038ec                setPM2p5
 .text.setPM10  0x08003914       0x28 ./Core/Src/ESP.o
                0x08003914                setPM10
 .text.setNOx   0x0800393c       0x14 ./Core/Src/ESP.o
                0x0800393c                setNOx
 .text.resetMaxMeasurementValues
                0x08003950       0x24 ./Core/Src/ESP.o
                0x08003950                resetMaxMeasurementValues
 .text.SetConfigMode
                0x08003974       0x30 ./Core/Src/ESP.o
                0x08003974                SetConfigMode
 .text.GetReconfigMode
                0x080039a4        0xc ./Core/Src/ESP.o
                0x080039a4                GetReconfigMode
 .text.ESP_GetUID
                0x080039b0       0x1c ./Core/Src/ESP.o
                0x080039b0                ESP_GetUID
 .text.ESP_Init
                0x080039cc       0x28 ./Core/Src/ESP.o
                0x080039cc                ESP_Init
 .text.HAL_UART_ErrorCallback
                0x080039f4       0xb0 ./Core/Src/ESP.o
                0x080039f4                HAL_UART_ErrorCallback
 .text.uint8ArrayToString
                0x08003aa4       0x20 ./Core/Src/ESP.o
                0x08003aa4                uint8ArrayToString
 .text.CreateMessage
                0x08003ac4      0x478 ./Core/Src/ESP.o
                0x08003ac4                CreateMessage
 .text.StartProg
                0x08003f3c       0x54 ./Core/Src/ESP.o
                0x08003f3c                StartProg
 .text.ParseBuffer
                0x08003f90      0x194 ./Core/Src/ESP.o
                0x08003f90                ParseBuffer
 .text.PollAwake
                0x08004124       0x10 ./Core/Src/ESP.o
                0x08004124                PollAwake
 .text.RFPower  0x08004134       0x10 ./Core/Src/ESP.o
                0x08004134                RFPower
 .text.CheckRFPower
                0x08004144       0x10 ./Core/Src/ESP.o
                0x08004144                CheckRFPower
 .text.ATRestore
                0x08004154       0x10 ./Core/Src/ESP.o
                0x08004154                ATRestore
 .text.CWINIT   0x08004164       0x10 ./Core/Src/ESP.o
                0x08004164                CWINIT
 .text.CWMODE1  0x08004174       0x10 ./Core/Src/ESP.o
                0x08004174                CWMODE1
 .text.CWMODE2  0x08004184       0x10 ./Core/Src/ESP.o
                0x08004184                CWMODE2
 .text.CWAUTOCONN
                0x08004194       0x10 ./Core/Src/ESP.o
                0x08004194                CWAUTOCONN
 .text.CWJAP    0x080041a4       0x6c ./Core/Src/ESP.o
                0x080041a4                CWJAP
 .text.CWMODE3  0x08004210       0x10 ./Core/Src/ESP.o
                0x08004210                CWMODE3
 .text.CWSTATE  0x08004220       0x10 ./Core/Src/ESP.o
                0x08004220                CWSTATE
 .text.CWSAP    0x08004230       0x10 ./Core/Src/ESP.o
                0x08004230                CWSAP
 .text.CIPMUX   0x08004240       0x10 ./Core/Src/ESP.o
                0x08004240                CIPMUX
 .text.WEBSERVER
                0x08004250       0x10 ./Core/Src/ESP.o
                0x08004250                WEBSERVER
 .text.HTTPCPOST
                0x08004260       0xa8 ./Core/Src/ESP.o
                0x08004260                HTTPCPOST
 .text.SENDDATA
                0x08004308       0x3c ./Core/Src/ESP.o
                0x08004308                SENDDATA
 .text.SLEEP    0x08004344       0x10 ./Core/Src/ESP.o
                0x08004344                SLEEP
 .text.CIPSNTPCFG
                0x08004354       0x20 ./Core/Src/ESP.o
                0x08004354                CIPSNTPCFG
 .text.CIPSNTPTIME
                0x08004374       0x10 ./Core/Src/ESP.o
                0x08004374                CIPSNTPTIME
 .text.CIPSNTPINTV
                0x08004384       0x10 ./Core/Src/ESP.o
                0x08004384                CIPSNTPINTV
 .text.DMA_ProcessBuffer
                0x08004394       0xe4 ./Core/Src/ESP.o
                0x08004394                DMA_ProcessBuffer
 .text.clearDMABuffer
                0x08004478       0x14 ./Core/Src/ESP.o
                0x08004478                clearDMABuffer
 .text.ATCompare
                0x0800448c       0x28 ./Core/Src/ESP.o
                0x0800448c                ATCompare
 .text.AT_Send  0x080044b4      0x1d4 ./Core/Src/ESP.o
                0x080044b4                AT_Send
 .text.ESP_WakeTest
                0x08004688      0x180 ./Core/Src/ESP.o
                0x08004688                ESP_WakeTest
 .text.ESP_Upkeep
                0x08004808      0x6bc ./Core/Src/ESP.o
                0x08004808                ESP_Upkeep
 .text.WriteI2CMem
                0x08004ec4       0x28 ./Core/Src/I2CSensors.o
 .text.ReadI2CMem
                0x08004eec       0x2c ./Core/Src/I2CSensors.o
 .text.WriteI2C
                0x08004f18       0x20 ./Core/Src/I2CSensors.o
 .text.ReadI2C  0x08004f38       0x20 ./Core/Src/I2CSensors.o
 .text.I2CSensors_Init
                0x08004f58       0x40 ./Core/Src/I2CSensors.o
                0x08004f58                I2CSensors_Init
 .text.CRC16_ARC
                0x08004f98       0x30 ./Core/Src/PC_Config.o
 .text.ProcessCmd
                0x08004fc8      0x130 ./Core/Src/PC_Config.o
                0x08004fc8                ProcessCmd
 .text.Create_Message
                0x080050f8       0x38 ./Core/Src/PC_Config.o
                0x080050f8                Create_Message
 .text.Process_PC_Config
                0x08005130       0xbc ./Core/Src/PC_Config.o
                0x08005130                Process_PC_Config
 .text.printf_USB
                0x080051ec       0x28 ./Core/Src/PC_Config.o
                0x080051ec                printf_USB
 .text.PC_selectout
                0x08005214       0x1a ./Core/Src/PC_Config.o
                0x08005214                PC_selectout
 *fill*         0x0800522e        0x2 
 .text.PC_show_Keys
                0x08005230      0x328 ./Core/Src/PC_Config.o
                0x08005230                PC_show_Keys
 .text.Process_USB_input
                0x08005558      0x1dc ./Core/Src/PC_Config.o
                0x08005558                Process_USB_input
 .text.ReadBatteryVoltage
                0x08005734       0x8c ./Core/Src/PowerUtils.o
                0x08005734                ReadBatteryVoltage
 .text.ReadSolarVoltage
                0x080057c0       0x80 ./Core/Src/PowerUtils.o
                0x080057c0                ReadSolarVoltage
 .text.Check_USB_PowerOn
                0x08005840       0x14 ./Core/Src/PowerUtils.o
                0x08005840                Check_USB_PowerOn
 .text.BootButton_Pressed
                0x08005854       0x16 ./Core/Src/PowerUtils.o
                0x08005854                BootButton_Pressed
 *fill*         0x0800586a        0x2 
 .text.UserButton_Pressed
                0x0800586c       0x18 ./Core/Src/PowerUtils.o
                0x0800586c                UserButton_Pressed
 .text.aBuff2int
                0x08005884       0x70 ./Core/Src/RealTimeClock.o
                0x08005884                aBuff2int
 .text.RTC_SetTime
                0x080058f4       0x30 ./Core/Src/RealTimeClock.o
                0x080058f4                RTC_SetTime
 .text.RTC_SetDate
                0x08005924       0x60 ./Core/Src/RealTimeClock.o
                0x08005924                RTC_SetDate
 .text.RTC_GetTime
                0x08005984       0x78 ./Core/Src/RealTimeClock.o
                0x08005984                RTC_GetTime
 .text.RTC_GetWeekday
                0x080059fc       0x12 ./Core/Src/RealTimeClock.o
                0x080059fc                RTC_GetWeekday
 *fill*         0x08005a0e        0x2 
 .text.RTC_SetWakeUpTimer
                0x08005a10       0x38 ./Core/Src/RealTimeClock.o
                0x08005a10                RTC_SetWakeUpTimer
 .text.Enter_Standby_Mode
                0x08005a48       0x34 ./Core/Src/RealTimeClock.o
                0x08005a48                Enter_Standby_Mode
 .text.InitClock
                0x08005a7c        0xc ./Core/Src/RealTimeClock.o
                0x08005a7c                InitClock
 .text.makeTime
                0x08005a88       0xdc ./Core/Src/RealTimeClock.o
                0x08005a88                makeTime
 .text.UpdateSystemUptime
                0x08005b64       0x60 ./Core/Src/RealTimeClock.o
                0x08005b64                UpdateSystemUptime
 .text.showTime
                0x08005bc4       0x64 ./Core/Src/RealTimeClock.o
                0x08005bc4                showTime
 .text.ParseTime
                0x08005c28       0xcc ./Core/Src/RealTimeClock.o
                0x08005c28                ParseTime
 .text.getPosixTime
                0x08005cf4       0x16 ./Core/Src/RealTimeClock.o
                0x08005cf4                getPosixTime
 *fill*         0x08005d0a        0x2 
 .text.breakPosixTime
                0x08005d0c      0x144 ./Core/Src/RealTimeClock.o
                0x08005d0c                breakPosixTime
 .text.getUTCfromPosixTime
                0x08005e50       0x38 ./Core/Src/RealTimeClock.o
                0x08005e50                getUTCfromPosixTime
 .text.Enter_Stop_Mode
                0x08005e88      0x140 ./Core/Src/RealTimeClock.o
                0x08005e88                Enter_Stop_Mode
 .text.MX_ADC_Init
                0x08005fc8       0x94 ./Core/Src/adc.o
                0x08005fc8                MX_ADC_Init
 .text.HAL_ADC_MspInit
                0x0800605c       0x54 ./Core/Src/adc.o
                0x0800605c                HAL_ADC_MspInit
 .text.CalculateCRC.constprop.0
                0x080060b0       0x34 ./Core/Src/aht20.o
 .text.WriteRegister.constprop.0
                0x080060e4       0x1c ./Core/Src/aht20.o
 .text.setAHT20TimeStamp
                0x08006100       0x14 ./Core/Src/aht20.o
                0x08006100                setAHT20TimeStamp
 .text.AHT_Init
                0x08006114       0x14 ./Core/Src/aht20.o
                0x08006114                AHT_Init
 .text.AHT20_init
                0x08006128       0x20 ./Core/Src/aht20.o
                0x08006128                AHT20_init
 .text.AHT20_calibration_start
                0x08006148       0x38 ./Core/Src/aht20.o
                0x08006148                AHT20_calibration_start
 .text.AHT20_calibration_complete
                0x08006180       0x60 ./Core/Src/aht20.o
                0x08006180                AHT20_calibration_complete
 .text.AHT20_DeviceConnected
                0x080061e0       0x30 ./Core/Src/aht20.o
                0x080061e0                AHT20_DeviceConnected
 .text.AHT20_StartMeasurement
                0x08006210       0x38 ./Core/Src/aht20.o
                0x08006210                AHT20_StartMeasurement
 .text.AHT20_GetMeasurementValues
                0x08006248       0x30 ./Core/Src/aht20.o
                0x08006248                AHT20_GetMeasurementValues
 .text.AHT20_Calculate
                0x08006278       0xf8 ./Core/Src/aht20.o
                0x08006278                AHT20_Calculate
 .text.AHT20_reset
                0x08006370       0x28 ./Core/Src/aht20.o
                0x08006370                AHT20_reset
 .text.AHT_Upkeep
                0x08006398      0x148 ./Core/Src/aht20.o
                0x08006398                AHT_Upkeep
 .text.ReadMemRegister.constprop.0
                0x080064e0       0x28 ./Core/Src/bmp280.o
 .text.WriteMemRegister.constprop.0
                0x08006508       0x28 ./Core/Src/bmp280.o
 .text.BMP280_reset
                0x08006530       0x2c ./Core/Src/bmp280.o
 .text.setBMP280TimeStamp
                0x0800655c       0x14 ./Core/Src/bmp280.o
                0x0800655c                setBMP280TimeStamp
 .text.BMP280_DeviceConnected
                0x08006570      0x280 ./Core/Src/bmp280.o
                0x08006570                BMP280_DeviceConnected
 .text.BMP_Init
                0x080067f0       0x14 ./Core/Src/bmp280.o
                0x080067f0                BMP_Init
 .text.BMP_Upkeep
                0x08006804      0x428 ./Core/Src/bmp280.o
                0x08006804                BMP_Upkeep
 .text.MX_DMA_Init
                0x08006c2c       0x3c ./Core/Src/dma.o
                0x08006c2c                MX_DMA_Init
 .text.WriteUint8ArrayEeprom
                0x08006c68       0x34 ./Core/Src/eeprom.o
                0x08006c68                WriteUint8ArrayEeprom
 .text.WriteUint8ArrayEepromSafe
                0x08006c9c        0xc ./Core/Src/eeprom.o
                0x08006c9c                WriteUint8ArrayEepromSafe
 .text.ReadUint8ArrayEEprom
                0x08006ca8       0x14 ./Core/Src/eeprom.o
                0x08006ca8                ReadUint8ArrayEEprom
 .text.ClearEEprom
                0x08006cbc       0x22 ./Core/Src/eeprom.o
                0x08006cbc                ClearEEprom
 .text.correctIntFracNumber
                0x08006cde       0x52 ./Core/Src/efficient_10log10.o
                0x08006cde                correctIntFracNumber
 .text.efficient10log10
                0x08006d30       0x58 ./Core/Src/efficient_10log10.o
                0x08006d30                efficient10log10
 .text.MX_GPIO_Init
                0x08006d88      0x198 ./Core/Src/gpio.o
                0x08006d88                MX_GPIO_Init
 .text.GPIO_InitPWMLEDs
                0x08006f20       0x54 ./Core/Src/gpio.o
                0x08006f20                GPIO_InitPWMLEDs
 .text.GPIO_PrepareForStandbyMode
                0x08006f74       0x22 ./Core/Src/gpio.o
                0x08006f74                GPIO_PrepareForStandbyMode
 *fill*         0x08006f96        0x2 
 .text.MX_I2C1_Init
                0x08006f98       0x5c ./Core/Src/i2c.o
                0x08006f98                MX_I2C1_Init
 .text.MX_I2C2_Init
                0x08006ff4       0x5c ./Core/Src/i2c.o
                0x08006ff4                MX_I2C2_Init
 .text.HAL_I2C_MspInit
                0x08007050      0x11c ./Core/Src/i2c.o
                0x08007050                HAL_I2C_MspInit
 .text.MX_I2S2_Init
                0x0800716c       0x38 ./Core/Src/i2s.o
                0x0800716c                MX_I2S2_Init
 .text.HAL_I2S_MspInit
                0x080071a4       0x90 ./Core/Src/i2s.o
                0x080071a4                HAL_I2S_MspInit
 .text.SetTestDone
                0x08007234       0x50 ./Core/Src/main.o
                0x08007234                SetTestDone
 .text.FlashLEDs
                0x08007284       0x44 ./Core/Src/main.o
                0x08007284                FlashLEDs
 .text.check_cli_command
                0x080072c8       0xf8 ./Core/Src/main.o
                0x080072c8                check_cli_command
 .text.HAL_UART_RxCpltCallback
                0x080073c0       0x24 ./Core/Src/main.o
                0x080073c0                HAL_UART_RxCpltCallback
 .text.HAL_GPIO_EXTI_Callback
                0x080073e4       0x28 ./Core/Src/main.o
                0x080073e4                HAL_GPIO_EXTI_Callback
 .text.Error_Handler
                0x0800740c       0x28 ./Core/Src/main.o
                0x0800740c                Error_Handler
 .text.SystemClock_Config
                0x08007434       0xb0 ./Core/Src/main.o
                0x08007434                SystemClock_Config
 .text.startup.main
                0x080074e4      0x32c ./Core/Src/main.o
                0x080074e4                main
 .text.testInit
                0x08007810       0x2c ./Core/Src/measurement.o
                0x08007810                testInit
 .text.GetPMSensorPresence
                0x0800783c        0xc ./Core/Src/measurement.o
                0x0800783c                GetPMSensorPresence
 .text.DisablePMSensor
                0x08007848        0xc ./Core/Src/measurement.o
                0x08007848                DisablePMSensor
 .text.IsBMP280SensorPresent
                0x08007854        0xc ./Core/Src/measurement.o
                0x08007854                IsBMP280SensorPresent
 .text.IsSGPPresent
                0x08007860        0xc ./Core/Src/measurement.o
                0x08007860                IsSGPPresent
 .text.SetVOCSensorDIS_ENA
                0x0800786c       0x38 ./Core/Src/measurement.o
                0x0800786c                SetVOCSensorDIS_ENA
 .text.IsPMSensorEnabled
                0x080078a4        0xc ./Core/Src/measurement.o
                0x080078a4                IsPMSensorEnabled
 .text.SetVOCSensorStatus
                0x080078b0       0x18 ./Core/Src/measurement.o
                0x080078b0                SetVOCSensorStatus
 .text.SetPMSensorStatus
                0x080078c8        0xc ./Core/Src/measurement.o
                0x080078c8                SetPMSensorStatus
 .text.SetESPMeasurementDone
                0x080078d4        0xc ./Core/Src/measurement.o
                0x080078d4                SetESPMeasurementDone
 .text.Device_Init
                0x080078e0      0x290 ./Core/Src/measurement.o
                0x080078e0                Device_Init
 .text.Device_Test
                0x08007b70       0xcc ./Core/Src/measurement.o
                0x08007b70                Device_Test
 .text.AllDevicesReady
                0x08007c3c       0xc0 ./Core/Src/measurement.o
                0x08007c3c                AllDevicesReady
 .text.EnabledConnectedDevices
                0x08007cfc       0x5c ./Core/Src/measurement.o
                0x08007cfc                EnabledConnectedDevices
 .text.DisableConnectedDevices
                0x08007d58       0x2c ./Core/Src/measurement.o
                0x08007d58                DisableConnectedDevices
 .text.setSensorLock
                0x08007d84        0xc ./Core/Src/measurement.o
                0x08007d84                setSensorLock
 .text.getSensorLock
                0x08007d90        0xc ./Core/Src/measurement.o
                0x08007d90                getSensorLock
 .text.UpkeepI2Csensors
                0x08007d9c       0x54 ./Core/Src/measurement.o
                0x08007d9c                UpkeepI2Csensors
 .text.ResetdBAmax
                0x08007df0        0xc ./Core/Src/microphone.o
                0x08007df0                ResetdBAmax
 .text.setMICTimeStamp
                0x08007dfc       0x14 ./Core/Src/microphone.o
                0x08007dfc                setMICTimeStamp
 .text.ResetDBACalculator
                0x08007e10       0x20 ./Core/Src/microphone.o
                0x08007e10                ResetDBACalculator
 .text.MIC_Print
                0x08007e30      0x22c ./Core/Src/microphone.o
                0x08007e30                MIC_Print
 .text.MIC_TestMeasurementDone
                0x0800805c       0x4c ./Core/Src/microphone.o
                0x0800805c                MIC_TestMeasurementDone
 .text.Mic_Upkeep
                0x080080a8      0x174 ./Core/Src/microphone.o
                0x080080a8                Mic_Upkeep
 .text.MX_RTC_Init
                0x0800821c       0x90 ./Core/Src/rtc.o
                0x0800821c                MX_RTC_Init
 .text.HAL_RTC_MspInit
                0x080082ac       0x30 ./Core/Src/rtc.o
                0x080082ac                HAL_RTC_MspInit
 .text.sen5x_Get_sen5x_enable_state
                0x080082dc        0xc ./Core/Src/sen5x.o
                0x080082dc                sen5x_Get_sen5x_enable_state
 .text.sen5x_Set_sen5x_state
                0x080082e8        0xc ./Core/Src/sen5x.o
                0x080082e8                sen5x_Set_sen5x_state
 .text.setsen5xReadTimer
                0x080082f4       0x14 ./Core/Src/sen5x.o
                0x080082f4                setsen5xReadTimer
 .text.setsen5xSamplecounter
                0x08008308        0xc ./Core/Src/sen5x.o
                0x08008308                setsen5xSamplecounter
 .text.sen5x_enable
                0x08008314       0x7c ./Core/Src/sen5x.o
                0x08008314                sen5x_enable
 .text.sen5x_Power_On
                0x08008390       0x54 ./Core/Src/sen5x.o
                0x08008390                sen5x_Power_On
 .text.sen5x_Power_Off
                0x080083e4       0x48 ./Core/Src/sen5x.o
                0x080083e4                sen5x_Power_Off
 .text.reset_fanCleaningDone
                0x0800842c        0xc ./Core/Src/sen5x.o
                0x0800842c                reset_fanCleaningDone
 .text.probe_sen5x
                0x08008438      0x118 ./Core/Src/sen5x.o
                0x08008438                probe_sen5x
 .text.sen5x_lightup_measurement
                0x08008550       0x6c ./Core/Src/sen5x.o
                0x08008550                sen5x_lightup_measurement
 .text.sen5x_extinguish_measurement
                0x080085bc       0x78 ./Core/Src/sen5x.o
                0x080085bc                sen5x_extinguish_measurement
 .text.sen5x_read_measurement
                0x08008634       0x5c ./Core/Src/sen5x.o
                0x08008634                sen5x_read_measurement
 .text.sen5x_printvalues
                0x08008690      0x128 ./Core/Src/sen5x.o
                0x08008690                sen5x_printvalues
 .text.sen5xStore
                0x080087b8       0x88 ./Core/Src/sen5x.o
                0x080087b8                sen5xStore
 .text.sensirion_i2c_hal_read
                0x08008840       0x1c ./Core/Src/sen5x.o
                0x08008840                sensirion_i2c_hal_read
 .text.sensirion_i2c_hal_write
                0x0800885c       0x1c ./Core/Src/sen5x.o
                0x0800885c                sensirion_i2c_hal_write
 .text.sensirion_i2c_hal_sleep_usec
                0x08008878       0x26 ./Core/Src/sen5x.o
                0x08008878                sensirion_i2c_hal_sleep_usec
 *fill*         0x0800889e        0x2 
 .text.sen5x_check_for_errors
                0x080088a0       0xa4 ./Core/Src/sen5x.o
                0x080088a0                sen5x_check_for_errors
 .text.set_light_on_state
                0x08008944       0x60 ./Core/Src/sen5x.o
                0x08008944                set_light_on_state
 .text.sen5x_statemachine
                0x080089a4      0x1f0 ./Core/Src/sen5x.o
                0x080089a4                sen5x_statemachine
 .text.sen5x_start_measurement
                0x08008b94       0x28 ./Core/Src/sen5x_i2c.o
                0x08008b94                sen5x_start_measurement
 .text.sen5x_start_measurement_without_pm
                0x08008bbc       0x28 ./Core/Src/sen5x_i2c.o
                0x08008bbc                sen5x_start_measurement_without_pm
 .text.sen5x_stop_measurement
                0x08008be4       0x2c ./Core/Src/sen5x_i2c.o
                0x08008be4                sen5x_stop_measurement
 .text.sen5x_read_data_ready
                0x08008c10       0x44 ./Core/Src/sen5x_i2c.o
                0x08008c10                sen5x_read_data_ready
 .text.sen5x_read_measured_values
                0x08008c54       0x9c ./Core/Src/sen5x_i2c.o
                0x08008c54                sen5x_read_measured_values
 .text.sen5x_start_fan_cleaning
                0x08008cf0       0x2c ./Core/Src/sen5x_i2c.o
                0x08008cf0                sen5x_start_fan_cleaning
 .text.sen5x_set_temperature_offset_parameters
                0x08008d1c       0x54 ./Core/Src/sen5x_i2c.o
                0x08008d1c                sen5x_set_temperature_offset_parameters
 .text.sen5x_get_product_name
                0x08008d70       0x4c ./Core/Src/sen5x_i2c.o
                0x08008d70                sen5x_get_product_name
 .text.sen5x_get_serial_number
                0x08008dbc       0x4c ./Core/Src/sen5x_i2c.o
                0x08008dbc                sen5x_get_serial_number
 .text.sen5x_get_version
                0x08008e08       0x6c ./Core/Src/sen5x_i2c.o
                0x08008e08                sen5x_get_version
 .text.sen5x_read_device_status
                0x08008e74       0x44 ./Core/Src/sen5x_i2c.o
                0x08008e74                sen5x_read_device_status
 .text.sen5x_device_reset
                0x08008eb8       0x2c ./Core/Src/sen5x_i2c.o
                0x08008eb8                sen5x_device_reset
 .text.sensirion_common_bytes_to_uint16_t
                0x08008ee4        0xe ./Core/Src/sensirion_common.o
                0x08008ee4                sensirion_common_bytes_to_uint16_t
 .text.sensirion_common_bytes_to_uint32_t
                0x08008ef2       0x18 ./Core/Src/sensirion_common.o
                0x08008ef2                sensirion_common_bytes_to_uint32_t
 .text.sensirion_common_bytes_to_int16_t
                0x08008f0a        0xc ./Core/Src/sensirion_common.o
                0x08008f0a                sensirion_common_bytes_to_int16_t
 .text.sensirion_common_copy_bytes
                0x08008f16       0x14 ./Core/Src/sensirion_common.o
                0x08008f16                sensirion_common_copy_bytes
 *fill*         0x08008f2a        0x2 
 .text.GasIndexAlgorithm__init_instances
                0x08008f2c      0x13c ./Core/Src/sensirion_gas_index_algorithm.o
 .text.GasIndexAlgorithm__mean_variance_estimator___sigmoid__process
                0x08009068       0x58 ./Core/Src/sensirion_gas_index_algorithm.o
 .text.GasIndexAlgorithm_reset
                0x080090c0       0x10 ./Core/Src/sensirion_gas_index_algorithm.o
                0x080090c0                GasIndexAlgorithm_reset
 .text.GasIndexAlgorithm_init_with_sampling_interval
                0x080090d0       0x84 ./Core/Src/sensirion_gas_index_algorithm.o
                0x080090d0                GasIndexAlgorithm_init_with_sampling_interval
 .text.GasIndexAlgorithm_init
                0x08009154       0x10 ./Core/Src/sensirion_gas_index_algorithm.o
                0x08009154                GasIndexAlgorithm_init
 .text.GasIndexAlgorithm_process
                0x08009164      0x560 ./Core/Src/sensirion_gas_index_algorithm.o
                0x08009164                GasIndexAlgorithm_process
 .text.sensirion_i2c_generate_crc
                0x080096c4       0x36 ./Core/Src/sensirion_i2c.o
                0x080096c4                sensirion_i2c_generate_crc
 .text.sensirion_i2c_check_crc
                0x080096fa       0x12 ./Core/Src/sensirion_i2c.o
                0x080096fa                sensirion_i2c_check_crc
 .text.sensirion_i2c_add_command_to_buffer
                0x0800970c       0x10 ./Core/Src/sensirion_i2c.o
                0x0800970c                sensirion_i2c_add_command_to_buffer
 .text.sensirion_i2c_add_uint16_t_to_buffer
                0x0800971c       0x26 ./Core/Src/sensirion_i2c.o
                0x0800971c                sensirion_i2c_add_uint16_t_to_buffer
 .text.sensirion_i2c_add_int16_t_to_buffer
                0x08009742        0xa ./Core/Src/sensirion_i2c.o
                0x08009742                sensirion_i2c_add_int16_t_to_buffer
 .text.sensirion_i2c_write_data
                0x0800974c        0x8 ./Core/Src/sensirion_i2c.o
                0x0800974c                sensirion_i2c_write_data
 .text.sensirion_i2c_read_data_inplace
                0x08009754       0x5e ./Core/Src/sensirion_i2c.o
                0x08009754                sensirion_i2c_read_data_inplace
 .text.CalculateCRC.constprop.0
                0x080097b2       0x4c ./Core/Src/sgp40.o
 *fill*         0x080097fe        0x2 
 .text.CheckCRC.constprop.0
                0x08009800       0x4c ./Core/Src/sgp40.o
 .text.WriteRegister.constprop.0
                0x0800984c       0x18 ./Core/Src/sgp40.o
 .text.ReadRegister.constprop.0
                0x08009864       0x1c ./Core/Src/sgp40.o
 .text.setSGP40TimeStamp
                0x08009880       0x14 ./Core/Src/sgp40.o
                0x08009880                setSGP40TimeStamp
 .text.ResetSGP40samplecounter
                0x08009894        0xc ./Core/Src/sgp40.o
                0x08009894                ResetSGP40samplecounter
 .text.SGP_Init
                0x080098a0       0x20 ./Core/Src/sgp40.o
                0x080098a0                SGP_Init
 .text.SetSGP40_GasIndexAlgorithm_Sampling_Interval
                0x080098c0       0x24 ./Core/Src/sgp40.o
                0x080098c0                SetSGP40_GasIndexAlgorithm_Sampling_Interval
 .text.SGP_StartMeasurement
                0x080098e4       0x58 ./Core/Src/sgp40.o
                0x080098e4                SGP_StartMeasurement
 .text.SGP_TurnHeaterOff
                0x0800993c       0x10 ./Core/Src/sgp40.o
                0x0800993c                SGP_TurnHeaterOff
 .text.SGP_GetMeasurementValues
                0x0800994c      0x1b4 ./Core/Src/sgp40.o
                0x0800994c                SGP_GetMeasurementValues
 .text.SGP_DeviceConnected
                0x08009b00       0x48 ./Core/Src/sgp40.o
                0x08009b00                SGP_DeviceConnected
 .text.SGP_SetHT
                0x08009b48       0x7c ./Core/Src/sgp40.o
                0x08009b48                SGP_SetHT
 .text.SGP_SoftReset
                0x08009bc4       0x2c ./Core/Src/sgp40.o
                0x08009bc4                SGP_SoftReset
 .text.SGP_Upkeep
                0x08009bf0       0xf0 ./Core/Src/sgp40.o
                0x08009bf0                SGP_Upkeep
 .text.processHalfDMAbuffer
                0x08009ce0      0x35c ./Core/Src/sound_measurement.o
 .text.soundInit
                0x0800a03c       0x14 ./Core/Src/sound_measurement.o
                0x0800a03c                soundInit
 .text.clearMaximumAmplitude
                0x0800a050        0xc ./Core/Src/sound_measurement.o
                0x0800a050                clearMaximumAmplitude
 .text.micSettlingComplete
                0x0800a05c       0x28 ./Core/Src/sound_measurement.o
                0x0800a05c                micSettlingComplete
 .text.getSoundData
                0x0800a084      0x108 ./Core/Src/sound_measurement.o
                0x0800a084                getSoundData
 .text.enableMicrophone
                0x0800a18c       0xa8 ./Core/Src/sound_measurement.o
                0x0800a18c                enableMicrophone
 .text.startSPLcalculation
                0x0800a234       0x60 ./Core/Src/sound_measurement.o
                0x0800a234                startSPLcalculation
 .text.HAL_I2S_RxHalfCpltCallback
                0x0800a294       0x18 ./Core/Src/sound_measurement.o
                0x0800a294                HAL_I2S_RxHalfCpltCallback
 .text.HAL_I2S_RxCpltCallback
                0x0800a2ac       0x18 ./Core/Src/sound_measurement.o
                0x0800a2ac                HAL_I2S_RxCpltCallback
 .text.HAL_I2S_ErrorCallback
                0x0800a2c4       0x24 ./Core/Src/sound_measurement.o
                0x0800a2c4                HAL_I2S_ErrorCallback
 .text.floatToIntAndFrac2dp
                0x0800a2e8       0x2c ./Core/Src/sound_utilities.o
                0x0800a2e8                floatToIntAndFrac2dp
 .text.floatToIntAndFrac1dp
                0x0800a314       0x2c ./Core/Src/sound_utilities.o
                0x0800a314                floatToIntAndFrac1dp
 .text.sumToIntAverage
                0x0800a340       0x54 ./Core/Src/sound_utilities.o
                0x0800a340                sumToIntAverage
 .text.findMinMax
                0x0800a394       0x34 ./Core/Src/sound_utilities.o
                0x0800a394                findMinMax
 .text.getPo2factor
                0x0800a3c8       0x1a ./Core/Src/sound_utilities.o
                0x0800a3c8                getPo2factor
 .text.amplitudeDN_to_mPa
                0x0800a3e2       0x20 ./Core/Src/sound_utilities.o
                0x0800a3e2                amplitudeDN_to_mPa
 .text.scaleSPL
                0x0800a402       0x30 ./Core/Src/sound_utilities.o
                0x0800a402                scaleSPL
 .text.decodeI2SdataLch
                0x0800a432       0x1c ./Core/Src/sound_utilities.o
                0x0800a432                decodeI2SdataLch
 *fill*         0x0800a44e        0x2 
 .text.InitDone
                0x0800a450        0xc ./Core/Src/statusCheck.o
                0x0800a450                InitDone
 .text.batteryChargeCheck
                0x0800a45c       0x70 ./Core/Src/statusCheck.o
                0x0800a45c                batteryChargeCheck
 .text.Calculate_LED_ON
                0x0800a4cc       0x60 ./Core/Src/statusCheck.o
                0x0800a4cc                Calculate_LED_ON
 .text.SetStatusLED
                0x0800a52c       0x30 ./Core/Src/statusCheck.o
                0x0800a52c                SetStatusLED
 .text.SetDBLED
                0x0800a55c       0x5c ./Core/Src/statusCheck.o
                0x0800a55c                SetDBLED
 .text.SetVocLED
                0x0800a5b8       0x34 ./Core/Src/statusCheck.o
                0x0800a5b8                SetVocLED
 .text.SetMeasurementIndicator
                0x0800a5ec       0x28 ./Core/Src/statusCheck.o
                0x0800a5ec                SetMeasurementIndicator
 .text.ResetMeasurementIndicator
                0x0800a614       0x24 ./Core/Src/statusCheck.o
                0x0800a614                ResetMeasurementIndicator
 .text.SetMICIndicator
                0x0800a638       0x68 ./Core/Src/statusCheck.o
                0x0800a638                SetMICIndicator
 .text.ResetMICIndicator
                0x0800a6a0       0x34 ./Core/Src/statusCheck.o
                0x0800a6a0                ResetMICIndicator
 .text.SetESPIndicator
                0x0800a6d4       0x28 ./Core/Src/statusCheck.o
                0x0800a6d4                SetESPIndicator
 .text.ResetESPIndicator
                0x0800a6fc       0x24 ./Core/Src/statusCheck.o
                0x0800a6fc                ResetESPIndicator
 .text.SetPMIndicator
                0x0800a720       0x34 ./Core/Src/statusCheck.o
                0x0800a720                SetPMIndicator
 .text.ResetPMIndicator
                0x0800a754       0x28 ./Core/Src/statusCheck.o
                0x0800a754                ResetPMIndicator
 .text.SetLEDsOff
                0x0800a77c       0x26 ./Core/Src/statusCheck.o
                0x0800a77c                SetLEDsOff
 *fill*         0x0800a7a2        0x2 
 .text.SetAllREDLED
                0x0800a7a4       0x54 ./Core/Src/statusCheck.o
                0x0800a7a4                SetAllREDLED
 .text.SetVOCindicator
                0x0800a7f8       0xa8 ./Core/Src/statusCheck.o
                0x0800a7f8                SetVOCindicator
 .text.powerCheck
                0x0800a8a0       0x14 ./Core/Src/statusCheck.o
                0x0800a8a0                powerCheck
 .text.powerDisplay
                0x0800a8b4       0x58 ./Core/Src/statusCheck.o
                0x0800a8b4                powerDisplay
 .text.configCheck
                0x0800a90c      0x240 ./Core/Src/statusCheck.o
                0x0800a90c                configCheck
 .text.Battery_Upkeep
                0x0800ab4c       0x10 ./Core/Src/statusCheck.o
                0x0800ab4c                Battery_Upkeep
 .text.setuserToggle
                0x0800ab5c       0x1c ./Core/Src/statusCheck.o
                0x0800ab5c                setuserToggle
 .text.HAL_MspInit
                0x0800ab78       0x1c ./Core/Src/stm32l0xx_hal_msp.o
                0x0800ab78                HAL_MspInit
 .text.NMI_Handler
                0x0800ab94        0x2 ./Core/Src/stm32l0xx_it.o
                0x0800ab94                NMI_Handler
 .text.HardFault_Handler
                0x0800ab96        0x2 ./Core/Src/stm32l0xx_it.o
                0x0800ab96                HardFault_Handler
 .text.SVC_Handler
                0x0800ab98        0x2 ./Core/Src/stm32l0xx_it.o
                0x0800ab98                SVC_Handler
 .text.PendSV_Handler
                0x0800ab9a        0x2 ./Core/Src/stm32l0xx_it.o
                0x0800ab9a                PendSV_Handler
 .text.SysTick_Handler
                0x0800ab9c        0x8 ./Core/Src/stm32l0xx_it.o
                0x0800ab9c                SysTick_Handler
 .text.RTC_IRQHandler
                0x0800aba4       0x10 ./Core/Src/stm32l0xx_it.o
                0x0800aba4                RTC_IRQHandler
 .text.EXTI4_15_IRQHandler
                0x0800abb4        0xc ./Core/Src/stm32l0xx_it.o
                0x0800abb4                EXTI4_15_IRQHandler
 .text.DMA1_Channel2_3_IRQHandler
                0x0800abc0       0x18 ./Core/Src/stm32l0xx_it.o
                0x0800abc0                DMA1_Channel2_3_IRQHandler
 .text.DMA1_Channel4_5_6_7_IRQHandler
                0x0800abd8       0x24 ./Core/Src/stm32l0xx_it.o
                0x0800abd8                DMA1_Channel4_5_6_7_IRQHandler
 .text.USART4_5_IRQHandler
                0x0800abfc       0x10 ./Core/Src/stm32l0xx_it.o
                0x0800abfc                USART4_5_IRQHandler
 .text.I2C1_IRQHandler
                0x0800ac0c       0x20 ./Core/Src/stm32l0xx_it.o
                0x0800ac0c                I2C1_IRQHandler
 .text.USART1_IRQHandler
                0x0800ac2c       0x10 ./Core/Src/stm32l0xx_it.o
                0x0800ac2c                USART1_IRQHandler
 .text.USB_IRQHandler
                0x0800ac3c       0x10 ./Core/Src/stm32l0xx_it.o
                0x0800ac3c                USB_IRQHandler
 .text._getpid  0x0800ac4c        0x4 ./Core/Src/syscalls.o
                0x0800ac4c                _getpid
 .text._kill    0x0800ac50       0x10 ./Core/Src/syscalls.o
                0x0800ac50                _kill
 .text._exit    0x0800ac60        0xc ./Core/Src/syscalls.o
                0x0800ac60                _exit
 .text._read    0x0800ac6c       0x1a ./Core/Src/syscalls.o
                0x0800ac6c                _read
 .text._close   0x0800ac86        0x6 ./Core/Src/syscalls.o
                0x0800ac86                _close
 .text._fstat   0x0800ac8c        0xa ./Core/Src/syscalls.o
                0x0800ac8c                _fstat
 .text._isatty  0x0800ac96        0x4 ./Core/Src/syscalls.o
                0x0800ac96                _isatty
 .text._lseek   0x0800ac9a        0x4 ./Core/Src/syscalls.o
                0x0800ac9a                _lseek
 *fill*         0x0800ac9e        0x2 
 .text._sbrk    0x0800aca0       0x40 ./Core/Src/sysmem.o
                0x0800aca0                _sbrk
 .text.SystemInit
                0x0800ace0        0x2 ./Core/Src/system_stm32l0xx.o
                0x0800ace0                SystemInit
 *fill*         0x0800ace2        0x2 
 .text.MX_TIM6_Init
                0x0800ace4       0x50 ./Core/Src/tim.o
                0x0800ace4                MX_TIM6_Init
 .text.HAL_TIM_PWM_MspInit
                0x0800ad34       0x2c ./Core/Src/tim.o
                0x0800ad34                HAL_TIM_PWM_MspInit
 .text.HAL_TIM_Base_MspInit
                0x0800ad60       0x1c ./Core/Src/tim.o
                0x0800ad60                HAL_TIM_Base_MspInit
 .text.HAL_TIM_MspPostInit
                0x0800ad7c       0x7c ./Core/Src/tim.o
                0x0800ad7c                HAL_TIM_MspPostInit
 .text.MX_TIM2_Init
                0x0800adf8       0xa4 ./Core/Src/tim.o
                0x0800adf8                MX_TIM2_Init
 .text.MX_TIM3_Init
                0x0800ae9c       0xb4 ./Core/Src/tim.o
                0x0800ae9c                MX_TIM3_Init
 .text.MX_LPUART1_UART_Init
                0x0800af50       0x44 ./Core/Src/usart.o
                0x0800af50                MX_LPUART1_UART_Init
 .text.MX_USART1_UART_Init
                0x0800af94       0x38 ./Core/Src/usart.o
                0x0800af94                MX_USART1_UART_Init
 .text.MX_USART4_UART_Init
                0x0800afcc       0x38 ./Core/Src/usart.o
                0x0800afcc                MX_USART4_UART_Init
 .text.HAL_UART_MspInit
                0x0800b004      0x190 ./Core/Src/usart.o
                0x0800b004                HAL_UART_MspInit
 .text.TimestampIsReached
                0x0800b194       0x2c ./Core/Src/utils.o
                0x0800b194                TimestampIsReached
 .text.CreateLine
                0x0800b1c0       0x74 ./Core/Src/utils.o
                0x0800b1c0                CreateLine
 .text._write   0x0800b234       0x18 ./Core/Src/utils.o
                0x0800b234                _write
 .text.SetVerboseLevel
                0x0800b24c        0xc ./Core/Src/utils.o
                0x0800b24c                SetVerboseLevel
 .text.GetVerboseLevel
                0x0800b258        0xc ./Core/Src/utils.o
                0x0800b258                GetVerboseLevel
 .text.BinaryReleaseInfo
                0x0800b264       0x5c ./Core/Src/utils.o
                0x0800b264                BinaryReleaseInfo
 .text.errorHandler
                0x0800b2c0       0x18 ./Core/Src/utils.o
                0x0800b2c0                errorHandler
 .text.WriteRegister.constprop.0.isra.0
                0x0800b2d8       0x18 ./Core/Src/wsenHIDS.o
 .text.CalculateCRC
                0x0800b2f0       0x32 ./Core/Src/wsenHIDS.o
                0x0800b2f0                CalculateCRC
 *fill*         0x0800b322        0x2 
 .text.CheckCRC
                0x0800b324       0x70 ./Core/Src/wsenHIDS.o
 .text.HIDS_Init
                0x0800b394       0x14 ./Core/Src/wsenHIDS.o
                0x0800b394                HIDS_Init
 .text.HIDS_StartMeasurement
                0x0800b3a8       0x2c ./Core/Src/wsenHIDS.o
                0x0800b3a8                HIDS_StartMeasurement
 .text.setHIDSTimeStamp
                0x0800b3d4       0x14 ./Core/Src/wsenHIDS.o
                0x0800b3d4                setHIDSTimeStamp
 .text.HIDS_DeviceConnected
                0x0800b3e8       0x5c ./Core/Src/wsenHIDS.o
                0x0800b3e8                HIDS_DeviceConnected
 .text.HIDS_MeasurementReady
                0x0800b444       0x10 ./Core/Src/wsenHIDS.o
                0x0800b444                HIDS_MeasurementReady
 .text.HIDS_GetMeasurementValues
                0x0800b454       0xd0 ./Core/Src/wsenHIDS.o
                0x0800b454                HIDS_GetMeasurementValues
 .text.ResetHIDSresults
                0x0800b524       0x14 ./Core/Src/wsenHIDS.o
                0x0800b524                ResetHIDSresults
 .text.HIDS_Upkeep
                0x0800b538       0xf4 ./Core/Src/wsenHIDS.o
                0x0800b538                HIDS_Upkeep
 .text.Reset_Handler
                0x0800b62c       0x50 ./Core/Startup/startup_stm32l072rztx.o
                0x0800b62c                Reset_Handler
 .text.Default_Handler
                0x0800b67c        0x2 ./Core/Startup/startup_stm32l072rztx.o
                0x0800b67c                TSC_IRQHandler
                0x0800b67c                ADC1_COMP_IRQHandler
                0x0800b67c                PVD_IRQHandler
                0x0800b67c                RCC_CRS_IRQHandler
                0x0800b67c                SPI1_IRQHandler
                0x0800b67c                TIM6_DAC_IRQHandler
                0x0800b67c                EXTI2_3_IRQHandler
                0x0800b67c                I2C2_IRQHandler
                0x0800b67c                TIM3_IRQHandler
                0x0800b67c                DMA1_Channel1_IRQHandler
                0x0800b67c                Default_Handler
                0x0800b67c                TIM22_IRQHandler
                0x0800b67c                TIM7_IRQHandler
                0x0800b67c                EXTI0_1_IRQHandler
                0x0800b67c                I2C3_IRQHandler
                0x0800b67c                SPI2_IRQHandler
                0x0800b67c                TIM21_IRQHandler
                0x0800b67c                WWDG_IRQHandler
                0x0800b67c                TIM2_IRQHandler
                0x0800b67c                USART2_IRQHandler
                0x0800b67c                FLASH_IRQHandler
                0x0800b67c                RNG_LPUART1_IRQHandler
                0x0800b67c                LPTIM1_IRQHandler
 *fill*         0x0800b67e        0x2 
 .text.HAL_InitTick
                0x0800b680       0x48 ./Drivers/STM32L0xx_HAL_Driver/stm32l0xx_hal.o
                0x0800b680                HAL_InitTick
 .text.HAL_Init
                0x0800b6c8       0x28 ./Drivers/STM32L0xx_HAL_Driver/stm32l0xx_hal.o
                0x0800b6c8                HAL_Init
 .text.HAL_IncTick
                0x0800b6f0       0x18 ./Drivers/STM32L0xx_HAL_Driver/stm32l0xx_hal.o
                0x0800b6f0                HAL_IncTick
 .text.HAL_GetTick
                0x0800b708        0xc ./Drivers/STM32L0xx_HAL_Driver/stm32l0xx_hal.o
                0x0800b708                HAL_GetTick
 .text.HAL_Delay
                0x0800b714       0x24 ./Drivers/STM32L0xx_HAL_Driver/stm32l0xx_hal.o
                0x0800b714                HAL_Delay
 .text.HAL_SuspendTick
                0x0800b738       0x10 ./Drivers/STM32L0xx_HAL_Driver/stm32l0xx_hal.o
                0x0800b738                HAL_SuspendTick
 .text.HAL_ResumeTick
                0x0800b748       0x10 ./Drivers/STM32L0xx_HAL_Driver/stm32l0xx_hal.o
                0x0800b748                HAL_ResumeTick
 .text.HAL_GetUIDw0
                0x0800b758        0xc ./Drivers/STM32L0xx_HAL_Driver/stm32l0xx_hal.o
                0x0800b758                HAL_GetUIDw0
 .text.HAL_GetUIDw1
                0x0800b764        0xc ./Drivers/STM32L0xx_HAL_Driver/stm32l0xx_hal.o
                0x0800b764                HAL_GetUIDw1
 .text.HAL_GetUIDw2
                0x0800b770        0xc ./Drivers/STM32L0xx_HAL_Driver/stm32l0xx_hal.o
                0x0800b770                HAL_GetUIDw2
 .text.ADC_DelayMicroSecond
                0x0800b77c       0x2c ./Drivers/STM32L0xx_HAL_Driver/stm32l0xx_hal_adc.o
 .text.ADC_Enable
                0x0800b7a8       0x78 ./Drivers/STM32L0xx_HAL_Driver/stm32l0xx_hal_adc.o
 .text.HAL_ADC_Init
                0x0800b820      0x1ac ./Drivers/STM32L0xx_HAL_Driver/stm32l0xx_hal_adc.o
                0x0800b820                HAL_ADC_Init
 .text.HAL_ADC_Start
                0x0800b9cc       0x58 ./Drivers/STM32L0xx_HAL_Driver/stm32l0xx_hal_adc.o
                0x0800b9cc                HAL_ADC_Start
 .text.HAL_ADC_PollForConversion
                0x0800ba24       0xcc ./Drivers/STM32L0xx_HAL_Driver/stm32l0xx_hal_adc.o
                0x0800ba24                HAL_ADC_PollForConversion
 .text.HAL_ADC_GetValue
                0x0800baf0        0x6 ./Drivers/STM32L0xx_HAL_Driver/stm32l0xx_hal_adc.o
                0x0800baf0                HAL_ADC_GetValue
 *fill*         0x0800baf6        0x2 
 .text.HAL_ADC_ConfigChannel
                0x0800baf8       0xa8 ./Drivers/STM32L0xx_HAL_Driver/stm32l0xx_hal_adc.o
                0x0800baf8                HAL_ADC_ConfigChannel
 .text.HAL_NVIC_SetPriority
                0x0800bba0       0x54 ./Drivers/STM32L0xx_HAL_Driver/stm32l0xx_hal_cortex.o
                0x0800bba0                HAL_NVIC_SetPriority
 .text.HAL_NVIC_EnableIRQ
                0x0800bbf4       0x18 ./Drivers/STM32L0xx_HAL_Driver/stm32l0xx_hal_cortex.o
                0x0800bbf4                HAL_NVIC_EnableIRQ
 .text.HAL_NVIC_SystemReset
                0x0800bc0c       0x1c ./Drivers/STM32L0xx_HAL_Driver/stm32l0xx_hal_cortex.o
                0x0800bc0c                HAL_NVIC_SystemReset
 .text.HAL_SYSTICK_Config
                0x0800bc28       0x34 ./Drivers/STM32L0xx_HAL_Driver/stm32l0xx_hal_cortex.o
                0x0800bc28                HAL_SYSTICK_Config
 .text.HAL_DMA_Init
                0x0800bc5c       0x88 ./Drivers/STM32L0xx_HAL_Driver/stm32l0xx_hal_dma.o
                0x0800bc5c                HAL_DMA_Init
 .text.HAL_DMA_Start_IT
                0x0800bce4       0x7c ./Drivers/STM32L0xx_HAL_Driver/stm32l0xx_hal_dma.o
                0x0800bce4                HAL_DMA_Start_IT
 .text.HAL_DMA_Abort
                0x0800bd60       0x40 ./Drivers/STM32L0xx_HAL_Driver/stm32l0xx_hal_dma.o
                0x0800bd60                HAL_DMA_Abort
 .text.HAL_DMA_Abort_IT
                0x0800bda0       0x46 ./Drivers/STM32L0xx_HAL_Driver/stm32l0xx_hal_dma.o
                0x0800bda0                HAL_DMA_Abort_IT
 .text.HAL_DMA_IRQHandler
                0x0800bde6       0x96 ./Drivers/STM32L0xx_HAL_Driver/stm32l0xx_hal_dma.o
                0x0800bde6                HAL_DMA_IRQHandler
 .text.HAL_DMA_GetState
                0x0800be7c        0x8 ./Drivers/STM32L0xx_HAL_Driver/stm32l0xx_hal_dma.o
                0x0800be7c                HAL_DMA_GetState
 .text.FLASH_SetErrorCode
                0x0800be84       0xac ./Drivers/STM32L0xx_HAL_Driver/stm32l0xx_hal_flash.o
 .text.FLASH_WaitForLastOperation
                0x0800bf30       0x74 ./Drivers/STM32L0xx_HAL_Driver/stm32l0xx_hal_flash.o
                0x0800bf30                FLASH_WaitForLastOperation
 .text.HAL_FLASHEx_DATAEEPROM_Unlock
                0x0800bfa4       0x30 ./Drivers/STM32L0xx_HAL_Driver/stm32l0xx_hal_flash_ex.o
                0x0800bfa4                HAL_FLASHEx_DATAEEPROM_Unlock
 .text.HAL_FLASHEx_DATAEEPROM_Lock
                0x0800bfd4       0x14 ./Drivers/STM32L0xx_HAL_Driver/stm32l0xx_hal_flash_ex.o
                0x0800bfd4                HAL_FLASHEx_DATAEEPROM_Lock
 .text.HAL_FLASHEx_DATAEEPROM_Erase
                0x0800bfe8       0x24 ./Drivers/STM32L0xx_HAL_Driver/stm32l0xx_hal_flash_ex.o
                0x0800bfe8                HAL_FLASHEx_DATAEEPROM_Erase
 .text.HAL_FLASHEx_DATAEEPROM_Program
                0x0800c00c       0x54 ./Drivers/STM32L0xx_HAL_Driver/stm32l0xx_hal_flash_ex.o
                0x0800c00c                HAL_FLASHEx_DATAEEPROM_Program
 .text.HAL_GPIO_Init
                0x0800c060      0x180 ./Drivers/STM32L0xx_HAL_Driver/stm32l0xx_hal_gpio.o
                0x0800c060                HAL_GPIO_Init
 .text.HAL_GPIO_ReadPin
                0x0800c1e0        0xc ./Drivers/STM32L0xx_HAL_Driver/stm32l0xx_hal_gpio.o
                0x0800c1e0                HAL_GPIO_ReadPin
 .text.HAL_GPIO_WritePin
                0x0800c1ec        0xc ./Drivers/STM32L0xx_HAL_Driver/stm32l0xx_hal_gpio.o
                0x0800c1ec                HAL_GPIO_WritePin
 .text.HAL_GPIO_EXTI_IRQHandler
                0x0800c1f8       0x18 ./Drivers/STM32L0xx_HAL_Driver/stm32l0xx_hal_gpio.o
                0x0800c1f8                HAL_GPIO_EXTI_IRQHandler
 .text.I2C_Flush_TXDR
                0x0800c210       0x1c ./Drivers/STM32L0xx_HAL_Driver/stm32l0xx_hal_i2c.o
 .text.I2C_TransferConfig
                0x0800c22c       0x2c ./Drivers/STM32L0xx_HAL_Driver/stm32l0xx_hal_i2c.o
 .text.I2C_Enable_IRQ
                0x0800c258       0x88 ./Drivers/STM32L0xx_HAL_Driver/stm32l0xx_hal_i2c.o
 .text.I2C_Disable_IRQ
                0x0800c2e0       0x48 ./Drivers/STM32L0xx_HAL_Driver/stm32l0xx_hal_i2c.o
 .text.I2C_IsErrorOccurred
                0x0800c328       0xfc ./Drivers/STM32L0xx_HAL_Driver/stm32l0xx_hal_i2c.o
 .text.I2C_WaitOnTXISFlagUntilTimeout
                0x0800c424       0x5c ./Drivers/STM32L0xx_HAL_Driver/stm32l0xx_hal_i2c.o
 .text.I2C_WaitOnFlagUntilTimeout
                0x0800c480       0x60 ./Drivers/STM32L0xx_HAL_Driver/stm32l0xx_hal_i2c.o
 .text.I2C_WaitOnSTOPFlagUntilTimeout
                0x0800c4e0       0x54 ./Drivers/STM32L0xx_HAL_Driver/stm32l0xx_hal_i2c.o
 .text.I2C_WaitOnRXNEFlagUntilTimeout
                0x0800c534       0x9c ./Drivers/STM32L0xx_HAL_Driver/stm32l0xx_hal_i2c.o
 .text.HAL_I2C_Init
                0x0800c5d0       0xac ./Drivers/STM32L0xx_HAL_Driver/stm32l0xx_hal_i2c.o
                0x0800c5d0                HAL_I2C_Init
 .text.HAL_I2C_Master_Transmit
                0x0800c67c      0x118 ./Drivers/STM32L0xx_HAL_Driver/stm32l0xx_hal_i2c.o
                0x0800c67c                HAL_I2C_Master_Transmit
 .text.HAL_I2C_Master_Receive
                0x0800c794      0x11c ./Drivers/STM32L0xx_HAL_Driver/stm32l0xx_hal_i2c.o
                0x0800c794                HAL_I2C_Master_Receive
 .text.HAL_I2C_Master_Transmit_DMA
                0x0800c8b0      0x138 ./Drivers/STM32L0xx_HAL_Driver/stm32l0xx_hal_i2c.o
                0x0800c8b0                HAL_I2C_Master_Transmit_DMA
 .text.HAL_I2C_Master_Receive_DMA
                0x0800c9e8      0x134 ./Drivers/STM32L0xx_HAL_Driver/stm32l0xx_hal_i2c.o
                0x0800c9e8                HAL_I2C_Master_Receive_DMA
 .text.HAL_I2C_Mem_Read
                0x0800cb1c      0x1bc ./Drivers/STM32L0xx_HAL_Driver/stm32l0xx_hal_i2c.o
                0x0800cb1c                HAL_I2C_Mem_Read
 .text.HAL_I2C_Mem_Write_DMA
                0x0800ccd8      0x128 ./Drivers/STM32L0xx_HAL_Driver/stm32l0xx_hal_i2c.o
                0x0800ccd8                HAL_I2C_Mem_Write_DMA
 .text.HAL_I2C_EV_IRQHandler
                0x0800ce00       0x12 ./Drivers/STM32L0xx_HAL_Driver/stm32l0xx_hal_i2c.o
                0x0800ce00                HAL_I2C_EV_IRQHandler
 .text.HAL_I2C_MasterTxCpltCallback
                0x0800ce12        0x2 ./Drivers/STM32L0xx_HAL_Driver/stm32l0xx_hal_i2c.o
                0x0800ce12                HAL_I2C_MasterTxCpltCallback
 .text.HAL_I2C_MasterRxCpltCallback
                0x0800ce14        0x2 ./Drivers/STM32L0xx_HAL_Driver/stm32l0xx_hal_i2c.o
                0x0800ce14                HAL_I2C_MasterRxCpltCallback
 .text.I2C_ITMasterSeqCplt
                0x0800ce16       0x48 ./Drivers/STM32L0xx_HAL_Driver/stm32l0xx_hal_i2c.o
 .text.HAL_I2C_SlaveTxCpltCallback
                0x0800ce5e        0x2 ./Drivers/STM32L0xx_HAL_Driver/stm32l0xx_hal_i2c.o
                0x0800ce5e                HAL_I2C_SlaveTxCpltCallback
 .text.HAL_I2C_SlaveRxCpltCallback
                0x0800ce60        0x2 ./Drivers/STM32L0xx_HAL_Driver/stm32l0xx_hal_i2c.o
                0x0800ce60                HAL_I2C_SlaveRxCpltCallback
 *fill*         0x0800ce62        0x2 
 .text.I2C_ITSlaveSeqCplt
                0x0800ce64       0x80 ./Drivers/STM32L0xx_HAL_Driver/stm32l0xx_hal_i2c.o
 .text.HAL_I2C_AddrCallback
                0x0800cee4        0x2 ./Drivers/STM32L0xx_HAL_Driver/stm32l0xx_hal_i2c.o
                0x0800cee4                HAL_I2C_AddrCallback
 .text.I2C_ITAddrCplt.constprop.0
                0x0800cee6       0x9a ./Drivers/STM32L0xx_HAL_Driver/stm32l0xx_hal_i2c.o
 .text.HAL_I2C_ListenCpltCallback
                0x0800cf80        0x2 ./Drivers/STM32L0xx_HAL_Driver/stm32l0xx_hal_i2c.o
                0x0800cf80                HAL_I2C_ListenCpltCallback
 *fill*         0x0800cf82        0x2 
 .text.I2C_ITListenCplt
                0x0800cf84       0x6c ./Drivers/STM32L0xx_HAL_Driver/stm32l0xx_hal_i2c.o
 .text.HAL_I2C_MemTxCpltCallback
                0x0800cff0        0x2 ./Drivers/STM32L0xx_HAL_Driver/stm32l0xx_hal_i2c.o
                0x0800cff0                HAL_I2C_MemTxCpltCallback
 .text.HAL_I2C_MemRxCpltCallback
                0x0800cff2        0x2 ./Drivers/STM32L0xx_HAL_Driver/stm32l0xx_hal_i2c.o
                0x0800cff2                HAL_I2C_MemRxCpltCallback
 .text.HAL_I2C_ErrorCallback
                0x0800cff4        0x2 ./Drivers/STM32L0xx_HAL_Driver/stm32l0xx_hal_i2c.o
                0x0800cff4                HAL_I2C_ErrorCallback
 .text.HAL_I2C_AbortCpltCallback
                0x0800cff6        0x2 ./Drivers/STM32L0xx_HAL_Driver/stm32l0xx_hal_i2c.o
                0x0800cff6                HAL_I2C_AbortCpltCallback
 .text.I2C_TreatErrorCallback
                0x0800cff8       0x2a ./Drivers/STM32L0xx_HAL_Driver/stm32l0xx_hal_i2c.o
 *fill*         0x0800d022        0x2 
 .text.I2C_ITError
                0x0800d024      0x114 ./Drivers/STM32L0xx_HAL_Driver/stm32l0xx_hal_i2c.o
 .text.I2C_ITMasterCplt
                0x0800d138       0xe4 ./Drivers/STM32L0xx_HAL_Driver/stm32l0xx_hal_i2c.o
 .text.I2C_Master_ISR_IT
                0x0800d21c      0x12c ./Drivers/STM32L0xx_HAL_Driver/stm32l0xx_hal_i2c.o
 .text.I2C_Mem_ISR_DMA
                0x0800d348      0x144 ./Drivers/STM32L0xx_HAL_Driver/stm32l0xx_hal_i2c.o
 .text.I2C_Master_ISR_DMA
                0x0800d48c      0x108 ./Drivers/STM32L0xx_HAL_Driver/stm32l0xx_hal_i2c.o
 .text.I2C_DMAError
                0x0800d594       0x18 ./Drivers/STM32L0xx_HAL_Driver/stm32l0xx_hal_i2c.o
 .text.I2C_DMAMasterTransmitCplt
                0x0800d5ac       0x50 ./Drivers/STM32L0xx_HAL_Driver/stm32l0xx_hal_i2c.o
 .text.I2C_DMAMasterReceiveCplt
                0x0800d5fc       0x54 ./Drivers/STM32L0xx_HAL_Driver/stm32l0xx_hal_i2c.o
 .text.HAL_I2C_ER_IRQHandler
                0x0800d650       0x58 ./Drivers/STM32L0xx_HAL_Driver/stm32l0xx_hal_i2c.o
                0x0800d650                HAL_I2C_ER_IRQHandler
 .text.I2C_ITSlaveCplt.constprop.0
                0x0800d6a8      0x134 ./Drivers/STM32L0xx_HAL_Driver/stm32l0xx_hal_i2c.o
 .text.I2C_Slave_ISR_DMA
                0x0800d7dc      0x110 ./Drivers/STM32L0xx_HAL_Driver/stm32l0xx_hal_i2c.o
 .text.I2C_Slave_ISR_IT
                0x0800d8ec      0x124 ./Drivers/STM32L0xx_HAL_Driver/stm32l0xx_hal_i2c.o
 .text.I2C_DMAAbort
                0x0800da10       0x1e ./Drivers/STM32L0xx_HAL_Driver/stm32l0xx_hal_i2c.o
 *fill*         0x0800da2e        0x2 
 .text.HAL_I2CEx_ConfigAnalogFilter
                0x0800da30       0x4c ./Drivers/STM32L0xx_HAL_Driver/stm32l0xx_hal_i2c_ex.o
                0x0800da30                HAL_I2CEx_ConfigAnalogFilter
 .text.HAL_I2CEx_ConfigDigitalFilter
                0x0800da7c       0x48 ./Drivers/STM32L0xx_HAL_Driver/stm32l0xx_hal_i2c_ex.o
                0x0800da7c                HAL_I2CEx_ConfigDigitalFilter
 .text.I2S_WaitFlagStateUntilTimeout
                0x0800dac4       0x46 ./Drivers/STM32L0xx_HAL_Driver/stm32l0xx_hal_i2s.o
 *fill*         0x0800db0a        0x2 
 .text.HAL_I2S_Init
                0x0800db0c       0xec ./Drivers/STM32L0xx_HAL_Driver/stm32l0xx_hal_i2s.o
                0x0800db0c                HAL_I2S_Init
 .text.HAL_I2S_Receive_DMA
                0x0800dbf8       0xcc ./Drivers/STM32L0xx_HAL_Driver/stm32l0xx_hal_i2s.o
                0x0800dbf8                HAL_I2S_Receive_DMA
 .text.HAL_I2S_DMAStop
                0x0800dcc4       0xf4 ./Drivers/STM32L0xx_HAL_Driver/stm32l0xx_hal_i2s.o
                0x0800dcc4                HAL_I2S_DMAStop
 .text.I2S_DMARxHalfCplt
                0x0800ddb8        0xa ./Drivers/STM32L0xx_HAL_Driver/stm32l0xx_hal_i2s.o
 .text.I2S_DMARxCplt
                0x0800ddc2       0x24 ./Drivers/STM32L0xx_HAL_Driver/stm32l0xx_hal_i2s.o
 .text.I2S_DMAError
                0x0800dde6       0x2a ./Drivers/STM32L0xx_HAL_Driver/stm32l0xx_hal_i2s.o
 .text.HAL_PCD_Init
                0x0800de10       0xd8 ./Drivers/STM32L0xx_HAL_Driver/stm32l0xx_hal_pcd.o
                0x0800de10                HAL_PCD_Init
 .text.HAL_PCD_Start
                0x0800dee8       0x26 ./Drivers/STM32L0xx_HAL_Driver/stm32l0xx_hal_pcd.o
                0x0800dee8                HAL_PCD_Start
 .text.HAL_PCD_SetAddress
                0x0800df0e       0x24 ./Drivers/STM32L0xx_HAL_Driver/stm32l0xx_hal_pcd.o
                0x0800df0e                HAL_PCD_SetAddress
 *fill*         0x0800df32        0x2 
 .text.HAL_PCD_IRQHandler
                0x0800df34      0x9cc ./Drivers/STM32L0xx_HAL_Driver/stm32l0xx_hal_pcd.o
                0x0800df34                HAL_PCD_IRQHandler
 .text.HAL_PCD_EP_Open
                0x0800e900       0x5a ./Drivers/STM32L0xx_HAL_Driver/stm32l0xx_hal_pcd.o
                0x0800e900                HAL_PCD_EP_Open
 .text.HAL_PCD_EP_Close
                0x0800e95a       0x4e ./Drivers/STM32L0xx_HAL_Driver/stm32l0xx_hal_pcd.o
                0x0800e95a                HAL_PCD_EP_Close
 .text.HAL_PCD_EP_Receive
                0x0800e9a8       0x40 ./Drivers/STM32L0xx_HAL_Driver/stm32l0xx_hal_pcd.o
                0x0800e9a8                HAL_PCD_EP_Receive
 .text.HAL_PCD_EP_GetRxCount
                0x0800e9e8       0x12 ./Drivers/STM32L0xx_HAL_Driver/stm32l0xx_hal_pcd.o
                0x0800e9e8                HAL_PCD_EP_GetRxCount
 .text.HAL_PCD_EP_Transmit
                0x0800e9fa       0x3a ./Drivers/STM32L0xx_HAL_Driver/stm32l0xx_hal_pcd.o
                0x0800e9fa                HAL_PCD_EP_Transmit
 .text.HAL_PCD_EP_SetStall
                0x0800ea34       0x58 ./Drivers/STM32L0xx_HAL_Driver/stm32l0xx_hal_pcd.o
                0x0800ea34                HAL_PCD_EP_SetStall
 .text.HAL_PCD_EP_ClrStall
                0x0800ea8c       0x5c ./Drivers/STM32L0xx_HAL_Driver/stm32l0xx_hal_pcd.o
                0x0800ea8c                HAL_PCD_EP_ClrStall
 .text.HAL_PCDEx_PMAConfig
                0x0800eae8       0x34 ./Drivers/STM32L0xx_HAL_Driver/stm32l0xx_hal_pcd_ex.o
                0x0800eae8                HAL_PCDEx_PMAConfig
 .text.HAL_PCDEx_ActivateLPM
                0x0800eb1c       0x28 ./Drivers/STM32L0xx_HAL_Driver/stm32l0xx_hal_pcd_ex.o
                0x0800eb1c                HAL_PCDEx_ActivateLPM
 .text.HAL_PCDEx_LPM_Callback
                0x0800eb44        0x2 ./Drivers/STM32L0xx_HAL_Driver/stm32l0xx_hal_pcd_ex.o
                0x0800eb44                HAL_PCDEx_LPM_Callback
 *fill*         0x0800eb46        0x2 
 .text.HAL_PWR_EnableBkUpAccess
                0x0800eb48       0x14 ./Drivers/STM32L0xx_HAL_Driver/stm32l0xx_hal_pwr.o
                0x0800eb48                HAL_PWR_EnableBkUpAccess
 .text.HAL_PWR_DisableBkUpAccess
                0x0800eb5c       0x14 ./Drivers/STM32L0xx_HAL_Driver/stm32l0xx_hal_pwr.o
                0x0800eb5c                HAL_PWR_DisableBkUpAccess
 .text.HAL_PWR_EnterSTOPMode
                0x0800eb70       0x78 ./Drivers/STM32L0xx_HAL_Driver/stm32l0xx_hal_pwr.o
                0x0800eb70                HAL_PWR_EnterSTOPMode
 .text.HAL_PWR_EnterSTANDBYMode
                0x0800ebe8       0x20 ./Drivers/STM32L0xx_HAL_Driver/stm32l0xx_hal_pwr.o
                0x0800ebe8                HAL_PWR_EnterSTANDBYMode
 .text.HAL_RCC_GetSysClockFreq
                0x0800ec08       0x94 ./Drivers/STM32L0xx_HAL_Driver/stm32l0xx_hal_rcc.o
                0x0800ec08                HAL_RCC_GetSysClockFreq
 .text.HAL_RCC_OscConfig
                0x0800ec9c      0x514 ./Drivers/STM32L0xx_HAL_Driver/stm32l0xx_hal_rcc.o
                0x0800ec9c                HAL_RCC_OscConfig
 .text.HAL_RCC_ClockConfig
                0x0800f1b0      0x19c ./Drivers/STM32L0xx_HAL_Driver/stm32l0xx_hal_rcc.o
                0x0800f1b0                HAL_RCC_ClockConfig
 .text.HAL_RCC_GetPCLK1Freq
                0x0800f34c       0x20 ./Drivers/STM32L0xx_HAL_Driver/stm32l0xx_hal_rcc.o
                0x0800f34c                HAL_RCC_GetPCLK1Freq
 .text.HAL_RCC_GetPCLK2Freq
                0x0800f36c       0x20 ./Drivers/STM32L0xx_HAL_Driver/stm32l0xx_hal_rcc.o
                0x0800f36c                HAL_RCC_GetPCLK2Freq
 .text.HAL_RCCEx_PeriphCLKConfig
                0x0800f38c      0x1b8 ./Drivers/STM32L0xx_HAL_Driver/stm32l0xx_hal_rcc_ex.o
                0x0800f38c                HAL_RCCEx_PeriphCLKConfig
 .text.HAL_RTC_WaitForSynchro
                0x0800f544       0x34 ./Drivers/STM32L0xx_HAL_Driver/stm32l0xx_hal_rtc.o
                0x0800f544                HAL_RTC_WaitForSynchro
 .text.RTC_EnterInitMode
                0x0800f578       0x48 ./Drivers/STM32L0xx_HAL_Driver/stm32l0xx_hal_rtc.o
                0x0800f578                RTC_EnterInitMode
 .text.RTC_ExitInitMode
                0x0800f5c0       0x2a ./Drivers/STM32L0xx_HAL_Driver/stm32l0xx_hal_rtc.o
                0x0800f5c0                RTC_ExitInitMode
 *fill*         0x0800f5ea        0x2 
 .text.HAL_RTC_Init
                0x0800f5ec       0x9c ./Drivers/STM32L0xx_HAL_Driver/stm32l0xx_hal_rtc.o
                0x0800f5ec                HAL_RTC_Init
 .text.RTC_ByteToBcd2
                0x0800f688       0x16 ./Drivers/STM32L0xx_HAL_Driver/stm32l0xx_hal_rtc.o
                0x0800f688                RTC_ByteToBcd2
 *fill*         0x0800f69e        0x2 
 .text.HAL_RTC_SetTime
                0x0800f6a0       0xcc ./Drivers/STM32L0xx_HAL_Driver/stm32l0xx_hal_rtc.o
                0x0800f6a0                HAL_RTC_SetTime
 .text.HAL_RTC_SetDate
                0x0800f76c       0xa4 ./Drivers/STM32L0xx_HAL_Driver/stm32l0xx_hal_rtc.o
                0x0800f76c                HAL_RTC_SetDate
 .text.RTC_Bcd2ToByte
                0x0800f810       0x12 ./Drivers/STM32L0xx_HAL_Driver/stm32l0xx_hal_rtc.o
                0x0800f810                RTC_Bcd2ToByte
 *fill*         0x0800f822        0x2 
 .text.HAL_RTC_GetTime
                0x0800f824       0x50 ./Drivers/STM32L0xx_HAL_Driver/stm32l0xx_hal_rtc.o
                0x0800f824                HAL_RTC_GetTime
 .text.HAL_RTC_GetDate
                0x0800f874       0x44 ./Drivers/STM32L0xx_HAL_Driver/stm32l0xx_hal_rtc.o
                0x0800f874                HAL_RTC_GetDate
 .text.HAL_RTCEx_SetWakeUpTimer_IT
                0x0800f8b8       0xe0 ./Drivers/STM32L0xx_HAL_Driver/stm32l0xx_hal_rtc_ex.o
                0x0800f8b8                HAL_RTCEx_SetWakeUpTimer_IT
 .text.HAL_RTCEx_DeactivateWakeUpTimer
                0x0800f998       0x80 ./Drivers/STM32L0xx_HAL_Driver/stm32l0xx_hal_rtc_ex.o
                0x0800f998                HAL_RTCEx_DeactivateWakeUpTimer
 .text.HAL_RTCEx_WakeUpTimerEventCallback
                0x0800fa18        0x2 ./Drivers/STM32L0xx_HAL_Driver/stm32l0xx_hal_rtc_ex.o
                0x0800fa18                HAL_RTCEx_WakeUpTimerEventCallback
 *fill*         0x0800fa1a        0x2 
 .text.HAL_RTCEx_WakeUpTimerIRQHandler
                0x0800fa1c       0x38 ./Drivers/STM32L0xx_HAL_Driver/stm32l0xx_hal_rtc_ex.o
                0x0800fa1c                HAL_RTCEx_WakeUpTimerIRQHandler
 .text.HAL_RTCEx_BKUPWrite
                0x0800fa54        0xc ./Drivers/STM32L0xx_HAL_Driver/stm32l0xx_hal_rtc_ex.o
                0x0800fa54                HAL_RTCEx_BKUPWrite
 .text.HAL_RTCEx_BKUPRead
                0x0800fa60        0xc ./Drivers/STM32L0xx_HAL_Driver/stm32l0xx_hal_rtc_ex.o
                0x0800fa60                HAL_RTCEx_BKUPRead
 .text.TIM_Base_SetConfig
                0x0800fa6c       0x70 ./Drivers/STM32L0xx_HAL_Driver/stm32l0xx_hal_tim.o
 .text.TIM_OC1_SetConfig
                0x0800fadc       0x2c ./Drivers/STM32L0xx_HAL_Driver/stm32l0xx_hal_tim.o
 .text.TIM_OC2_SetConfig
                0x0800fb08       0x34 ./Drivers/STM32L0xx_HAL_Driver/stm32l0xx_hal_tim.o
 .text.TIM_CCxChannelCmd
                0x0800fb3c       0x1a ./Drivers/STM32L0xx_HAL_Driver/stm32l0xx_hal_tim.o
 .text.HAL_TIM_Base_Init
                0x0800fb56       0x48 ./Drivers/STM32L0xx_HAL_Driver/stm32l0xx_hal_tim.o
                0x0800fb56                HAL_TIM_Base_Init
 *fill*         0x0800fb9e        0x2 
 .text.HAL_TIM_Base_Start
                0x0800fba0       0x58 ./Drivers/STM32L0xx_HAL_Driver/stm32l0xx_hal_tim.o
                0x0800fba0                HAL_TIM_Base_Start
 .text.HAL_TIM_Base_Stop
                0x0800fbf8       0x20 ./Drivers/STM32L0xx_HAL_Driver/stm32l0xx_hal_tim.o
                0x0800fbf8                HAL_TIM_Base_Stop
 .text.HAL_TIM_OC_Start
                0x0800fc18       0x74 ./Drivers/STM32L0xx_HAL_Driver/stm32l0xx_hal_tim.o
                0x0800fc18                HAL_TIM_OC_Start
 .text.HAL_TIM_PWM_Init
                0x0800fc8c       0x48 ./Drivers/STM32L0xx_HAL_Driver/stm32l0xx_hal_tim.o
                0x0800fc8c                HAL_TIM_PWM_Init
 .text.HAL_TIM_PWM_Start
                0x0800fcd4        0x8 ./Drivers/STM32L0xx_HAL_Driver/stm32l0xx_hal_tim.o
                0x0800fcd4                HAL_TIM_PWM_Start
 .text.HAL_TIM_PWM_ConfigChannel
                0x0800fcdc      0x11c ./Drivers/STM32L0xx_HAL_Driver/stm32l0xx_hal_tim.o
                0x0800fcdc                HAL_TIM_PWM_ConfigChannel
 .text.HAL_TIMEx_MasterConfigSynchronization
                0x0800fdf8       0x64 ./Drivers/STM32L0xx_HAL_Driver/stm32l0xx_hal_tim_ex.o
                0x0800fdf8                HAL_TIMEx_MasterConfigSynchronization
 .text.HAL_TIMEx_RemapConfig
                0x0800fe5c       0x1a ./Drivers/STM32L0xx_HAL_Driver/stm32l0xx_hal_tim_ex.o
                0x0800fe5c                HAL_TIMEx_RemapConfig
 .text.HAL_UARTEx_RxEventCallback
                0x0800fe76        0x2 ./Drivers/STM32L0xx_HAL_Driver/stm32l0xx_hal_uart.o
                0x0800fe76                HAL_UARTEx_RxEventCallback
 .text.UART_EndRxTransfer
                0x0800fe78       0x5c ./Drivers/STM32L0xx_HAL_Driver/stm32l0xx_hal_uart.o
 .text.UART_DMATransmitCplt
                0x0800fed4       0x54 ./Drivers/STM32L0xx_HAL_Driver/stm32l0xx_hal_uart.o
 .text.UART_DMATxHalfCplt
                0x0800ff28        0xe ./Drivers/STM32L0xx_HAL_Driver/stm32l0xx_hal_uart.o
 *fill*         0x0800ff36        0x2 
 .text.UART_DMAReceiveCplt
                0x0800ff38       0xa4 ./Drivers/STM32L0xx_HAL_Driver/stm32l0xx_hal_uart.o
 .text.UART_DMARxHalfCplt
                0x0800ffdc       0x28 ./Drivers/STM32L0xx_HAL_Driver/stm32l0xx_hal_uart.o
 .text.UART_DMAError
                0x08010004       0x6c ./Drivers/STM32L0xx_HAL_Driver/stm32l0xx_hal_uart.o
 .text.UART_DMAAbortOnError
                0x08010070       0x1a ./Drivers/STM32L0xx_HAL_Driver/stm32l0xx_hal_uart.o
 *fill*         0x0801008a        0x2 
 .text.UART_RxISR_8BIT
                0x0801008c       0xe4 ./Drivers/STM32L0xx_HAL_Driver/stm32l0xx_hal_uart.o
 .text.UART_RxISR_16BIT
                0x08010170       0xe4 ./Drivers/STM32L0xx_HAL_Driver/stm32l0xx_hal_uart.o
 .text.HAL_UART_AbortReceiveCpltCallback
                0x08010254        0x2 ./Drivers/STM32L0xx_HAL_Driver/stm32l0xx_hal_uart.o