Archive member included to satisfy reference by file (symbol)

C:\Users\itsme\OneDrive\Documenten\GitHub\MJSGadget - dB meter\Drivers\CMSIS\Lib\GCC\libarm_cortexM0l_math.a(arm_const_structs.o)
                              ./Core/Src/sound_measurement.o (arm_cfft_sR_q31_len128)
C:\Users\itsme\OneDrive\Documenten\GitHub\MJSGadget - dB meter\Drivers\CMSIS\Lib\GCC\libarm_cortexM0l_math.a(arm_common_tables.o)
                              C:\Users\itsme\OneDrive\Documenten\GitHub\MJSGadget - dB meter\Drivers\CMSIS\Lib\GCC\libarm_cortexM0l_math.a(arm_const_structs.o) (twiddleCoef_rfft_4096)
C:\Users\itsme\OneDrive\Documenten\GitHub\MJSGadget - dB meter\Drivers\CMSIS\Lib\GCC\libarm_cortexM0l_math.a(arm_cfft_q31.o)
                              ./Core/Src/sound_measurement.o (arm_cfft_q31)
C:\Users\itsme\OneDrive\Documenten\GitHub\MJSGadget - dB meter\Drivers\CMSIS\Lib\GCC\libarm_cortexM0l_math.a(arm_bitreversal2.o)
                              C:\Users\itsme\OneDrive\Documenten\GitHub\MJSGadget - dB meter\Drivers\CMSIS\Lib\GCC\libarm_cortexM0l_math.a(arm_cfft_q31.o) (arm_bitreversal_32)
C:\Users\itsme\OneDrive\Documenten\GitHub\MJSGadget - dB meter\Drivers\CMSIS\Lib\GCC\libarm_cortexM0l_math.a(arm_rfft_init_q31.o)
                              C:\Users\itsme\OneDrive\Documenten\GitHub\MJSGadget - dB meter\Drivers\CMSIS\Lib\GCC\libarm_cortexM0l_math.a(arm_const_structs.o) (realCoefBQ31)
C:\Users\itsme\OneDrive\Documenten\GitHub\MJSGadget - dB meter\Drivers\CMSIS\Lib\GCC\libarm_cortexM0l_math.a(arm_rfft_init_q15.o)
                              C:\Users\itsme\OneDrive\Documenten\GitHub\MJSGadget - dB meter\Drivers\CMSIS\Lib\GCC\libarm_cortexM0l_math.a(arm_const_structs.o) (realCoefBQ15)
C:\Users\itsme\OneDrive\Documenten\GitHub\MJSGadget - dB meter\Drivers\CMSIS\Lib\GCC\libarm_cortexM0l_math.a(arm_cfft_radix4_q31.o)
                              C:\Users\itsme\OneDrive\Documenten\GitHub\MJSGadget - dB meter\Drivers\CMSIS\Lib\GCC\libarm_cortexM0l_math.a(arm_cfft_q31.o) (arm_radix4_butterfly_q31)
C:\Users\itsme\OneDrive\Documenten\GitHub\MJSGadget - dB meter\Drivers\CMSIS\Lib\GCC\libarm_cortexM0l_math.a(arm_cmplx_mag_squared_q31.o)
                              ./Core/Src/sound_measurement.o (arm_cmplx_mag_squared_q31)
C:\Users\itsme\OneDrive\Documenten\GitHub\MJSGadget - dB meter\Drivers\CMSIS\Lib\GCC\libarm_cortexM0l_math.a(arm_mult_q31.o)
                              ./Core/Src/sound_measurement.o (arm_mult_q31)
C:\Users\itsme\OneDrive\Documenten\GitHub\MJSGadget - dB meter\Drivers\CMSIS\Lib\GCC\libarm_cortexM0l_math.a(arm_add_q31.o)
                              ./Core/Src/sound_measurement.o (arm_add_q31)
C:\Users\itsme\OneDrive\Documenten\GitHub\MJSGadget - dB meter\Drivers\CMSIS\Lib\GCC\libarm_cortexM0l_math.a(arm_bitreversal.o)
                              C:\Users\itsme\OneDrive\Documenten\GitHub\MJSGadget - dB meter\Drivers\CMSIS\Lib\GCC\libarm_cortexM0l_math.a(arm_cfft_radix4_q31.o) (arm_bitreversal_q31)
C:/ST/STM32CubeIDE_1.16.1/STM32CubeIDE/plugins/com.st.stm32cube.ide.mcu.externaltools.gnu-tools-for-stm32.12.3.rel1.win32_1.1.0.202410251130/tools/bin/../lib/gcc/arm-none-eabi/12.3.1/../../../../arm-none-eabi/lib/thumb/v6-m/nofp\libc_nano.a(libc_a-atof.o)
                              ./Core/Src/microphone.o (atof)
C:/ST/STM32CubeIDE_1.16.1/STM32CubeIDE/plugins/com.st.stm32cube.ide.mcu.externaltools.gnu-tools-for-stm32.12.3.rel1.win32_1.1.0.202410251130/tools/bin/../lib/gcc/arm-none-eabi/12.3.1/../../../../arm-none-eabi/lib/thumb/v6-m/nofp\libc_nano.a(libc_a-atoi.o)
                              ./Core/Src/RealTimeClock.o (atoi)
C:/ST/STM32CubeIDE_1.16.1/STM32CubeIDE/plugins/com.st.stm32cube.ide.mcu.externaltools.gnu-tools-for-stm32.12.3.rel1.win32_1.1.0.202410251130/tools/bin/../lib/gcc/arm-none-eabi/12.3.1/../../../../arm-none-eabi/lib/thumb/v6-m/nofp\libc_nano.a(libc_a-exit.o)
                              C:/ST/STM32CubeIDE_1.16.1/STM32CubeIDE/plugins/com.st.stm32cube.ide.mcu.externaltools.gnu-tools-for-stm32.12.3.rel1.win32_1.1.0.202410251130/tools/bin/../lib/gcc/arm-none-eabi/12.3.1/../../../../arm-none-eabi/lib/thumb/v6-m/nofp/crt0.o (exit)
C:/ST/STM32CubeIDE_1.16.1/STM32CubeIDE/plugins/com.st.stm32cube.ide.mcu.externaltools.gnu-tools-for-stm32.12.3.rel1.win32_1.1.0.202410251130/tools/bin/../lib/gcc/arm-none-eabi/12.3.1/../../../../arm-none-eabi/lib/thumb/v6-m/nofp\libc_nano.a(libc_a-strtod.o)
                              C:/ST/STM32CubeIDE_1.16.1/STM32CubeIDE/plugins/com.st.stm32cube.ide.mcu.externaltools.gnu-tools-for-stm32.12.3.rel1.win32_1.1.0.202410251130/tools/bin/../lib/gcc/arm-none-eabi/12.3.1/../../../../arm-none-eabi/lib/thumb/v6-m/nofp\libc_nano.a(libc_a-atof.o) (strtod)
C:/ST/STM32CubeIDE_1.16.1/STM32CubeIDE/plugins/com.st.stm32cube.ide.mcu.externaltools.gnu-tools-for-stm32.12.3.rel1.win32_1.1.0.202410251130/tools/bin/../lib/gcc/arm-none-eabi/12.3.1/../../../../arm-none-eabi/lib/thumb/v6-m/nofp\libc_nano.a(libc_a-strtol.o)
[...]
Memory Configuration

Name             Origin             Length             Attributes
RAM              0x20000000         0x00005000         xrw
FLASH            0x08000000         0x00030000         xr
*default*        0x00000000         0xffffffff

Linker script and memory map

LOAD C:/ST/STM32CubeIDE_1.16.1/STM32CubeIDE/plugins/com.st.stm32cube.ide.mcu.externaltools.gnu-tools-for-stm32.12.3.rel1.win32_1.1.0.202410251130/tools/bin/../lib/gcc/arm-none-eabi/12.3.1/thumb/v6-m/nofp/crti.o
LOAD C:/ST/STM32CubeIDE_1.16.1/STM32CubeIDE/plugins/com.st.stm32cube.ide.mcu.externaltools.gnu-tools-for-stm32.12.3.rel1.win32_1.1.0.202410251130/tools/bin/../lib/gcc/arm-none-eabi/12.3.1/thumb/v6-m/nofp/crtbegin.o
LOAD C:/ST/STM32CubeIDE_1.16.1/STM32CubeIDE/plugins/com.st.stm32cube.ide.mcu.externaltools.gnu-tools-for-stm32.12.3.rel1.win32_1.1.0.202410251130/tools/bin/../lib/gcc/arm-none-eabi/12.3.1/../../../../arm-none-eabi/lib/thumb/v6-m/nofp/crt0.o
LOAD ./Core/Src/ENS160.o
LOAD ./Core/Src/ESP.o
LOAD ./Core/Src/I2CSensors.o
LOAD ./Core/Src/PC_Config.o
LOAD ./Core/Src/PowerUtils.o
LOAD ./Core/Src/RealTimeClock.o
LOAD ./Core/Src/adc.o
LOAD ./Core/Src/aht2x.o
LOAD ./Core/Src/bmp280.o
LOAD ./Core/Src/display.o
LOAD ./Core/Src/dma.o
LOAD ./Core/Src/eeprom.o
LOAD ./Core/Src/efficient_10log10.o
LOAD ./Core/Src/fonts.o
LOAD ./Core/Src/gpio.o
LOAD ./Core/Src/i2c.o
LOAD ./Core/Src/i2s.o
LOAD ./Core/Src/main.o
LOAD ./Core/Src/measurement.o
LOAD ./Core/Src/microphone.o
LOAD ./Core/Src/rtc.o
LOAD ./Core/Src/sen5x.o
LOAD ./Core/Src/sen5x_i2c.o
LOAD ./Core/Src/sensirion_common.o
LOAD ./Core/Src/sensirion_gas_index_algorithm.o
LOAD ./Core/Src/sensirion_i2c.o
LOAD ./Core/Src/sgp40.o
LOAD ./Core/Src/sound_LUTs.o
LOAD ./Core/Src/sound_measurement.o
LOAD ./Core/Src/sound_utilities.o
LOAD ./Core/Src/ssd1306_128x64_i2c.o
LOAD ./Core/Src/statusCheck.o
LOAD ./Core/Src/stm32l0xx_hal_msp.o
LOAD ./Core/Src/stm32l0xx_it.o
LOAD ./Core/Src/syscalls.o
LOAD ./Core/Src/sysmem.o
LOAD ./Core/Src/system_stm32l0xx.o
LOAD ./Core/Src/tim.o
LOAD ./Core/Src/usart.o
LOAD ./Core/Src/utils.o
LOAD ./Core/Src/wsenHIDS.o
LOAD ./Core/Startup/startup_stm32l072rztx.o
LOAD ./Drivers/STM32L0xx_HAL_Driver/stm32l0xx_hal.o
LOAD ./Drivers/STM32L0xx_HAL_Driver/stm32l0xx_hal_adc.o
LOAD ./Drivers/STM32L0xx_HAL_Driver/stm32l0xx_hal_adc_ex.o
LOAD ./Drivers/STM32L0xx_HAL_Driver/stm32l0xx_hal_cortex.o
LOAD ./Drivers/STM32L0xx_HAL_Driver/stm32l0xx_hal_dma.o
LOAD ./Drivers/STM32L0xx_HAL_Driver/stm32l0xx_hal_exti.o
LOAD ./Drivers/STM32L0xx_HAL_Driver/stm32l0xx_hal_flash.o
LOAD ./Drivers/STM32L0xx_HAL_Driver/stm32l0xx_hal_flash_ex.o
LOAD ./Drivers/STM32L0xx_HAL_Driver/stm32l0xx_hal_flash_ramfunc.o
LOAD ./Drivers/STM32L0xx_HAL_Driver/stm32l0xx_hal_gpio.o
LOAD ./Drivers/STM32L0xx_HAL_Driver/stm32l0xx_hal_i2c.o
LOAD ./Drivers/STM32L0xx_HAL_Driver/stm32l0xx_hal_i2c_ex.o
LOAD ./Drivers/STM32L0xx_HAL_Driver/stm32l0xx_hal_i2s.o
LOAD ./Drivers/STM32L0xx_HAL_Driver/stm32l0xx_hal_pcd.o
LOAD ./Drivers/STM32L0xx_HAL_Driver/stm32l0xx_hal_pcd_ex.o
LOAD ./Drivers/STM32L0xx_HAL_Driver/stm32l0xx_hal_pwr.o
LOAD ./Drivers/STM32L0xx_HAL_Driver/stm32l0xx_hal_pwr_ex.o
LOAD ./Drivers/STM32L0xx_HAL_Driver/stm32l0xx_hal_rcc.o
LOAD ./Drivers/STM32L0xx_HAL_Driver/stm32l0xx_hal_rcc_ex.o
LOAD ./Drivers/STM32L0xx_HAL_Driver/stm32l0xx_hal_rtc.o
LOAD ./Drivers/STM32L0xx_HAL_Driver/stm32l0xx_hal_rtc_ex.o
LOAD ./Drivers/STM32L0xx_HAL_Driver/stm32l0xx_hal_tim.o
LOAD ./Drivers/STM32L0xx_HAL_Driver/stm32l0xx_hal_tim_ex.o
LOAD ./Drivers/STM32L0xx_HAL_Driver/stm32l0xx_hal_uart.o
LOAD ./Drivers/STM32L0xx_HAL_Driver/stm32l0xx_hal_uart_ex.o
LOAD ./Drivers/STM32L0xx_HAL_Driver/stm32l0xx_ll_usb.o
LOAD ./Middlewares/USB_Device_Library/usbd_cdc.o
LOAD ./Middlewares/USB_Device_Library/usbd_core.o
LOAD ./Middlewares/USB_Device_Library/usbd_ctlreq.o
LOAD ./Middlewares/USB_Device_Library/usbd_ioreq.o
LOAD ./USB_DEVICE/App/usb_device.o
LOAD ./USB_DEVICE/App/usbd_cdc_if.o
LOAD ./USB_DEVICE/App/usbd_desc.o
LOAD ./USB_DEVICE/Target/usbd_conf.o
LOAD C:\Users\itsme\OneDrive\Documenten\GitHub\MJSGadget - dB meter\Drivers\CMSIS\Lib\GCC\libarm_cortexM0l_math.a
START GROUP
LOAD C:/ST/STM32CubeIDE_1.16.1/STM32CubeIDE/plugins/com.st.stm32cube.ide.mcu.externaltools.gnu-tools-for-stm32.12.3.rel1.win32_1.1.0.202410251130/tools/bin/../lib/gcc/arm-none-eabi/12.3.1/../../../../arm-none-eabi/lib/thumb/v6-m/nofp\libc_nano.a
LOAD C:/ST/STM32CubeIDE_1.16.1/STM32CubeIDE/plugins/com.st.stm32cube.ide.mcu.externaltools.gnu-tools-for-stm32.12.3.rel1.win32_1.1.0.202410251130/tools/bin/../lib/gcc/arm-none-eabi/12.3.1/../../../../arm-none-eabi/lib/thumb/v6-m/nofp\libm.a
END GROUP
START GROUP
LOAD C:/ST/STM32CubeIDE_1.16.1/STM32CubeIDE/plugins/com.st.stm32cube.ide.mcu.externaltools.gnu-tools-for-stm32.12.3.rel1.win32_1.1.0.202410251130/tools/bin/../lib/gcc/arm-none-eabi/12.3.1/thumb/v6-m/nofp\libgcc.a
LOAD C:/ST/STM32CubeIDE_1.16.1/STM32CubeIDE/plugins/com.st.stm32cube.ide.mcu.externaltools.gnu-tools-for-stm32.12.3.rel1.win32_1.1.0.202410251130/tools/bin/../lib/gcc/arm-none-eabi/12.3.1/../../../../arm-none-eabi/lib/thumb/v6-m/nofp\libc_nano.a
END GROUP
START GROUP
LOAD C:/ST/STM32CubeIDE_1.16.1/STM32CubeIDE/plugins/com.st.stm32cube.ide.mcu.externaltools.gnu-tools-for-stm32.12.3.rel1.win32_1.1.0.202410251130/tools/bin/../lib/gcc/arm-none-eabi/12.3.1/thumb/v6-m/nofp\libgcc.a
LOAD C:/ST/STM32CubeIDE_1.16.1/STM32CubeIDE/plugins/com.st.stm32cube.ide.mcu.externaltools.gnu-tools-for-stm32.12.3.rel1.win32_1.1.0.202410251130/tools/bin/../lib/gcc/arm-none-eabi/12.3.1/../../../../arm-none-eabi/lib/thumb/v6-m/nofp\libc_nano.a
LOAD C:/ST/STM32CubeIDE_1.16.1/STM32CubeIDE/plugins/com.st.stm32cube.ide.mcu.externaltools.gnu-tools-for-stm32.12.3.rel1.win32_1.1.0.202410251130/tools/bin/../lib/gcc/arm-none-eabi/12.3.1/../../../../arm-none-eabi/lib/thumb/v6-m/nofp\libnosys.a
END GROUP
START GROUP
LOAD C:/ST/STM32CubeIDE_1.16.1/STM32CubeIDE/plugins/com.st.stm32cube.ide.mcu.externaltools.gnu-tools-for-stm32.12.3.rel1.win32_1.1.0.202410251130/tools/bin/../lib/gcc/arm-none-eabi/12.3.1/thumb/v6-m/nofp\libgcc.a
LOAD C:/ST/STM32CubeIDE_1.16.1/STM32CubeIDE/plugins/com.st.stm32cube.ide.mcu.externaltools.gnu-tools-for-stm32.12.3.rel1.win32_1.1.0.202410251130/tools/bin/../lib/gcc/arm-none-eabi/12.3.1/../../../../arm-none-eabi/lib/thumb/v6-m/nofp\libc_nano.a
LOAD C:/ST/STM32CubeIDE_1.16.1/STM32CubeIDE/plugins/com.st.stm32cube.ide.mcu.externaltools.gnu-tools-for-stm32.12.3.rel1.win32_1.1.0.202410251130/tools/bin/../lib/gcc/arm-none-eabi/12.3.1/../../../../arm-none-eabi/lib/thumb/v6-m/nofp\libnosys.a
END GROUP
LOAD C:/ST/STM32CubeIDE_1.16.1/STM32CubeIDE/plugins/com.st.stm32cube.ide.mcu.externaltools.gnu-tools-for-stm32.12.3.rel1.win32_1.1.0.202410251130/tools/bin/../lib/gcc/arm-none-eabi/12.3.1/thumb/v6-m/nofp/crtend.o
LOAD C:/ST/STM32CubeIDE_1.16.1/STM32CubeIDE/plugins/com.st.stm32cube.ide.mcu.externaltools.gnu-tools-for-stm32.12.3.rel1.win32_1.1.0.202410251130/tools/bin/../lib/gcc/arm-none-eabi/12.3.1/thumb/v6-m/nofp/crtn.o
                0x20005000                        _estack = (ORIGIN (RAM) + LENGTH (RAM))
                0x00000100                        _Min_Heap_Size = 0x100
                0x00000400                        _Min_Stack_Size = 0x400

.isr_vector     0x08000000       0xc0
                0x08000000                        . = ALIGN (0x4)
 *(.isr_vector)
 .isr_vector    0x08000000       0xc0 ./Core/Startup/startup_stm32l072rztx.o
                0x08000000                g_pfnVectors
                0x080000c0                        . = ALIGN (0x4)

.text           0x080000c0    0x19890
                0x080000c0                        . = ALIGN (0x4)
 *(.text)
 .text          0x080000c0       0x48 C:/ST/STM32CubeIDE_1.16.1/STM32CubeIDE/plugins/com.st.stm32cube.ide.mcu.externaltools.gnu-tools-for-stm32.12.3.rel1.win32_1.1.0.202410251130/tools/bin/../lib/gcc/arm-none-eabi/12.3.1/thumb/v6-m/nofp/crtbegin.o
 .text          0x08000108       0x50 C:\Users\itsme\OneDrive\Documenten\GitHub\MJSGadget - dB meter\Drivers\CMSIS\Lib\GCC\libarm_cortexM0l_math.a(arm_bitreversal2.o)
                0x08000108                arm_bitreversal_32
                0x08000132                arm_bitreversal_16
 .text          0x08000158       0x14 C:/ST/STM32CubeIDE_1.16.1/STM32CubeIDE/plugins/com.st.stm32cube.ide.mcu.externaltools.gnu-tools-for-stm32.12.3.rel1.win32_1.1.0.202410251130/tools/bin/../lib/gcc/arm-none-eabi/12.3.1/../../../../arm-none-eabi/lib/thumb/v6-m/nofp\libc_nano.a(libc_a-strcmp.o)
                0x08000158                strcmp
 .text          0x0800016c        0xe C:/ST/STM32CubeIDE_1.16.1/STM32CubeIDE/plugins/com.st.stm32cube.ide.mcu.externaltools.gnu-tools-for-stm32.12.3.rel1.win32_1.1.0.202410251130/tools/bin/../lib/gcc/arm-none-eabi/12.3.1/../../../../arm-none-eabi/lib/thumb/v6-m/nofp\libc_nano.a(libc_a-strlen.o)
                0x0800016c                strlen
 *fill*         0x0800017a        0x2 
 .text          0x0800017c       0x14 C:/ST/STM32CubeIDE_1.16.1/STM32CubeIDE/plugins/com.st.stm32cube.ide.mcu.externaltools.gnu-tools-for-stm32.12.3.rel1.win32_1.1.0.202410251130/tools/bin/../lib/gcc/arm-none-eabi/12.3.1/thumb/v6-m/nofp\libgcc.a(_thumb1_case_uqi.o)
                0x0800017c                __gnu_thumb1_case_uqi
 .text          0x08000190       0x14 C:/ST/STM32CubeIDE_1.16.1/STM32CubeIDE/plugins/com.st.stm32cube.ide.mcu.externaltools.gnu-tools-for-stm32.12.3.rel1.win32_1.1.0.202410251130/tools/bin/../lib/gcc/arm-none-eabi/12.3.1/thumb/v6-m/nofp\libgcc.a(_thumb1_case_shi.o)
                0x08000190                __gnu_thumb1_case_shi
 .text          0x080001a4       0x14 C:/ST/STM32CubeIDE_1.16.1/STM32CubeIDE/plugins/com.st.stm32cube.ide.mcu.externaltools.gnu-tools-for-stm32.12.3.rel1.win32_1.1.0.202410251130/tools/bin/../lib/gcc/arm-none-eabi/12.3.1/thumb/v6-m/nofp\libgcc.a(_thumb1_case_uhi.o)
                0x080001a4                __gnu_thumb1_case_uhi
 .text          0x080001b8      0x114 C:/ST/STM32CubeIDE_1.16.1/STM32CubeIDE/plugins/com.st.stm32cube.ide.mcu.externaltools.gnu-tools-for-stm32.12.3.rel1.win32_1.1.0.202410251130/tools/bin/../lib/gcc/arm-none-eabi/12.3.1/thumb/v6-m/nofp\libgcc.a(_udivsi3.o)
                0x080001b8                __aeabi_uidiv
                0x080001b8                __udivsi3
                0x080002c4                __aeabi_uidivmod
 .text          0x080002cc      0x1d4 C:/ST/STM32CubeIDE_1.16.1/STM32CubeIDE/plugins/com.st.stm32cube.ide.mcu.externaltools.gnu-tools-for-stm32.12.3.rel1.win32_1.1.0.202410251130/tools/bin/../lib/gcc/arm-none-eabi/12.3.1/thumb/v6-m/nofp\libgcc.a(_divsi3.o)
                0x080002cc                __divsi3
                0x080002cc                __aeabi_idiv
                0x08000498                __aeabi_idivmod
 .text          0x080004a0        0x4 C:/ST/STM32CubeIDE_1.16.1/STM32CubeIDE/plugins/com.st.stm32cube.ide.mcu.externaltools.gnu-tools-for-stm32.12.3.rel1.win32_1.1.0.202410251130/tools/bin/../lib/gcc/arm-none-eabi/12.3.1/thumb/v6-m/nofp\libgcc.a(_dvmd_tls.o)
                0x080004a0                __aeabi_idiv0
                0x080004a0                __aeabi_ldiv0
 .text          0x080004a4       0x18 C:/ST/STM32CubeIDE_1.16.1/STM32CubeIDE/plugins/com.st.stm32cube.ide.mcu.externaltools.gnu-tools-for-stm32.12.3.rel1.win32_1.1.0.202410251130/tools/bin/../lib/gcc/arm-none-eabi/12.3.1/thumb/v6-m/nofp\libgcc.a(_lshrdi3.o)
                0x080004a4                __lshrdi3
                0x080004a4                __aeabi_llsr
 .text          0x080004bc       0x18 C:/ST/STM32CubeIDE_1.16.1/STM32CubeIDE/plugins/com.st.stm32cube.ide.mcu.externaltools.gnu-tools-for-stm32.12.3.rel1.win32_1.1.0.202410251130/tools/bin/../lib/gcc/arm-none-eabi/12.3.1/thumb/v6-m/nofp\libgcc.a(_ashldi3.o)
                0x080004bc                __aeabi_llsl
                0x080004bc                __ashldi3
 .text          0x080004d4       0x7c C:/ST/STM32CubeIDE_1.16.1/STM32CubeIDE/plugins/com.st.stm32cube.ide.mcu.externaltools.gnu-tools-for-stm32.12.3.rel1.win32_1.1.0.202410251130/tools/bin/../lib/gcc/arm-none-eabi/12.3.1/thumb/v6-m/nofp\libgcc.a(_arm_cmpdf2.o)
                0x080004d4                __aeabi_cdrcmple
                0x080004e4                __aeabi_cdcmple
                0x080004e4                __aeabi_cdcmpeq
                0x080004f4                __aeabi_dcmpeq
                0x08000500                __aeabi_dcmplt
                0x08000514                __aeabi_dcmple
                0x08000528                __aeabi_dcmpgt
                0x0800053c                __aeabi_dcmpge
 .text          0x08000550       0x74 C:/ST/STM32CubeIDE_1.16.1/STM32CubeIDE/plugins/com.st.stm32cube.ide.mcu.externaltools.gnu-tools-for-stm32.12.3.rel1.win32_1.1.0.202410251130/tools/bin/../lib/gcc/arm-none-eabi/12.3.1/thumb/v6-m/nofp\libgcc.a(_arm_cmpsf2.o)
                0x08000550                __aeabi_cfrcmple
                0x08000558                __aeabi_cfcmpeq
                0x08000558                __aeabi_cfcmple
                0x08000568                __aeabi_fcmpeq
                0x08000574                __aeabi_fcmplt
                0x08000588                __aeabi_fcmple
                0x0800059c                __aeabi_fcmpgt
                0x080005b0                __aeabi_fcmpge
 .text          0x080005c4       0x40 C:/ST/STM32CubeIDE_1.16.1/STM32CubeIDE/plugins/com.st.stm32cube.ide.mcu.externaltools.gnu-tools-for-stm32.12.3.rel1.win32_1.1.0.202410251130/tools/bin/../lib/gcc/arm-none-eabi/12.3.1/thumb/v6-m/nofp\libgcc.a(_aeabi_uldivmod.o)
                0x080005c4                __aeabi_uldivmod
 .text          0x08000604       0x5c C:/ST/STM32CubeIDE_1.16.1/STM32CubeIDE/plugins/com.st.stm32cube.ide.mcu.externaltools.gnu-tools-for-stm32.12.3.rel1.win32_1.1.0.202410251130/tools/bin/../lib/gcc/arm-none-eabi/12.3.1/thumb/v6-m/nofp\libgcc.a(_muldi3.o)
                0x08000604                __muldi3
                0x08000604                __aeabi_lmul
 .text          0x08000660       0x30 C:/ST/STM32CubeIDE_1.16.1/STM32CubeIDE/plugins/com.st.stm32cube.ide.mcu.externaltools.gnu-tools-for-stm32.12.3.rel1.win32_1.1.0.202410251130/tools/bin/../lib/gcc/arm-none-eabi/12.3.1/thumb/v6-m/nofp\libgcc.a(_fixunssfsi.o)
                0x08000660                __fixunssfsi
                0x08000660                __aeabi_f2uiz
 .text          0x08000690       0x3c C:/ST/STM32CubeIDE_1.16.1/STM32CubeIDE/plugins/com.st.stm32cube.ide.mcu.externaltools.gnu-tools-for-stm32.12.3.rel1.win32_1.1.0.202410251130/tools/bin/../lib/gcc/arm-none-eabi/12.3.1/thumb/v6-m/nofp\libgcc.a(_fixunsdfsi.o)
                0x08000690                __aeabi_d2uiz
                0x08000690                __fixunsdfsi
 .text          0x080006cc       0x38 C:/ST/STM32CubeIDE_1.16.1/STM32CubeIDE/plugins/com.st.stm32cube.ide.mcu.externaltools.gnu-tools-for-stm32.12.3.rel1.win32_1.1.0.202410251130/tools/bin/../lib/gcc/arm-none-eabi/12.3.1/thumb/v6-m/nofp\libgcc.a(_fixdfdi.o)
                0x080006cc                __fixdfdi
                0x080006cc                __aeabi_d2lz
 .text          0x08000704       0x3c C:/ST/STM32CubeIDE_1.16.1/STM32CubeIDE/plugins/com.st.stm32cube.ide.mcu.externaltools.gnu-tools-for-stm32.12.3.rel1.win32_1.1.0.202410251130/tools/bin/../lib/gcc/arm-none-eabi/12.3.1/thumb/v6-m/nofp\libgcc.a(_fixunsdfdi.o)
                0x08000704                __fixunsdfdi
                0x08000704                __aeabi_d2ulz
 .text          0x08000740       0x2c C:/ST/STM32CubeIDE_1.16.1/STM32CubeIDE/plugins/com.st.stm32cube.ide.mcu.externaltools.gnu-tools-for-stm32.12.3.rel1.win32_1.1.0.202410251130/tools/bin/../lib/gcc/arm-none-eabi/12.3.1/thumb/v6-m/nofp\libgcc.a(_floatdidf.o)
                0x08000740                __aeabi_l2d
                0x08000740                __floatdidf
 .text          0x0800076c      0x198 C:/ST/STM32CubeIDE_1.16.1/STM32CubeIDE/plugins/com.st.stm32cube.ide.mcu.externaltools.gnu-tools-for-stm32.12.3.rel1.win32_1.1.0.202410251130/tools/bin/../lib/gcc/arm-none-eabi/12.3.1/thumb/v6-m/nofp\libgcc.a(_udivmoddi4.o)
                0x0800076c                __udivmoddi4
 .text          0x08000904      0x314 C:/ST/STM32CubeIDE_1.16.1/STM32CubeIDE/plugins/com.st.stm32cube.ide.mcu.externaltools.gnu-tools-for-stm32.12.3.rel1.win32_1.1.0.202410251130/tools/bin/../lib/gcc/arm-none-eabi/12.3.1/thumb/v6-m/nofp\libgcc.a(addsf3.o)
                0x08000904                __aeabi_fadd
 .text          0x08000c18      0x240 C:/ST/STM32CubeIDE_1.16.1/STM32CubeIDE/plugins/com.st.stm32cube.ide.mcu.externaltools.gnu-tools-for-stm32.12.3.rel1.win32_1.1.0.202410251130/tools/bin/../lib/gcc/arm-none-eabi/12.3.1/thumb/v6-m/nofp\libgcc.a(divsf3.o)
                0x08000c18                __aeabi_fdiv
 .text          0x08000e58       0x50 C:/ST/STM32CubeIDE_1.16.1/STM32CubeIDE/plugins/com.st.stm32cube.ide.mcu.externaltools.gnu-tools-for-stm32.12.3.rel1.win32_1.1.0.202410251130/tools/bin/../lib/gcc/arm-none-eabi/12.3.1/thumb/v6-m/nofp\libgcc.a(eqsf2.o)
                0x08000e58                __eqsf2
                0x08000e58                __nesf2
 .text          0x08000ea8       0xa0 C:/ST/STM32CubeIDE_1.16.1/STM32CubeIDE/plugins/com.st.stm32cube.ide.mcu.externaltools.gnu-tools-for-stm32.12.3.rel1.win32_1.1.0.202410251130/tools/bin/../lib/gcc/arm-none-eabi/12.3.1/thumb/v6-m/nofp\libgcc.a(gesf2.o)
                0x08000ea8                __gesf2
                0x08000ea8                __gtsf2
 .text          0x08000f48       0x9c C:/ST/STM32CubeIDE_1.16.1/STM32CubeIDE/plugins/com.st.stm32cube.ide.mcu.externaltools.gnu-tools-for-stm32.12.3.rel1.win32_1.1.0.202410251130/tools/bin/../lib/gcc/arm-none-eabi/12.3.1/thumb/v6-m/nofp\libgcc.a(lesf2.o)
                0x08000f48                __ltsf2
                0x08000f48                __lesf2
 .text          0x08000fe4      0x27c C:/ST/STM32CubeIDE_1.16.1/STM32CubeIDE/plugins/com.st.stm32cube.ide.mcu.externaltools.gnu-tools-for-stm32.12.3.rel1.win32_1.1.0.202410251130/tools/bin/../lib/gcc/arm-none-eabi/12.3.1/thumb/v6-m/nofp\libgcc.a(mulsf3.o)
                0x08000fe4                __aeabi_fmul
 .text          0x08001260      0x348 C:/ST/STM32CubeIDE_1.16.1/STM32CubeIDE/plugins/com.st.stm32cube.ide.mcu.externaltools.gnu-tools-for-stm32.12.3.rel1.win32_1.1.0.202410251130/tools/bin/../lib/gcc/arm-none-eabi/12.3.1/thumb/v6-m/nofp\libgcc.a(subsf3.o)
                0x08001260                __aeabi_fsub
 .text          0x080015a8       0x2c C:/ST/STM32CubeIDE_1.16.1/STM32CubeIDE/plugins/com.st.stm32cube.ide.mcu.externaltools.gnu-tools-for-stm32.12.3.rel1.win32_1.1.0.202410251130/tools/bin/../lib/gcc/arm-none-eabi/12.3.1/thumb/v6-m/nofp\libgcc.a(unordsf2.o)
                0x080015a8                __aeabi_fcmpun
 .text          0x080015d4       0x40 C:/ST/STM32CubeIDE_1.16.1/STM32CubeIDE/plugins/com.st.stm32cube.ide.mcu.externaltools.gnu-tools-for-stm32.12.3.rel1.win32_1.1.0.202410251130/tools/bin/../lib/gcc/arm-none-eabi/12.3.1/thumb/v6-m/nofp\libgcc.a(fixsfsi.o)
                0x080015d4                __aeabi_f2iz
 .text          0x08001614       0x98 C:/ST/STM32CubeIDE_1.16.1/STM32CubeIDE/plugins/com.st.stm32cube.ide.mcu.externaltools.gnu-tools-for-stm32.12.3.rel1.win32_1.1.0.202410251130/tools/bin/../lib/gcc/arm-none-eabi/12.3.1/thumb/v6-m/nofp\libgcc.a(floatsisf.o)
                0x08001614                __aeabi_i2f
 .text          0x080016ac       0x84 C:/ST/STM32CubeIDE_1.16.1/STM32CubeIDE/plugins/com.st.stm32cube.ide.mcu.externaltools.gnu-tools-for-stm32.12.3.rel1.win32_1.1.0.202410251130/tools/bin/../lib/gcc/arm-none-eabi/12.3.1/thumb/v6-m/nofp\libgcc.a(floatunsisf.o)
                0x080016ac                __aeabi_ui2f
 .text          0x08001730      0x6c8 C:/ST/STM32CubeIDE_1.16.1/STM32CubeIDE/plugins/com.st.stm32cube.ide.mcu.externaltools.gnu-tools-for-stm32.12.3.rel1.win32_1.1.0.202410251130/tools/bin/../lib/gcc/arm-none-eabi/12.3.1/thumb/v6-m/nofp\libgcc.a(adddf3.o)
                0x08001730                __aeabi_dadd
 .text          0x08001df8      0x634 C:/ST/STM32CubeIDE_1.16.1/STM32CubeIDE/plugins/com.st.stm32cube.ide.mcu.externaltools.gnu-tools-for-stm32.12.3.rel1.win32_1.1.0.202410251130/tools/bin/../lib/gcc/arm-none-eabi/12.3.1/thumb/v6-m/nofp\libgcc.a(divdf3.o)
                0x08001df8                __aeabi_ddiv
 .text          0x0800242c       0x88 C:/ST/STM32CubeIDE_1.16.1/STM32CubeIDE/plugins/com.st.stm32cube.ide.mcu.externaltools.gnu-tools-for-stm32.12.3.rel1.win32_1.1.0.202410251130/tools/bin/../lib/gcc/arm-none-eabi/12.3.1/thumb/v6-m/nofp\libgcc.a(eqdf2.o)
                0x0800242c                __nedf2
                0x0800242c                __eqdf2
 .text          0x080024b4       0xe8 C:/ST/STM32CubeIDE_1.16.1/STM32CubeIDE/plugins/com.st.stm32cube.ide.mcu.externaltools.gnu-tools-for-stm32.12.3.rel1.win32_1.1.0.202410251130/tools/bin/../lib/gcc/arm-none-eabi/12.3.1/thumb/v6-m/nofp\libgcc.a(gedf2.o)
                0x080024b4                __gedf2
                0x080024b4                __gtdf2
 .text          0x0800259c       0xe4 C:/ST/STM32CubeIDE_1.16.1/STM32CubeIDE/plugins/com.st.stm32cube.ide.mcu.externaltools.gnu-tools-for-stm32.12.3.rel1.win32_1.1.0.202410251130/tools/bin/../lib/gcc/arm-none-eabi/12.3.1/thumb/v6-m/nofp\libgcc.a(ledf2.o)
                0x0800259c                __ledf2
                0x0800259c                __ltdf2
 .text          0x08002680      0x590 C:/ST/STM32CubeIDE_1.16.1/STM32CubeIDE/plugins/com.st.stm32cube.ide.mcu.externaltools.gnu-tools-for-stm32.12.3.rel1.win32_1.1.0.202410251130/tools/bin/../lib/gcc/arm-none-eabi/12.3.1/thumb/v6-m/nofp\libgcc.a(muldf3.o)
                0x08002680                __aeabi_dmul
 .text          0x08002c10      0x738 C:/ST/STM32CubeIDE_1.16.1/STM32CubeIDE/plugins/com.st.stm32cube.ide.mcu.externaltools.gnu-tools-for-stm32.12.3.rel1.win32_1.1.0.202410251130/tools/bin/../lib/gcc/arm-none-eabi/12.3.1/thumb/v6-m/nofp\libgcc.a(subdf3.o)
                0x08002c10                __aeabi_dsub
 .text          0x08003348       0x44 C:/ST/STM32CubeIDE_1.16.1/STM32CubeIDE/plugins/com.st.stm32cube.ide.mcu.externaltools.gnu-tools-for-stm32.12.3.rel1.win32_1.1.0.202410251130/tools/bin/../lib/gcc/arm-none-eabi/12.3.1/thumb/v6-m/nofp\libgcc.a(unorddf2.o)
                0x08003348                __aeabi_dcmpun
 .text          0x0800338c       0x78 C:/ST/STM32CubeIDE_1.16.1/STM32CubeIDE/plugins/com.st.stm32cube.ide.mcu.externaltools.gnu-tools-for-stm32.12.3.rel1.win32_1.1.0.202410251130/tools/bin/../lib/gcc/arm-none-eabi/12.3.1/thumb/v6-m/nofp\libgcc.a(fixdfsi.o)
                0x0800338c                __aeabi_d2iz
 .text          0x08003404       0x5c C:/ST/STM32CubeIDE_1.16.1/STM32CubeIDE/plugins/com.st.stm32cube.ide.mcu.externaltools.gnu-tools-for-stm32.12.3.rel1.win32_1.1.0.202410251130/tools/bin/../lib/gcc/arm-none-eabi/12.3.1/thumb/v6-m/nofp\libgcc.a(floatsidf.o)
                0x08003404                __aeabi_i2d
 .text          0x08003460       0x48 C:/ST/STM32CubeIDE_1.16.1/STM32CubeIDE/plugins/com.st.stm32cube.ide.mcu.externaltools.gnu-tools-for-stm32.12.3.rel1.win32_1.1.0.202410251130/tools/bin/../lib/gcc/arm-none-eabi/12.3.1/thumb/v6-m/nofp\libgcc.a(floatunsidf.o)
                0x08003460                __aeabi_ui2d
 .text          0x080034a8       0x90 C:/ST/STM32CubeIDE_1.16.1/STM32CubeIDE/plugins/com.st.stm32cube.ide.mcu.externaltools.gnu-tools-for-stm32.12.3.rel1.win32_1.1.0.202410251130/tools/bin/../lib/gcc/arm-none-eabi/12.3.1/thumb/v6-m/nofp\libgcc.a(extendsfdf2.o)
                0x080034a8                __aeabi_f2d
 .text          0x08003538      0x108 C:/ST/STM32CubeIDE_1.16.1/STM32CubeIDE/plugins/com.st.stm32cube.ide.mcu.externaltools.gnu-tools-for-stm32.12.3.rel1.win32_1.1.0.202410251130/tools/bin/../lib/gcc/arm-none-eabi/12.3.1/thumb/v6-m/nofp\libgcc.a(truncdfsf2.o)
                0x08003538                __aeabi_d2f
 .text          0x08003640       0x3c C:/ST/STM32CubeIDE_1.16.1/STM32CubeIDE/plugins/com.st.stm32cube.ide.mcu.externaltools.gnu-tools-for-stm32.12.3.rel1.win32_1.1.0.202410251130/tools/bin/../lib/gcc/arm-none-eabi/12.3.1/thumb/v6-m/nofp\libgcc.a(_clzsi2.o)
                0x08003640                __clzsi2
 .text          0x0800367c       0x18 C:/ST/STM32CubeIDE_1.16.1/STM32CubeIDE/plugins/com.st.stm32cube.ide.mcu.externaltools.gnu-tools-for-stm32.12.3.rel1.win32_1.1.0.202410251130/tools/bin/../lib/gcc/arm-none-eabi/12.3.1/thumb/v6-m/nofp\libgcc.a(_clzdi2.o)
                0x0800367c                __clzdi2
 *(.text*)
 .text.ReadMemRegister.constprop.0
                0x08003694       0x28 ./Core/Src/ENS160.o
 .text.WriteMemRegister.constprop.0
                0x080036bc       0x28 ./Core/Src/ENS160.o
 .text.setENS160TimeStamp
                0x080036e4       0x14 ./Core/Src/ENS160.o
                0x080036e4                setENS160TimeStamp
 .text.ENS_Init
                0x080036f8       0x14 ./Core/Src/ENS160.o
                0x080036f8                ENS_Init
 .text.ENS160_reset
                0x0800370c       0x1e ./Core/Src/ENS160.o
                0x0800370c                ENS160_reset
 *fill*         0x0800372a        0x2 
 .text.ENS160_checkPartID
                0x0800372c       0x7c ./Core/Src/ENS160.o
                0x0800372c                ENS160_checkPartID
 .text.ENS160_clearCommand
                0x080037a8       0x8c ./Core/Src/ENS160.o
                0x080037a8                ENS160_clearCommand
 .text.ENS160_getFirmware
                0x08003834       0x80 ./Core/Src/ENS160.o
                0x08003834                ENS160_getFirmware
 .text.ENS160_setMode
                0x080038b4       0x30 ./Core/Src/ENS160.o
                0x080038b4                ENS160_setMode
 .text.ENS_DeviceConnected
                0x080038e4       0x8c ./Core/Src/ENS160.o
                0x080038e4                ENS_DeviceConnected
 .text.ENS160_readStatus
                0x08003970       0x38 ./Core/Src/ENS160.o
                0x08003970                ENS160_readStatus
 .text.ENS160_measure
                0x080039a8       0x90 ./Core/Src/ENS160.o
                0x080039a8                ENS160_measure
 .text.ENS160_measureRaw
                0x08003a38      0x1a8 ./Core/Src/ENS160.o
                0x08003a38                ENS160_measureRaw
 .text.ENS160_set_envdata210
                0x08003be0       0x14 ./Core/Src/ENS160.o
                0x08003be0                ENS160_set_envdata210
 .text.ENS160_set_envdata
                0x08003bf4       0x38 ./Core/Src/ENS160.o
                0x08003bf4                ENS160_set_envdata
 .text.ENS_Upkeep
                0x08003c2c      0x2e0 ./Core/Src/ENS160.o
                0x08003c2c                ENS_Upkeep
 .text.ESP_Send
                0x08003f0c       0x40 ./Core/Src/ESP.o
 .text.ESP_Receive.constprop.0
                0x08003f4c      0x114 ./Core/Src/ESP.o
 .text.forceNTPupdate
                0x08004060        0xc ./Core/Src/ESP.o
                0x08004060                forceNTPupdate
 .text.setESPTimeStamp
                0x0800406c       0x14 ./Core/Src/ESP.o
                0x0800406c                setESPTimeStamp
 .text.setCharges
                0x08004080       0x30 ./Core/Src/ESP.o
                0x08004080                setCharges
 .text.checkEEprom
                0x080040b0       0x34 ./Core/Src/ESP.o
                0x080040b0                checkEEprom
 .text.checkName
                0x080040e4       0x34 ./Core/Src/ESP.o
                0x080040e4                checkName
 .text.setHIDS  0x08004118        0xc ./Core/Src/ESP.o
                0x08004118                setHIDS
 .text.setVOC   0x08004124       0x14 ./Core/Src/ESP.o
                0x08004124                setVOC
 .text.sethPa   0x08004138       0x1c ./Core/Src/ESP.o
                0x08004138                sethPa
 .text.setMic   0x08004154       0x10 ./Core/Src/ESP.o
                0x08004154                setMic
 .text.setPM2p5
                0x08004164       0x28 ./Core/Src/ESP.o
                0x08004164                setPM2p5
 .text.setPM10  0x0800418c       0x28 ./Core/Src/ESP.o
                0x0800418c                setPM10
 .text.setNOx   0x080041b4       0x14 ./Core/Src/ESP.o
                0x080041b4                setNOx
 .text.resetMaxMeasurementValues
                0x080041c8       0x24 ./Core/Src/ESP.o
                0x080041c8                resetMaxMeasurementValues
 .text.SetConfigMode
                0x080041ec       0x30 ./Core/Src/ESP.o
                0x080041ec                SetConfigMode
 .text.GetReconfigMode
                0x0800421c        0xc ./Core/Src/ESP.o
                0x0800421c                GetReconfigMode
 .text.ESP_GetUID
                0x08004228       0x1c ./Core/Src/ESP.o
                0x08004228                ESP_GetUID
 .text.ESP_Init
                0x08004244       0x28 ./Core/Src/ESP.o
                0x08004244                ESP_Init
 .text.HAL_UART_ErrorCallback
                0x0800426c       0xb0 ./Core/Src/ESP.o
                0x0800426c                HAL_UART_ErrorCallback
 .text.uint8ArrayToString
                0x0800431c       0x20 ./Core/Src/ESP.o
                0x0800431c                uint8ArrayToString
 .text.CreateMessage
                0x0800433c      0x478 ./Core/Src/ESP.o
                0x0800433c                CreateMessage
 .text.StartProg
                0x080047b4       0x54 ./Core/Src/ESP.o
                0x080047b4                StartProg
 .text.ParseBuffer
                0x08004808      0x194 ./Core/Src/ESP.o
                0x08004808                ParseBuffer
 .text.PollAwake
                0x0800499c       0x10 ./Core/Src/ESP.o
                0x0800499c                PollAwake
 .text.RFPower  0x080049ac       0x10 ./Core/Src/ESP.o
                0x080049ac                RFPower
 .text.CheckRFPower
                0x080049bc       0x10 ./Core/Src/ESP.o
                0x080049bc                CheckRFPower
 .text.ATRestore
                0x080049cc       0x10 ./Core/Src/ESP.o
                0x080049cc                ATRestore
 .text.CWINIT   0x080049dc       0x10 ./Core/Src/ESP.o
                0x080049dc                CWINIT
 .text.CWMODE1  0x080049ec       0x10 ./Core/Src/ESP.o
                0x080049ec                CWMODE1
 .text.CWMODE2  0x080049fc       0x10 ./Core/Src/ESP.o
                0x080049fc                CWMODE2
 .text.CWAUTOCONN
                0x08004a0c       0x10 ./Core/Src/ESP.o
                0x08004a0c                CWAUTOCONN
 .text.CWJAP    0x08004a1c       0x6c ./Core/Src/ESP.o
                0x08004a1c                CWJAP
 .text.CWMODE3  0x08004a88       0x10 ./Core/Src/ESP.o
                0x08004a88                CWMODE3
 .text.CWSTATE  0x08004a98       0x10 ./Core/Src/ESP.o
                0x08004a98                CWSTATE
 .text.CWSAP    0x08004aa8       0x10 ./Core/Src/ESP.o
                0x08004aa8                CWSAP
 .text.CIPMUX   0x08004ab8       0x10 ./Core/Src/ESP.o
                0x08004ab8                CIPMUX
 .text.WEBSERVER
                0x08004ac8       0x10 ./Core/Src/ESP.o
                0x08004ac8                WEBSERVER
 .text.HTTPCPOST
                0x08004ad8       0xa8 ./Core/Src/ESP.o
                0x08004ad8                HTTPCPOST
 .text.SENDDATA
                0x08004b80       0x3c ./Core/Src/ESP.o
                0x08004b80                SENDDATA
 .text.SLEEP    0x08004bbc       0x10 ./Core/Src/ESP.o
                0x08004bbc                SLEEP
 .text.CIPSNTPCFG
                0x08004bcc       0x20 ./Core/Src/ESP.o
                0x08004bcc                CIPSNTPCFG
 .text.CIPSNTPTIME
                0x08004bec       0x10 ./Core/Src/ESP.o
                0x08004bec                CIPSNTPTIME
 .text.CIPSNTPINTV
                0x08004bfc       0x10 ./Core/Src/ESP.o
                0x08004bfc                CIPSNTPINTV
 .text.DMA_ProcessBuffer
                0x08004c0c       0xe4 ./Core/Src/ESP.o
                0x08004c0c                DMA_ProcessBuffer
 .text.clearDMABuffer
                0x08004cf0       0x14 ./Core/Src/ESP.o
                0x08004cf0                clearDMABuffer
 .text.ATCompare
                0x08004d04       0x28 ./Core/Src/ESP.o
                0x08004d04                ATCompare
 .text.AT_Send  0x08004d2c      0x1d4 ./Core/Src/ESP.o
                0x08004d2c                AT_Send
 .text.ESP_WakeTest
                0x08004f00      0x180 ./Core/Src/ESP.o
                0x08004f00                ESP_WakeTest
 .text.ESP_Upkeep
                0x08005080      0x6bc ./Core/Src/ESP.o
                0x08005080                ESP_Upkeep
 .text.WriteI2CMem
                0x0800573c       0x28 ./Core/Src/I2CSensors.o
 .text.ReadI2CMem
                0x08005764       0x2c ./Core/Src/I2CSensors.o
 .text.ReadI2CDirect
                0x08005790       0x24 ./Core/Src/I2CSensors.o
 .text.WriteI2C
                0x080057b4       0x20 ./Core/Src/I2CSensors.o
 .text.ReadI2C  0x080057d4       0x20 ./Core/Src/I2CSensors.o
 .text.I2CSensors_Init
                0x080057f4       0x54 ./Core/Src/I2CSensors.o
                0x080057f4                I2CSensors_Init
 .text.CRC16_ARC
                0x08005848       0x30 ./Core/Src/PC_Config.o
 .text.ProcessCmd
                0x08005878      0x130 ./Core/Src/PC_Config.o
                0x08005878                ProcessCmd
 .text.Create_Message
                0x080059a8       0x38 ./Core/Src/PC_Config.o
                0x080059a8                Create_Message
 .text.Process_PC_Config
                0x080059e0       0xbc ./Core/Src/PC_Config.o
                0x080059e0                Process_PC_Config
 .text.printf_USB
                0x08005a9c       0x28 ./Core/Src/PC_Config.o
                0x08005a9c                printf_USB
 .text.PC_selectout
                0x08005ac4       0x1a ./Core/Src/PC_Config.o
                0x08005ac4                PC_selectout
 *fill*         0x08005ade        0x2 
 .text.PC_show_Keys
                0x08005ae0      0x328 ./Core/Src/PC_Config.o
                0x08005ae0                PC_show_Keys
 .text.Process_USB_input
                0x08005e08      0x1dc ./Core/Src/PC_Config.o
                0x08005e08                Process_USB_input
 .text.ReadBatteryVoltage
                0x08005fe4       0x8c ./Core/Src/PowerUtils.o
                0x08005fe4                ReadBatteryVoltage
 .text.ReadSolarVoltage
                0x08006070       0x80 ./Core/Src/PowerUtils.o
                0x08006070                ReadSolarVoltage
 .text.Check_USB_PowerOn
                0x080060f0       0x14 ./Core/Src/PowerUtils.o
                0x080060f0                Check_USB_PowerOn
 .text.BootButton_Pressed
                0x08006104       0x16 ./Core/Src/PowerUtils.o
                0x08006104                BootButton_Pressed
 *fill*         0x0800611a        0x2 
 .text.UserButton_Pressed
                0x0800611c       0x18 ./Core/Src/PowerUtils.o
                0x0800611c                UserButton_Pressed
 .text.aBuff2int
                0x08006134       0x70 ./Core/Src/RealTimeClock.o
                0x08006134                aBuff2int
 .text.RTC_SetTime
                0x080061a4       0x30 ./Core/Src/RealTimeClock.o
                0x080061a4                RTC_SetTime
 .text.RTC_SetDate
                0x080061d4       0x60 ./Core/Src/RealTimeClock.o
                0x080061d4                RTC_SetDate
 .text.RTC_GetTime
                0x08006234       0x78 ./Core/Src/RealTimeClock.o
                0x08006234                RTC_GetTime
 .text.RTC_GetWeekday
                0x080062ac       0x12 ./Core/Src/RealTimeClock.o
                0x080062ac                RTC_GetWeekday
 *fill*         0x080062be        0x2 
 .text.RTC_SetWakeUpTimer
                0x080062c0       0x38 ./Core/Src/RealTimeClock.o
                0x080062c0                RTC_SetWakeUpTimer
 .text.Enter_Standby_Mode
                0x080062f8       0x34 ./Core/Src/RealTimeClock.o
                0x080062f8                Enter_Standby_Mode
 .text.InitClock
                0x0800632c        0xc ./Core/Src/RealTimeClock.o
                0x0800632c                InitClock
 .text.makeTime
                0x08006338       0xdc ./Core/Src/RealTimeClock.o
                0x08006338                makeTime
 .text.calculateNextNTPTime
                0x08006414       0x16 ./Core/Src/RealTimeClock.o
                0x08006414                calculateNextNTPTime
 *fill*         0x0800642a        0x2 
 .text.UpdateSystemUptime
                0x0800642c       0x60 ./Core/Src/RealTimeClock.o
                0x0800642c                UpdateSystemUptime
 .text.showTime
                0x0800648c       0x64 ./Core/Src/RealTimeClock.o
                0x0800648c                showTime
 .text.ParseTime
                0x080064f0       0xcc ./Core/Src/RealTimeClock.o
                0x080064f0                ParseTime
 .text.breakPosixTime
                0x080065bc      0x144 ./Core/Src/RealTimeClock.o
                0x080065bc                breakPosixTime
 .text.getUTCfromPosixTime
                0x08006700       0x38 ./Core/Src/RealTimeClock.o
                0x08006700                getUTCfromPosixTime
 .text.Enter_Stop_Mode
                0x08006738      0x144 ./Core/Src/RealTimeClock.o
                0x08006738                Enter_Stop_Mode
 .text.MX_ADC_Init
                0x0800687c       0x94 ./Core/Src/adc.o
                0x0800687c                MX_ADC_Init
 .text.HAL_ADC_MspInit
                0x08006910       0x54 ./Core/Src/adc.o
                0x08006910                HAL_ADC_MspInit
 .text.CalculateCRC.constprop.0
                0x08006964       0x34 ./Core/Src/aht2x.o
 .text.WriteRegister.constprop.0
                0x08006998       0x1c ./Core/Src/aht2x.o
 .text.setAHT20TimeStamp
                0x080069b4       0x14 ./Core/Src/aht2x.o
                0x080069b4                setAHT20TimeStamp
 .text.AHT_Init
                0x080069c8       0x1c ./Core/Src/aht2x.o
                0x080069c8                AHT_Init
 .text.AHT20_register_reset
                0x080069e4       0x64 ./Core/Src/aht2x.o
                0x080069e4                AHT20_register_reset
 .text.AHT20_Start_Init
                0x08006a48       0x16 ./Core/Src/aht2x.o
                0x08006a48                AHT20_Start_Init
 *fill*         0x08006a5e        0x2 
 .text.AHT20_read_status
                0x08006a60       0x3c ./Core/Src/aht2x.o
                0x08006a60                AHT20_read_status
 .text.AHT20_init
                0x08006a9c       0x54 ./Core/Src/aht2x.o
                0x08006a9c                AHT20_init
 .text.AHT20_calibrate
                0x08006af0       0x38 ./Core/Src/aht2x.o
                0x08006af0                AHT20_calibrate
 .text.AHT20_DeviceConnected
                0x08006b28       0x30 ./Core/Src/aht2x.o
                0x08006b28                AHT20_DeviceConnected
 .text.AHT20_StartMeasurement
                0x08006b58       0x38 ./Core/Src/aht2x.o
                0x08006b58                AHT20_StartMeasurement
 .text.AHT20_GetMeasurementValues
                0x08006b90       0xa4 ./Core/Src/aht2x.o
                0x08006b90                AHT20_GetMeasurementValues
 .text.AHT20_Calculate
                0x08006c34      0x118 ./Core/Src/aht2x.o
                0x08006c34                AHT20_Calculate
 .text.AHT_Upkeep
                0x08006d4c       0xe8 ./Core/Src/aht2x.o
                0x08006d4c                AHT_Upkeep
 .text.ReadMemRegister.constprop.0
                0x08006e34       0x28 ./Core/Src/bmp280.o
 .text.WriteMemRegister.constprop.0
                0x08006e5c       0x28 ./Core/Src/bmp280.o
 .text.BMP280_reset
                0x08006e84       0x2c ./Core/Src/bmp280.o
 .text.setBMP280TimeStamp
                0x08006eb0       0x14 ./Core/Src/bmp280.o
                0x08006eb0                setBMP280TimeStamp
 .text.BMP280_DeviceConnected
                0x08006ec4      0x280 ./Core/Src/bmp280.o
                0x08006ec4                BMP280_DeviceConnected
 .text.BMP_Init
                0x08007144       0x14 ./Core/Src/bmp280.o
                0x08007144                BMP_Init
 .text.BMP_Upkeep
                0x08007158      0x428 ./Core/Src/bmp280.o
                0x08007158                BMP_Upkeep
 .text.MX_DMA_Init
                0x08007580       0x3c ./Core/Src/dma.o
                0x08007580                MX_DMA_Init
 .text.WriteUint8ArrayEeprom
                0x080075bc       0x34 ./Core/Src/eeprom.o
                0x080075bc                WriteUint8ArrayEeprom
 .text.WriteUint8ArrayEepromSafe
                0x080075f0        0xc ./Core/Src/eeprom.o
                0x080075f0                WriteUint8ArrayEepromSafe
 .text.ReadUint8ArrayEEprom
                0x080075fc       0x14 ./Core/Src/eeprom.o
                0x080075fc                ReadUint8ArrayEEprom
 .text.ClearEEprom
                0x08007610       0x22 ./Core/Src/eeprom.o
                0x08007610                ClearEEprom
 .text.correctIntFracNumber
                0x08007632       0x52 ./Core/Src/efficient_10log10.o
                0x08007632                correctIntFracNumber
 .text.efficient10log10
                0x08007684       0x58 ./Core/Src/efficient_10log10.o
                0x08007684                efficient10log10
 .text.MX_GPIO_Init
                0x080076dc      0x198 ./Core/Src/gpio.o
                0x080076dc                MX_GPIO_Init
 .text.GPIO_InitPWMLEDs
                0x08007874       0x54 ./Core/Src/gpio.o
                0x08007874                GPIO_InitPWMLEDs
 .text.GPIO_PrepareForStandbyMode
                0x080078c8       0x22 ./Core/Src/gpio.o
                0x080078c8                GPIO_PrepareForStandbyMode
 *fill*         0x080078ea        0x2 
 .text.MX_I2C1_Init
                0x080078ec       0x5c ./Core/Src/i2c.o
                0x080078ec                MX_I2C1_Init
 .text.MX_I2C2_Init
                0x08007948       0x5c ./Core/Src/i2c.o
                0x08007948                MX_I2C2_Init
 .text.HAL_I2C_MspInit
                0x080079a4      0x11c ./Core/Src/i2c.o
                0x080079a4                HAL_I2C_MspInit
 .text.MX_I2S2_Init
                0x08007ac0       0x38 ./Core/Src/i2s.o
                0x08007ac0                MX_I2S2_Init
 .text.HAL_I2S_MspInit
                0x08007af8       0x90 ./Core/Src/i2s.o
                0x08007af8                HAL_I2S_MspInit
 .text.SetTestDone
                0x08007b88       0x50 ./Core/Src/main.o
                0x08007b88                SetTestDone
 .text.FlashLEDs
                0x08007bd8       0x44 ./Core/Src/main.o
                0x08007bd8                FlashLEDs
 .text.check_cli_command
                0x08007c1c       0xf8 ./Core/Src/main.o
                0x08007c1c                check_cli_command
 .text.HAL_UART_RxCpltCallback
                0x08007d14       0x24 ./Core/Src/main.o
                0x08007d14                HAL_UART_RxCpltCallback
 .text.HAL_GPIO_EXTI_Callback
                0x08007d38       0x28 ./Core/Src/main.o
                0x08007d38                HAL_GPIO_EXTI_Callback
 .text.Error_Handler
                0x08007d60       0x28 ./Core/Src/main.o
                0x08007d60                Error_Handler
 .text.SystemClock_Config
                0x08007d88       0xb0 ./Core/Src/main.o
                0x08007d88                SystemClock_Config
 .text.startup.main
                0x08007e38      0x32c ./Core/Src/main.o
                0x08007e38                main
 .text.testInit
                0x08008164       0x34 ./Core/Src/measurement.o
                0x08008164                testInit
 .text.GetPMSensorPresence
                0x08008198        0xc ./Core/Src/measurement.o
                0x08008198                GetPMSensorPresence
 .text.DisablePMSensor
                0x080081a4        0xc ./Core/Src/measurement.o
                0x080081a4                DisablePMSensor
 .text.IsBMP280SensorPresent
                0x080081b0        0xc ./Core/Src/measurement.o
                0x080081b0                IsBMP280SensorPresent
 .text.IsSGPPresent
                0x080081bc        0xc ./Core/Src/measurement.o
                0x080081bc                IsSGPPresent
 .text.SetVOCSensorDIS_ENA
                0x080081c8       0x38 ./Core/Src/measurement.o
                0x080081c8                SetVOCSensorDIS_ENA
 .text.IsPMSensorEnabled
                0x08008200        0xc ./Core/Src/measurement.o
                0x08008200                IsPMSensorEnabled
 .text.SetVOCSensorStatus
                0x0800820c       0x18 ./Core/Src/measurement.o
                0x0800820c                SetVOCSensorStatus
 .text.SetPMSensorStatus
                0x08008224        0xc ./Core/Src/measurement.o
                0x08008224                SetPMSensorStatus
 .text.SetESPMeasurementDone
                0x08008230        0xc ./Core/Src/measurement.o
                0x08008230                SetESPMeasurementDone
 .text.Device_Init
                0x0800823c      0x2d8 ./Core/Src/measurement.o
                0x0800823c                Device_Init
 .text.Device_Test
                0x08008514       0xcc ./Core/Src/measurement.o
                0x08008514                Device_Test
 .text.AllDevicesReady
                0x080085e0       0xec ./Core/Src/measurement.o
                0x080085e0                AllDevicesReady
 .text.EnabledConnectedDevices
                0x080086cc       0x68 ./Core/Src/measurement.o
                0x080086cc                EnabledConnectedDevices
 .text.DisableConnectedDevices
                0x08008734       0x2c ./Core/Src/measurement.o
                0x08008734                DisableConnectedDevices
 .text.setSensorLock
                0x08008760        0xc ./Core/Src/measurement.o
                0x08008760                setSensorLock
 .text.getSensorLock
                0x0800876c        0xc ./Core/Src/measurement.o
                0x0800876c                getSensorLock
 .text.UpkeepI2Csensors
                0x08008778       0x64 ./Core/Src/measurement.o
                0x08008778                UpkeepI2Csensors
 .text.ResetdBAmax
                0x080087dc        0xc ./Core/Src/microphone.o
                0x080087dc                ResetdBAmax
 .text.setMICTimeStamp
                0x080087e8       0x14 ./Core/Src/microphone.o
                0x080087e8                setMICTimeStamp
 .text.ResetDBACalculator
                0x080087fc       0x20 ./Core/Src/microphone.o
                0x080087fc                ResetDBACalculator
 .text.MIC_Print
                0x0800881c      0x22c ./Core/Src/microphone.o
                0x0800881c                MIC_Print
 .text.MIC_TestMeasurementDone
                0x08008a48       0x4c ./Core/Src/microphone.o
                0x08008a48                MIC_TestMeasurementDone
 .text.Mic_Upkeep
                0x08008a94      0x174 ./Core/Src/microphone.o
                0x08008a94                Mic_Upkeep
 .text.MX_RTC_Init
                0x08008c08       0x90 ./Core/Src/rtc.o
                0x08008c08                MX_RTC_Init
 .text.HAL_RTC_MspInit
                0x08008c98       0x30 ./Core/Src/rtc.o
                0x08008c98                HAL_RTC_MspInit
 .text.sen5x_Get_sen5x_enable_state
                0x08008cc8        0xc ./Core/Src/sen5x.o
                0x08008cc8                sen5x_Get_sen5x_enable_state
 .text.sen5x_Set_sen5x_state
                0x08008cd4        0xc ./Core/Src/sen5x.o
                0x08008cd4                sen5x_Set_sen5x_state
 .text.setsen5xReadTimer
                0x08008ce0       0x14 ./Core/Src/sen5x.o
                0x08008ce0                setsen5xReadTimer
 .text.setsen5xSamplecounter
                0x08008cf4        0xc ./Core/Src/sen5x.o
                0x08008cf4                setsen5xSamplecounter
 .text.sen5x_enable
                0x08008d00       0x7c ./Core/Src/sen5x.o
                0x08008d00                sen5x_enable
 .text.sen5x_Power_On
                0x08008d7c       0x54 ./Core/Src/sen5x.o
                0x08008d7c                sen5x_Power_On
 .text.sen5x_Power_Off
                0x08008dd0       0x48 ./Core/Src/sen5x.o
                0x08008dd0                sen5x_Power_Off
 .text.reset_fanCleaningDone
                0x08008e18        0xc ./Core/Src/sen5x.o
                0x08008e18                reset_fanCleaningDone
 .text.probe_sen5x
                0x08008e24      0x118 ./Core/Src/sen5x.o
                0x08008e24                probe_sen5x
 .text.sen5x_lightup_measurement
                0x08008f3c       0x6c ./Core/Src/sen5x.o
                0x08008f3c                sen5x_lightup_measurement
 .text.sen5x_extinguish_measurement
                0x08008fa8       0x78 ./Core/Src/sen5x.o
                0x08008fa8                sen5x_extinguish_measurement
 .text.sen5x_read_measurement
                0x08009020       0x5c ./Core/Src/sen5x.o
                0x08009020                sen5x_read_measurement
 .text.sen5x_printvalues
                0x0800907c      0x128 ./Core/Src/sen5x.o
                0x0800907c                sen5x_printvalues
 .text.sen5xStore
                0x080091a4       0x88 ./Core/Src/sen5x.o
                0x080091a4                sen5xStore
 .text.sensirion_i2c_hal_read
                0x0800922c       0x1c ./Core/Src/sen5x.o
                0x0800922c                sensirion_i2c_hal_read
 .text.sensirion_i2c_hal_write
                0x08009248       0x1c ./Core/Src/sen5x.o
                0x08009248                sensirion_i2c_hal_write
 .text.sensirion_i2c_hal_sleep_usec
                0x08009264       0x26 ./Core/Src/sen5x.o
                0x08009264                sensirion_i2c_hal_sleep_usec
 *fill*         0x0800928a        0x2 
 .text.sen5x_check_for_errors
                0x0800928c       0xa4 ./Core/Src/sen5x.o
                0x0800928c                sen5x_check_for_errors
 .text.set_light_on_state
                0x08009330       0x60 ./Core/Src/sen5x.o
                0x08009330                set_light_on_state
 .text.sen5x_statemachine
                0x08009390      0x1f0 ./Core/Src/sen5x.o
                0x08009390                sen5x_statemachine
 .text.sen5x_start_measurement
                0x08009580       0x28 ./Core/Src/sen5x_i2c.o
                0x08009580                sen5x_start_measurement
 .text.sen5x_start_measurement_without_pm
                0x080095a8       0x28 ./Core/Src/sen5x_i2c.o
                0x080095a8                sen5x_start_measurement_without_pm
 .text.sen5x_stop_measurement
                0x080095d0       0x2c ./Core/Src/sen5x_i2c.o
                0x080095d0                sen5x_stop_measurement
 .text.sen5x_read_data_ready
                0x080095fc       0x44 ./Core/Src/sen5x_i2c.o
                0x080095fc                sen5x_read_data_ready
 .text.sen5x_read_measured_values
                0x08009640       0x9c ./Core/Src/sen5x_i2c.o
                0x08009640                sen5x_read_measured_values
 .text.sen5x_start_fan_cleaning
                0x080096dc       0x2c ./Core/Src/sen5x_i2c.o
                0x080096dc                sen5x_start_fan_cleaning
 .text.sen5x_set_temperature_offset_parameters
                0x08009708       0x54 ./Core/Src/sen5x_i2c.o
                0x08009708                sen5x_set_temperature_offset_parameters
 .text.sen5x_get_product_name
                0x0800975c       0x4c ./Core/Src/sen5x_i2c.o
                0x0800975c                sen5x_get_product_name
 .text.sen5x_get_serial_number
                0x080097a8       0x4c ./Core/Src/sen5x_i2c.o
                0x080097a8                sen5x_get_serial_number
 .text.sen5x_get_version
                0x080097f4       0x6c ./Core/Src/sen5x_i2c.o
                0x080097f4                sen5x_get_version
 .text.sen5x_read_device_status
                0x08009860       0x44 ./Core/Src/sen5x_i2c.o
                0x08009860                sen5x_read_device_status
 .text.sen5x_device_reset
                0x080098a4       0x2c ./Core/Src/sen5x_i2c.o
                0x080098a4                sen5x_device_reset
 .text.sensirion_common_bytes_to_uint16_t
                0x080098d0        0xe ./Core/Src/sensirion_common.o
                0x080098d0                sensirion_common_bytes_to_uint16_t
 .text.sensirion_common_bytes_to_uint32_t
                0x080098de       0x18 ./Core/Src/sensirion_common.o
                0x080098de                sensirion_common_bytes_to_uint32_t
 .text.sensirion_common_bytes_to_int16_t
                0x080098f6        0xc ./Core/Src/sensirion_common.o
                0x080098f6                sensirion_common_bytes_to_int16_t
 .text.sensirion_common_copy_bytes
                0x08009902       0x14 ./Core/Src/sensirion_common.o
                0x08009902                sensirion_common_copy_bytes
 *fill*         0x08009916        0x2 
 .text.GasIndexAlgorithm__init_instances
                0x08009918      0x13c ./Core/Src/sensirion_gas_index_algorithm.o
 .text.GasIndexAlgorithm__mean_variance_estimator___sigmoid__process
                0x08009a54       0x58 ./Core/Src/sensirion_gas_index_algorithm.o
 .text.GasIndexAlgorithm_reset
                0x08009aac       0x10 ./Core/Src/sensirion_gas_index_algorithm.o
                0x08009aac                GasIndexAlgorithm_reset
 .text.GasIndexAlgorithm_init_with_sampling_interval
                0x08009abc       0x84 ./Core/Src/sensirion_gas_index_algorithm.o
                0x08009abc                GasIndexAlgorithm_init_with_sampling_interval
 .text.GasIndexAlgorithm_init
                0x08009b40       0x10 ./Core/Src/sensirion_gas_index_algorithm.o
                0x08009b40                GasIndexAlgorithm_init
 .text.GasIndexAlgorithm_process
                0x08009b50      0x560 ./Core/Src/sensirion_gas_index_algorithm.o
                0x08009b50                GasIndexAlgorithm_process
 .text.sensirion_i2c_generate_crc
                0x0800a0b0       0x36 ./Core/Src/sensirion_i2c.o
                0x0800a0b0                sensirion_i2c_generate_crc
 .text.sensirion_i2c_check_crc
                0x0800a0e6       0x12 ./Core/Src/sensirion_i2c.o
                0x0800a0e6                sensirion_i2c_check_crc
 .text.sensirion_i2c_add_command_to_buffer
                0x0800a0f8       0x10 ./Core/Src/sensirion_i2c.o
                0x0800a0f8                sensirion_i2c_add_command_to_buffer
 .text.sensirion_i2c_add_uint16_t_to_buffer
                0x0800a108       0x26 ./Core/Src/sensirion_i2c.o
                0x0800a108                sensirion_i2c_add_uint16_t_to_buffer
 .text.sensirion_i2c_add_int16_t_to_buffer
                0x0800a12e        0xa ./Core/Src/sensirion_i2c.o
                0x0800a12e                sensirion_i2c_add_int16_t_to_buffer
 .text.sensirion_i2c_write_data
                0x0800a138        0x8 ./Core/Src/sensirion_i2c.o
                0x0800a138                sensirion_i2c_write_data
 .text.sensirion_i2c_read_data_inplace
                0x0800a140       0x5e ./Core/Src/sensirion_i2c.o
                0x0800a140                sensirion_i2c_read_data_inplace
 .text.CalculateCRC.constprop.0
                0x0800a19e       0x4c ./Core/Src/sgp40.o
 *fill*         0x0800a1ea        0x2 
 .text.CheckCRC.constprop.0
                0x0800a1ec       0x4c ./Core/Src/sgp40.o
 .text.WriteRegister.constprop.0
                0x0800a238       0x18 ./Core/Src/sgp40.o
 .text.ReadRegister.constprop.0
                0x0800a250       0x1c ./Core/Src/sgp40.o
 .text.setSGP40TimeStamp
                0x0800a26c       0x14 ./Core/Src/sgp40.o
                0x0800a26c                setSGP40TimeStamp
 .text.ResetSGP40samplecounter
                0x0800a280        0xc ./Core/Src/sgp40.o
                0x0800a280                ResetSGP40samplecounter
 .text.SGP_Init
                0x0800a28c       0x20 ./Core/Src/sgp40.o
                0x0800a28c                SGP_Init
 .text.SetSGP40_GasIndexAlgorithm_Sampling_Interval
                0x0800a2ac       0x24 ./Core/Src/sgp40.o
                0x0800a2ac                SetSGP40_GasIndexAlgorithm_Sampling_Interval
 .text.SGP_StartMeasurement
                0x0800a2d0       0x58 ./Core/Src/sgp40.o
                0x0800a2d0                SGP_StartMeasurement
 .text.SGP_TurnHeaterOff
                0x0800a328       0x10 ./Core/Src/sgp40.o
                0x0800a328                SGP_TurnHeaterOff
 .text.SGP_GetMeasurementValues
                0x0800a338      0x1b4 ./Core/Src/sgp40.o
                0x0800a338                SGP_GetMeasurementValues
 .text.SGP_DeviceConnected
                0x0800a4ec       0x48 ./Core/Src/sgp40.o
                0x0800a4ec                SGP_DeviceConnected
 .text.SGP_SetHT
                0x0800a534       0x7c ./Core/Src/sgp40.o
                0x0800a534                SGP_SetHT
 .text.SGP_SoftReset
                0x0800a5b0       0x2c ./Core/Src/sgp40.o
                0x0800a5b0                SGP_SoftReset
 .text.SGP_Upkeep
                0x0800a5dc       0xf0 ./Core/Src/sgp40.o
                0x0800a5dc                SGP_Upkeep
 .text.processHalfDMAbuffer
                0x0800a6cc      0x35c ./Core/Src/sound_measurement.o
 .text.soundInit
                0x0800aa28       0x14 ./Core/Src/sound_measurement.o
                0x0800aa28                soundInit
 .text.clearMaximumAmplitude
                0x0800aa3c        0xc ./Core/Src/sound_measurement.o
                0x0800aa3c                clearMaximumAmplitude
 .text.micSettlingComplete
                0x0800aa48       0x28 ./Core/Src/sound_measurement.o
                0x0800aa48                micSettlingComplete
 .text.getSoundData
                0x0800aa70      0x108 ./Core/Src/sound_measurement.o
                0x0800aa70                getSoundData
 .text.enableMicrophone
                0x0800ab78       0xa8 ./Core/Src/sound_measurement.o
                0x0800ab78                enableMicrophone
 .text.startSPLcalculation
                0x0800ac20       0x60 ./Core/Src/sound_measurement.o
                0x0800ac20                startSPLcalculation
 .text.HAL_I2S_RxHalfCpltCallback
                0x0800ac80       0x18 ./Core/Src/sound_measurement.o
                0x0800ac80                HAL_I2S_RxHalfCpltCallback
 .text.HAL_I2S_RxCpltCallback
                0x0800ac98       0x18 ./Core/Src/sound_measurement.o
                0x0800ac98                HAL_I2S_RxCpltCallback
 .text.HAL_I2S_ErrorCallback
                0x0800acb0       0x24 ./Core/Src/sound_measurement.o
                0x0800acb0                HAL_I2S_ErrorCallback
 .text.floatToIntAndFrac2dp
                0x0800acd4       0x2c ./Core/Src/sound_utilities.o
                0x0800acd4                floatToIntAndFrac2dp
 .text.floatToIntAndFrac1dp
                0x0800ad00       0x2c ./Core/Src/sound_utilities.o
                0x0800ad00                floatToIntAndFrac1dp
 .text.sumToIntAverage
                0x0800ad2c       0x54 ./Core/Src/sound_utilities.o
                0x0800ad2c                sumToIntAverage
 .text.findMinMax
                0x0800ad80       0x34 ./Core/Src/sound_utilities.o
                0x0800ad80                findMinMax
 .text.getPo2factor
                0x0800adb4       0x1a ./Core/Src/sound_utilities.o
                0x0800adb4                getPo2factor
 .text.amplitudeDN_to_mPa
                0x0800adce       0x20 ./Core/Src/sound_utilities.o
                0x0800adce                amplitudeDN_to_mPa
 .text.scaleSPL
                0x0800adee       0x30 ./Core/Src/sound_utilities.o
                0x0800adee                scaleSPL
 .text.decodeI2SdataLch
                0x0800ae1e       0x1c ./Core/Src/sound_utilities.o
                0x0800ae1e                decodeI2SdataLch
 *fill*         0x0800ae3a        0x2 
 .text.InitDone
                0x0800ae3c        0xc ./Core/Src/statusCheck.o
                0x0800ae3c                InitDone
 .text.batteryChargeCheck
                0x0800ae48       0x70 ./Core/Src/statusCheck.o
                0x0800ae48                batteryChargeCheck
 .text.Calculate_LED_ON
                0x0800aeb8       0x60 ./Core/Src/statusCheck.o
                0x0800aeb8                Calculate_LED_ON
 .text.SetStatusLED
                0x0800af18       0x30 ./Core/Src/statusCheck.o
                0x0800af18                SetStatusLED
 .text.SetDBLED
                0x0800af48       0x5c ./Core/Src/statusCheck.o
                0x0800af48                SetDBLED
 .text.SetVocLED
                0x0800afa4       0x34 ./Core/Src/statusCheck.o
                0x0800afa4                SetVocLED
 .text.SetMeasurementIndicator
                0x0800afd8       0x28 ./Core/Src/statusCheck.o
                0x0800afd8                SetMeasurementIndicator
 .text.ResetMeasurementIndicator
                0x0800b000       0x24 ./Core/Src/statusCheck.o
                0x0800b000                ResetMeasurementIndicator
 .text.SetMICIndicator
                0x0800b024       0x68 ./Core/Src/statusCheck.o
                0x0800b024                SetMICIndicator
 .text.ResetMICIndicator
                0x0800b08c       0x34 ./Core/Src/statusCheck.o
                0x0800b08c                ResetMICIndicator
 .text.SetESPIndicator
                0x0800b0c0       0x28 ./Core/Src/statusCheck.o
                0x0800b0c0                SetESPIndicator
 .text.ResetESPIndicator
                0x0800b0e8       0x24 ./Core/Src/statusCheck.o
                0x0800b0e8                ResetESPIndicator
 .text.SetPMIndicator
                0x0800b10c       0x34 ./Core/Src/statusCheck.o
                0x0800b10c                SetPMIndicator
 .text.ResetPMIndicator
                0x0800b140       0x28 ./Core/Src/statusCheck.o
                0x0800b140                ResetPMIndicator
 .text.SetLEDsOff
                0x0800b168       0x26 ./Core/Src/statusCheck.o
                0x0800b168                SetLEDsOff
 *fill*         0x0800b18e        0x2 
 .text.SetAllREDLED
                0x0800b190       0x54 ./Core/Src/statusCheck.o
                0x0800b190                SetAllREDLED
 .text.SetVOCindicator
                0x0800b1e4       0xa8 ./Core/Src/statusCheck.o
                0x0800b1e4                SetVOCindicator
 .text.powerCheck
                0x0800b28c       0x14 ./Core/Src/statusCheck.o
                0x0800b28c                powerCheck
 .text.powerDisplay
                0x0800b2a0       0x58 ./Core/Src/statusCheck.o
                0x0800b2a0                powerDisplay
 .text.configCheck
                0x0800b2f8      0x240 ./Core/Src/statusCheck.o
                0x0800b2f8                configCheck
 .text.Battery_Upkeep
                0x0800b538       0x10 ./Core/Src/statusCheck.o
                0x0800b538                Battery_Upkeep
 .text.setuserToggle
                0x0800b548       0x1c ./Core/Src/statusCheck.o
                0x0800b548                setuserToggle
 .text.HAL_MspInit
                0x0800b564       0x1c ./Core/Src/stm32l0xx_hal_msp.o
                0x0800b564                HAL_MspInit
 .text.NMI_Handler
                0x0800b580        0x2 ./Core/Src/stm32l0xx_it.o
                0x0800b580                NMI_Handler
 .text.HardFault_Handler
                0x0800b582        0x2 ./Core/Src/stm32l0xx_it.o
                0x0800b582                HardFault_Handler
 .text.SVC_Handler
                0x0800b584        0x2 ./Core/Src/stm32l0xx_it.o
                0x0800b584                SVC_Handler
 .text.PendSV_Handler
                0x0800b586        0x2 ./Core/Src/stm32l0xx_it.o
                0x0800b586                PendSV_Handler
 .text.SysTick_Handler
                0x0800b588        0x8 ./Core/Src/stm32l0xx_it.o
                0x0800b588                SysTick_Handler
 .text.RTC_IRQHandler
                0x0800b590       0x10 ./Core/Src/stm32l0xx_it.o
                0x0800b590                RTC_IRQHandler
 .text.EXTI4_15_IRQHandler
                0x0800b5a0        0xc ./Core/Src/stm32l0xx_it.o
                0x0800b5a0                EXTI4_15_IRQHandler
 .text.DMA1_Channel2_3_IRQHandler
                0x0800b5ac       0x18 ./Core/Src/stm32l0xx_it.o
                0x0800b5ac                DMA1_Channel2_3_IRQHandler
 .text.DMA1_Channel4_5_6_7_IRQHandler
                0x0800b5c4       0x24 ./Core/Src/stm32l0xx_it.o
                0x0800b5c4                DMA1_Channel4_5_6_7_IRQHandler
 .text.USART4_5_IRQHandler
                0x0800b5e8       0x10 ./Core/Src/stm32l0xx_it.o
                0x0800b5e8                USART4_5_IRQHandler
 .text.I2C1_IRQHandler
                0x0800b5f8       0x20 ./Core/Src/stm32l0xx_it.o
                0x0800b5f8                I2C1_IRQHandler
 .text.USART1_IRQHandler
                0x0800b618       0x10 ./Core/Src/stm32l0xx_it.o
                0x0800b618                USART1_IRQHandler
 .text.USB_IRQHandler
                0x0800b628       0x10 ./Core/Src/stm32l0xx_it.o
                0x0800b628                USB_IRQHandler
 .text._getpid  0x0800b638        0x4 ./Core/Src/syscalls.o
                0x0800b638                _getpid
 .text._kill    0x0800b63c       0x10 ./Core/Src/syscalls.o
                0x0800b63c                _kill
 .text._exit    0x0800b64c        0xc ./Core/Src/syscalls.o
                0x0800b64c                _exit
 .text._read    0x0800b658       0x1a ./Core/Src/syscalls.o
                0x0800b658                _read
 .text._close   0x0800b672        0x6 ./Core/Src/syscalls.o
                0x0800b672                _close
 .text._fstat   0x0800b678        0xa ./Core/Src/syscalls.o
                0x0800b678                _fstat
 .text._isatty  0x0800b682        0x4 ./Core/Src/syscalls.o
                0x0800b682                _isatty
 .text._lseek   0x0800b686        0x4 ./Core/Src/syscalls.o
                0x0800b686                _lseek
 *fill*         0x0800b68a        0x2 
 .text._sbrk    0x0800b68c       0x40 ./Core/Src/sysmem.o
                0x0800b68c                _sbrk
 .text.SystemInit
                0x0800b6cc        0x2 ./Core/Src/system_stm32l0xx.o
                0x0800b6cc                SystemInit
 *fill*         0x0800b6ce        0x2 
 .text.MX_TIM6_Init
                0x0800b6d0       0x50 ./Core/Src/tim.o
                0x0800b6d0                MX_TIM6_Init
 .text.HAL_TIM_PWM_MspInit
                0x0800b720       0x2c ./Core/Src/tim.o
                0x0800b720                HAL_TIM_PWM_MspInit
 .text.HAL_TIM_Base_MspInit
                0x0800b74c       0x1c ./Core/Src/tim.o
                0x0800b74c                HAL_TIM_Base_MspInit
 .text.HAL_TIM_MspPostInit
                0x0800b768       0x7c ./Core/Src/tim.o
                0x0800b768                HAL_TIM_MspPostInit
 .text.MX_TIM2_Init
                0x0800b7e4       0xa4 ./Core/Src/tim.o
                0x0800b7e4                MX_TIM2_Init
 .text.MX_TIM3_Init
                0x0800b888       0xb4 ./Core/Src/tim.o
                0x0800b888                MX_TIM3_Init
 .text.MX_LPUART1_UART_Init
                0x0800b93c       0x44 ./Core/Src/usart.o
                0x0800b93c                MX_LPUART1_UART_Init
 .text.MX_USART1_UART_Init
                0x0800b980       0x38 ./Core/Src/usart.o
                0x0800b980                MX_USART1_UART_Init
 .text.MX_USART4_UART_Init
                0x0800b9b8       0x38 ./Core/Src/usart.o
                0x0800b9b8                MX_USART4_UART_Init
 .text.HAL_UART_MspInit
                0x0800b9f0      0x190 ./Core/Src/usart.o
                0x0800b9f0                HAL_UART_MspInit
 .text.TimestampIsReached
                0x0800bb80       0x2c ./Core/Src/utils.o
                0x0800bb80                TimestampIsReached
 .text.CreateLine
                0x0800bbac       0x74 ./Core/Src/utils.o
                0x0800bbac                CreateLine
 .text._write   0x0800bc20       0x18 ./Core/Src/utils.o
                0x0800bc20                _write
 .text.SetVerboseLevel
                0x0800bc38        0xc ./Core/Src/utils.o
                0x0800bc38                SetVerboseLevel
 .text.GetVerboseLevel
                0x0800bc44        0xc ./Core/Src/utils.o
                0x0800bc44                GetVerboseLevel
 .text.BinaryReleaseInfo
                0x0800bc50       0x5c ./Core/Src/utils.o
                0x0800bc50                BinaryReleaseInfo
 .text.errorHandler
                0x0800bcac       0x18 ./Core/Src/utils.o
                0x0800bcac                errorHandler
 .text.WriteRegister.constprop.0.isra.0
                0x0800bcc4       0x18 ./Core/Src/wsenHIDS.o
 .text.CalculateCRC
                0x0800bcdc       0x32 ./Core/Src/wsenHIDS.o
                0x0800bcdc                CalculateCRC
 *fill*         0x0800bd0e        0x2 
 .text.CheckCRC
                0x0800bd10       0x70 ./Core/Src/wsenHIDS.o
 .text.HIDS_Init
                0x0800bd80       0x14 ./Core/Src/wsenHIDS.o
                0x0800bd80                HIDS_Init
 .text.HIDS_StartMeasurement
                0x0800bd94       0x2c ./Core/Src/wsenHIDS.o
                0x0800bd94                HIDS_StartMeasurement
 .text.setHIDSTimeStamp
                0x0800bdc0       0x14 ./Core/Src/wsenHIDS.o
                0x0800bdc0                setHIDSTimeStamp
 .text.HIDS_DeviceConnected
                0x0800bdd4       0x5c ./Core/Src/wsenHIDS.o
                0x0800bdd4                HIDS_DeviceConnected
 .text.HIDS_MeasurementReady
                0x0800be30       0x10 ./Core/Src/wsenHIDS.o
                0x0800be30                HIDS_MeasurementReady
 .text.HIDS_GetMeasurementValues
                0x0800be40       0xd0 ./Core/Src/wsenHIDS.o
                0x0800be40                HIDS_GetMeasurementValues
 .text.ResetHIDSresults
                0x0800bf10       0x14 ./Core/Src/wsenHIDS.o
                0x0800bf10                ResetHIDSresults
 .text.HIDS_Upkeep
                0x0800bf24       0xf4 ./Core/Src/wsenHIDS.o
                0x0800bf24                HIDS_Upkeep
 .text.Reset_Handler
                0x0800c018       0x50 ./Core/Startup/startup_stm32l072rztx.o
                0x0800c018                Reset_Handler
 .text.Default_Handler
                0x0800c068        0x2 ./Core/Startup/startup_stm32l072rztx.o
                0x0800c068                TSC_IRQHandler
                0x0800c068                ADC1_COMP_IRQHandler
                0x0800c068                PVD_IRQHandler
                0x0800c068                RCC_CRS_IRQHandler
                0x0800c068                SPI1_IRQHandler
                0x0800c068                TIM6_DAC_IRQHandler
                0x0800c068                EXTI2_3_IRQHandler
                0x0800c068                I2C2_IRQHandler
                0x0800c068                TIM3_IRQHandler
                0x0800c068                DMA1_Channel1_IRQHandler
                0x0800c068                Default_Handler
                0x0800c068                TIM22_IRQHandler
                0x0800c068                TIM7_IRQHandler
                0x0800c068                EXTI0_1_IRQHandler
                0x0800c068                I2C3_IRQHandler
                0x0800c068                SPI2_IRQHandler
                0x0800c068                TIM21_IRQHandler
                0x0800c068                WWDG_IRQHandler
                0x0800c068                TIM2_IRQHandler
                0x0800c068                USART2_IRQHandler
                0x0800c068                FLASH_IRQHandler
                0x0800c068                RNG_LPUART1_IRQHandler
                0x0800c068                LPTIM1_IRQHandler
 *fill*         0x0800c06a        0x2 
 .text.HAL_InitTick
                0x0800c06c       0x48 ./Drivers/STM32L0xx_HAL_Driver/stm32l0xx_hal.o
                0x0800c06c                HAL_InitTick
 .text.HAL_Init
                0x0800c0b4       0x28 ./Drivers/STM32L0xx_HAL_Driver/stm32l0xx_hal.o
                0x0800c0b4                HAL_Init
 .text.HAL_IncTick
                0x0800c0dc       0x18 ./Drivers/STM32L0xx_HAL_Driver/stm32l0xx_hal.o
                0x0800c0dc                HAL_IncTick
 .text.HAL_GetTick
                0x0800c0f4        0xc ./Drivers/STM32L0xx_HAL_Driver/stm32l0xx_hal.o
                0x0800c0f4                HAL_GetTick
 .text.HAL_Delay
                0x0800c100       0x24 ./Drivers/STM32L0xx_HAL_Driver/stm32l0xx_hal.o
                0x0800c100                HAL_Delay
 .text.HAL_SuspendTick
                0x0800c124       0x10 ./Drivers/STM32L0xx_HAL_Driver/stm32l0xx_hal.o
                0x0800c124                HAL_SuspendTick
 .text.HAL_ResumeTick
                0x0800c134       0x10 ./Drivers/STM32L0xx_HAL_Driver/stm32l0xx_hal.o
                0x0800c134                HAL_ResumeTick
 .text.HAL_GetUIDw0
                0x0800c144        0xc ./Drivers/STM32L0xx_HAL_Driver/stm32l0xx_hal.o
                0x0800c144                HAL_GetUIDw0
 .text.HAL_GetUIDw1
                0x0800c150        0xc ./Drivers/STM32L0xx_HAL_Driver/stm32l0xx_hal.o
                0x0800c150                HAL_GetUIDw1
 .text.HAL_GetUIDw2
                0x0800c15c        0xc ./Drivers/STM32L0xx_HAL_Driver/stm32l0xx_hal.o
                0x0800c15c                HAL_GetUIDw2
 .text.ADC_DelayMicroSecond
                0x0800c168       0x2c ./Drivers/STM32L0xx_HAL_Driver/stm32l0xx_hal_adc.o
 .text.ADC_Enable
                0x0800c194       0x78 ./Drivers/STM32L0xx_HAL_Driver/stm32l0xx_hal_adc.o
 .text.HAL_ADC_Init
                0x0800c20c      0x1ac ./Drivers/STM32L0xx_HAL_Driver/stm32l0xx_hal_adc.o
                0x0800c20c                HAL_ADC_Init
 .text.HAL_ADC_Start
                0x0800c3b8       0x58 ./Drivers/STM32L0xx_HAL_Driver/stm32l0xx_hal_adc.o
                0x0800c3b8                HAL_ADC_Start
 .text.HAL_ADC_PollForConversion
                0x0800c410       0xcc ./Drivers/STM32L0xx_HAL_Driver/stm32l0xx_hal_adc.o
                0x0800c410                HAL_ADC_PollForConversion
 .text.HAL_ADC_GetValue
                0x0800c4dc        0x6 ./Drivers/STM32L0xx_HAL_Driver/stm32l0xx_hal_adc.o
                0x0800c4dc                HAL_ADC_GetValue
 *fill*         0x0800c4e2        0x2 
 .text.HAL_ADC_ConfigChannel
                0x0800c4e4       0xa8 ./Drivers/STM32L0xx_HAL_Driver/stm32l0xx_hal_adc.o
                0x0800c4e4                HAL_ADC_ConfigChannel
 .text.HAL_NVIC_SetPriority
                0x0800c58c       0x54 ./Drivers/STM32L0xx_HAL_Driver/stm32l0xx_hal_cortex.o
                0x0800c58c                HAL_NVIC_SetPriority
 .text.HAL_NVIC_EnableIRQ
                0x0800c5e0       0x18 ./Drivers/STM32L0xx_HAL_Driver/stm32l0xx_hal_cortex.o
                0x0800c5e0                HAL_NVIC_EnableIRQ
 .text.HAL_NVIC_SystemReset
                0x0800c5f8       0x1c ./Drivers/STM32L0xx_HAL_Driver/stm32l0xx_hal_cortex.o
                0x0800c5f8                HAL_NVIC_SystemReset
 .text.HAL_SYSTICK_Config
                0x0800c614       0x34 ./Drivers/STM32L0xx_HAL_Driver/stm32l0xx_hal_cortex.o
                0x0800c614                HAL_SYSTICK_Config
 .text.HAL_DMA_Init
                0x0800c648       0x88 ./Drivers/STM32L0xx_HAL_Driver/stm32l0xx_hal_dma.o
                0x0800c648                HAL_DMA_Init
 .text.HAL_DMA_Start_IT
                0x0800c6d0       0x7c ./Drivers/STM32L0xx_HAL_Driver/stm32l0xx_hal_dma.o
                0x0800c6d0                HAL_DMA_Start_IT
 .text.HAL_DMA_Abort
                0x0800c74c       0x40 ./Drivers/STM32L0xx_HAL_Driver/stm32l0xx_hal_dma.o
                0x0800c74c                HAL_DMA_Abort
 .text.HAL_DMA_Abort_IT
                0x0800c78c       0x46 ./Drivers/STM32L0xx_HAL_Driver/stm32l0xx_hal_dma.o
                0x0800c78c                HAL_DMA_Abort_IT
 .text.HAL_DMA_IRQHandler
                0x0800c7d2       0x96 ./Drivers/STM32L0xx_HAL_Driver/stm32l0xx_hal_dma.o
                0x0800c7d2                HAL_DMA_IRQHandler
 .text.HAL_DMA_GetState
                0x0800c868        0x8 ./Drivers/STM32L0xx_HAL_Driver/stm32l0xx_hal_dma.o
                0x0800c868                HAL_DMA_GetState
 .text.FLASH_SetErrorCode
                0x0800c870       0xac ./Drivers/STM32L0xx_HAL_Driver/stm32l0xx_hal_flash.o
 .text.FLASH_WaitForLastOperation
                0x0800c91c       0x74 ./Drivers/STM32L0xx_HAL_Driver/stm32l0xx_hal_flash.o
                0x0800c91c                FLASH_WaitForLastOperation
 .text.HAL_FLASHEx_DATAEEPROM_Unlock
                0x0800c990       0x30 ./Drivers/STM32L0xx_HAL_Driver/stm32l0xx_hal_flash_ex.o
                0x0800c990                HAL_FLASHEx_DATAEEPROM_Unlock
 .text.HAL_FLASHEx_DATAEEPROM_Lock
                0x0800c9c0       0x14 ./Drivers/STM32L0xx_HAL_Driver/stm32l0xx_hal_flash_ex.o
                0x0800c9c0                HAL_FLASHEx_DATAEEPROM_Lock
 .text.HAL_FLASHEx_DATAEEPROM_Erase
                0x0800c9d4       0x24 ./Drivers/STM32L0xx_HAL_Driver/stm32l0xx_hal_flash_ex.o
                0x0800c9d4                HAL_FLASHEx_DATAEEPROM_Erase
 .text.HAL_FLASHEx_DATAEEPROM_Program
                0x0800c9f8       0x54 ./Drivers/STM32L0xx_HAL_Driver/stm32l0xx_hal_flash_ex.o
                0x0800c9f8                HAL_FLASHEx_DATAEEPROM_Program
 .text.HAL_GPIO_Init
                0x0800ca4c      0x180 ./Drivers/STM32L0xx_HAL_Driver/stm32l0xx_hal_gpio.o
                0x0800ca4c                HAL_GPIO_Init
 .text.HAL_GPIO_ReadPin
                0x0800cbcc        0xc ./Drivers/STM32L0xx_HAL_Driver/stm32l0xx_hal_gpio.o
                0x0800cbcc                HAL_GPIO_ReadPin
 .text.HAL_GPIO_WritePin
                0x0800cbd8        0xc ./Drivers/STM32L0xx_HAL_Driver/stm32l0xx_hal_gpio.o
                0x0800cbd8                HAL_GPIO_WritePin
 .text.HAL_GPIO_EXTI_IRQHandler
                0x0800cbe4       0x18 ./Drivers/STM32L0xx_HAL_Driver/stm32l0xx_hal_gpio.o
                0x0800cbe4                HAL_GPIO_EXTI_IRQHandler
 .text.I2C_Flush_TXDR
                0x0800cbfc       0x1c ./Drivers/STM32L0xx_HAL_Driver/stm32l0xx_hal_i2c.o
 .text.I2C_TransferConfig
                0x0800cc18       0x2c ./Drivers/STM32L0xx_HAL_Driver/stm32l0xx_hal_i2c.o
 .text.I2C_Enable_IRQ
                0x0800cc44       0x88 ./Drivers/STM32L0xx_HAL_Driver/stm32l0xx_hal_i2c.o
 .text.I2C_Disable_IRQ
                0x0800cccc       0x48 ./Drivers/STM32L0xx_HAL_Driver/stm32l0xx_hal_i2c.o
 .text.I2C_IsErrorOccurred
                0x0800cd14       0xfc ./Drivers/STM32L0xx_HAL_Driver/stm32l0xx_hal_i2c.o
 .text.I2C_WaitOnTXISFlagUntilTimeout
                0x0800ce10       0x5c ./Drivers/STM32L0xx_HAL_Driver/stm32l0xx_hal_i2c.o
 .text.I2C_WaitOnFlagUntilTimeout
                0x0800ce6c       0x60 ./Drivers/STM32L0xx_HAL_Driver/stm32l0xx_hal_i2c.o
 .text.I2C_WaitOnSTOPFlagUntilTimeout
                0x0800cecc       0x54 ./Drivers/STM32L0xx_HAL_Driver/stm32l0xx_hal_i2c.o
 .text.I2C_WaitOnRXNEFlagUntilTimeout
                0x0800cf20       0x9c ./Drivers/STM32L0xx_HAL_Driver/stm32l0xx_hal_i2c.o
 .text.HAL_I2C_Init
                0x0800cfbc       0xac ./Drivers/STM32L0xx_HAL_Driver/stm32l0xx_hal_i2c.o
                0x0800cfbc                HAL_I2C_Init
 .text.HAL_I2C_Master_Transmit
                0x0800d068      0x118 ./Drivers/STM32L0xx_HAL_Driver/stm32l0xx_hal_i2c.o
                0x0800d068                HAL_I2C_Master_Transmit
 .text.HAL_I2C_Master_Receive
                0x0800d180      0x11c ./Drivers/STM32L0xx_HAL_Driver/stm32l0xx_hal_i2c.o
                0x0800d180                HAL_I2C_Master_Receive
 .text.HAL_I2C_Master_Transmit_DMA
                0x0800d29c      0x138 ./Drivers/STM32L0xx_HAL_Driver/stm32l0xx_hal_i2c.o
                0x0800d29c                HAL_I2C_Master_Transmit_DMA
 .text.HAL_I2C_Master_Receive_DMA
                0x0800d3d4      0x134 ./Drivers/STM32L0xx_HAL_Driver/stm32l0xx_hal_i2c.o
                0x0800d3d4                HAL_I2C_Master_Receive_DMA
 .text.HAL_I2C_Mem_Read
                0x0800d508      0x1bc ./Drivers/STM32L0xx_HAL_Driver/stm32l0xx_hal_i2c.o
                0x0800d508                HAL_I2C_Mem_Read
 .text.HAL_I2C_Mem_Write_DMA
                0x0800d6c4      0x128 ./Drivers/STM32L0xx_HAL_Driver/stm32l0xx_hal_i2c.o
                0x0800d6c4                HAL_I2C_Mem_Write_DMA
 .text.HAL_I2C_EV_IRQHandler
                0x0800d7ec       0x12 ./Drivers/STM32L0xx_HAL_Driver/stm32l0xx_hal_i2c.o
                0x0800d7ec                HAL_I2C_EV_IRQHandler
 .text.HAL_I2C_MasterTxCpltCallback
                0x0800d7fe        0x2 ./Drivers/STM32L0xx_HAL_Driver/stm32l0xx_hal_i2c.o
                0x0800d7fe                HAL_I2C_MasterTxCpltCallback
 .text.HAL_I2C_MasterRxCpltCallback
                0x0800d800        0x2 ./Drivers/STM32L0xx_HAL_Driver/stm32l0xx_hal_i2c.o
                0x0800d800                HAL_I2C_MasterRxCpltCallback
 .text.I2C_ITMasterSeqCplt
                0x0800d802       0x48 ./Drivers/STM32L0xx_HAL_Driver/stm32l0xx_hal_i2c.o
 .text.HAL_I2C_SlaveTxCpltCallback
                0x0800d84a        0x2 ./Drivers/STM32L0xx_HAL_Driver/stm32l0xx_hal_i2c.o
                0x0800d84a                HAL_I2C_SlaveTxCpltCallback
 .text.HAL_I2C_SlaveRxCpltCallback
                0x0800d84c        0x2 ./Drivers/STM32L0xx_HAL_Driver/stm32l0xx_hal_i2c.o
                0x0800d84c                HAL_I2C_SlaveRxCpltCallback
 *fill*         0x0800d84e        0x2 
 .text.I2C_ITSlaveSeqCplt
                0x0800d850       0x80 ./Drivers/STM32L0xx_HAL_Driver/stm32l0xx_hal_i2c.o
 .text.HAL_I2C_AddrCallback
                0x0800d8d0        0x2 ./Drivers/STM32L0xx_HAL_Driver/stm32l0xx_hal_i2c.o
                0x0800d8d0                HAL_I2C_AddrCallback
 .text.I2C_ITAddrCplt.constprop.0
                0x0800d8d2       0x9a ./Drivers/STM32L0xx_HAL_Driver/stm32l0xx_hal_i2c.o
 .text.HAL_I2C_ListenCpltCallback
                0x0800d96c        0x2 ./Drivers/STM32L0xx_HAL_Driver/stm32l0xx_hal_i2c.o
                0x0800d96c                HAL_I2C_ListenCpltCallback
 *fill*         0x0800d96e        0x2 
 .text.I2C_ITListenCplt
                0x0800d970       0x6c ./Drivers/STM32L0xx_HAL_Driver/stm32l0xx_hal_i2c.o
 .text.HAL_I2C_MemTxCpltCallback
                0x0800d9dc        0x2 ./Drivers/STM32L0xx_HAL_Driver/stm32l0xx_hal_i2c.o
                0x0800d9dc                HAL_I2C_MemTxCpltCallback
 .text.HAL_I2C_MemRxCpltCallback
                0x0800d9de        0x2 ./Drivers/STM32L0xx_HAL_Driver/stm32l0xx_hal_i2c.o
                0x0800d9de                HAL_I2C_MemRxCpltCallback
 .text.HAL_I2C_ErrorCallback
                0x0800d9e0        0x2 ./Drivers/STM32L0xx_HAL_Driver/stm32l0xx_hal_i2c.o
                0x0800d9e0                HAL_I2C_ErrorCallback
 .text.HAL_I2C_AbortCpltCallback
                0x0800d9e2        0x2 ./Drivers/STM32L0xx_HAL_Driver/stm32l0xx_hal_i2c.o
                0x0800d9e2                HAL_I2C_AbortCpltCallback
 .text.I2C_TreatErrorCallback
                0x0800d9e4       0x2a ./Drivers/STM32L0xx_HAL_Driver/stm32l0xx_hal_i2c.o
 *fill*         0x0800da0e        0x2 
 .text.I2C_ITError
                0x0800da10      0x114 ./Drivers/STM32L0xx_HAL_Driver/stm32l0xx_hal_i2c.o
 .text.I2C_ITMasterCplt
                0x0800db24       0xe4 ./Drivers/STM32L0xx_HAL_Driver/stm32l0xx_hal_i2c.o
 .text.I2C_Master_ISR_IT
                0x0800dc08      0x12c ./Drivers/STM32L0xx_HAL_Driver/stm32l0xx_hal_i2c.o
 .text.I2C_Mem_ISR_DMA
                0x0800dd34      0x144 ./Drivers/STM32L0xx_HAL_Driver/stm32l0xx_hal_i2c.o
 .text.I2C_Master_ISR_DMA
                0x0800de78      0x108 ./Drivers/STM32L0xx_HAL_Driver/stm32l0xx_hal_i2c.o
 .text.I2C_DMAError
                0x0800df80       0x18 ./Drivers/STM32L0xx_HAL_Driver/stm32l0xx_hal_i2c.o
 .text.I2C_DMAMasterTransmitCplt
                0x0800df98       0x50 ./Drivers/STM32L0xx_HAL_Driver/stm32l0xx_hal_i2c.o
 .text.I2C_DMAMasterReceiveCplt
                0x0800dfe8       0x54 ./Drivers/STM32L0xx_HAL_Driver/stm32l0xx_hal_i2c.o
 .text.HAL_I2C_ER_IRQHandler
                0x0800e03c       0x58 ./Drivers/STM32L0xx_HAL_Driver/stm32l0xx_hal_i2c.o
                0x0800e03c                HAL_I2C_ER_IRQHandler
 .text.I2C_ITSlaveCplt.constprop.0
                0x0800e094      0x134 ./Drivers/STM32L0xx_HAL_Driver/stm32l0xx_hal_i2c.o
 .text.I2C_Slave_ISR_DMA
                0x0800e1c8      0x110 ./Drivers/STM32L0xx_HAL_Driver/stm32l0xx_hal_i2c.o
 .text.I2C_Slave_ISR_IT
                0x0800e2d8      0x124 ./Drivers/STM32L0xx_HAL_Driver/stm32l0xx_hal_i2c.o
 .text.I2C_DMAAbort
                0x0800e3fc       0x1e ./Drivers/STM32L0xx_HAL_Driver/stm32l0xx_hal_i2c.o
 *fill*         0x0800e41a        0x2 
 .text.HAL_I2CEx_ConfigAnalogFilter
                0x0800e41c       0x4c ./Drivers/STM32L0xx_HAL_Driver/stm32l0xx_hal_i2c_ex.o
                0x0800e41c                HAL_I2CEx_ConfigAnalogFilter
 .text.HAL_I2CEx_ConfigDigitalFilter
                0x0800e468       0x48 ./Drivers/STM32L0xx_HAL_Driver/stm32l0xx_hal_i2c_ex.o
                0x0800e468                HAL_I2CEx_ConfigDigitalFilter
 .text.I2S_WaitFlagStateUntilTimeout
                0x0800e4b0       0x46 ./Drivers/STM32L0xx_HAL_Driver/stm32l0xx_hal_i2s.o
 *fill*         0x0800e4f6        0x2 
 .text.HAL_I2S_Init
                0x0800e4f8       0xec ./Drivers/STM32L0xx_HAL_Driver/stm32l0xx_hal_i2s.o
                0x0800e4f8                HAL_I2S_Init
 .text.HAL_I2S_Receive_DMA
                0x0800e5e4       0xcc ./Drivers/STM32L0xx_HAL_Driver/stm32l0xx_hal_i2s.o
                0x0800e5e4                HAL_I2S_Receive_DMA
 .text.HAL_I2S_DMAStop
                0x0800e6b0       0xf4 ./Drivers/STM32L0xx_HAL_Driver/stm32l0xx_hal_i2s.o
                0x0800e6b0                HAL_I2S_DMAStop
 .text.I2S_DMARxHalfCplt
                0x0800e7a4        0xa ./Drivers/STM32L0xx_HAL_Driver/stm32l0xx_hal_i2s.o
 .text.I2S_DMARxCplt
                0x0800e7ae       0x24 ./Drivers/STM32L0xx_HAL_Driver/stm32l0xx_hal_i2s.o
 .text.I2S_DMAError
                0x0800e7d2       0x2a ./Drivers/STM32L0xx_HAL_Driver/stm32l0xx_hal_i2s.o
 .text.HAL_PCD_Init
                0x0800e7fc       0xd8 ./Drivers/STM32L0xx_HAL_Driver/stm32l0xx_hal_pcd.o
                0x0800e7fc                HAL_PCD_Init
 .text.HAL_PCD_Start
                0x0800e8d4       0x26 ./Drivers/STM32L0xx_HAL_Driver/stm32l0xx_hal_pcd.o
                0x0800e8d4                HAL_PCD_Start
 .text.HAL_PCD_SetAddress
                0x0800e8fa       0x24 ./Drivers/STM32L0xx_HAL_Driver/stm32l0xx_hal_pcd.o
                0x0800e8fa                HAL_PCD_SetAddress
 *fill*         0x0800e91e        0x2 
 .text.HAL_PCD_IRQHandler
                0x0800e920      0x9cc ./Drivers/STM32L0xx_HAL_Driver/stm32l0xx_hal_pcd.o
                0x0800e920                HAL_PCD_IRQHandler
 .text.HAL_PCD_EP_Open
                0x0800f2ec       0x5a ./Drivers/STM32L0xx_HAL_Driver/stm32l0xx_hal_pcd.o
                0x0800f2ec                HAL_PCD_EP_Open
 .text.HAL_PCD_EP_Close
                0x0800f346       0x4e ./Drivers/STM32L0xx_HAL_Driver/stm32l0xx_hal_pcd.o
                0x0800f346                HAL_PCD_EP_Close
 .text.HAL_PCD_EP_Receive
                0x0800f394       0x40 ./Drivers/STM32L0xx_HAL_Driver/stm32l0xx_hal_pcd.o
                0x0800f394                HAL_PCD_EP_Receive
 .text.HAL_PCD_EP_GetRxCount
                0x0800f3d4       0x12 ./Drivers/STM32L0xx_HAL_Driver/stm32l0xx_hal_pcd.o
                0x0800f3d4                HAL_PCD_EP_GetRxCount
 .text.HAL_PCD_EP_Transmit
                0x0800f3e6       0x3a ./Drivers/STM32L0xx_HAL_Driver/stm32l0xx_hal_pcd.o
                0x0800f3e6                HAL_PCD_EP_Transmit
 .text.HAL_PCD_EP_SetStall
                0x0800f420       0x58 ./Drivers/STM32L0xx_HAL_Driver/stm32l0xx_hal_pcd.o
                0x0800f420                HAL_PCD_EP_SetStall
 .text.HAL_PCD_EP_ClrStall
                0x0800f478       0x5c ./Drivers/STM32L0xx_HAL_Driver/stm32l0xx_hal_pcd.o
                0x0800f478                HAL_PCD_EP_ClrStall
 .text.HAL_PCDEx_PMAConfig
                0x0800f4d4       0x34 ./Drivers/STM32L0xx_HAL_Driver/stm32l0xx_hal_pcd_ex.o
                0x0800f4d4                HAL_PCDEx_PMAConfig
 .text.HAL_PCDEx_ActivateLPM
                0x0800f508       0x28 ./Drivers/STM32L0xx_HAL_Driver/stm32l0xx_hal_pcd_ex.o
                0x0800f508                HAL_PCDEx_ActivateLPM
 .text.HAL_PCDEx_LPM_Callback
                0x0800f530        0x2 ./Drivers/STM32L0xx_HAL_Driver/stm32l0xx_hal_pcd_ex.o
                0x0800f530                HAL_PCDEx_LPM_Callback
 *fill*         0x0800f532        0x2 
 .text.HAL_PWR_EnableBkUpAccess
                0x0800f534       0x14 ./Drivers/STM32L0xx_HAL_Driver/stm32l0xx_hal_pwr.o
                0x0800f534                HAL_PWR_EnableBkUpAccess
 .text.HAL_PWR_DisableBkUpAccess
                0x0800f548       0x14 ./Drivers/STM32L0xx_HAL_Driver/stm32l0xx_hal_pwr.o
                0x0800f548                HAL_PWR_DisableBkUpAccess
 .text.HAL_PWR_EnterSTOPMode
                0x0800f55c       0x78 ./Drivers/STM32L0xx_HAL_Driver/stm32l0xx_hal_pwr.o
                0x0800f55c                HAL_PWR_EnterSTOPMode
 .text.HAL_PWR_EnterSTANDBYMode
                0x0800f5d4       0x20 ./Drivers/STM32L0xx_HAL_Driver/stm32l0xx_hal_pwr.o
                0x0800f5d4                HAL_PWR_EnterSTANDBYMode
 .text.HAL_RCC_GetSysClockFreq
                0x0800f5f4       0x94 ./Drivers/STM32L0xx_HAL_Driver/stm32l0xx_hal_rcc.o
                0x0800f5f4                HAL_RCC_GetSysClockFreq
 .text.HAL_RCC_OscConfig
                0x0800f688      0x514 ./Drivers/STM32L0xx_HAL_Driver/stm32l0xx_hal_rcc.o
                0x0800f688                HAL_RCC_OscConfig
 .text.HAL_RCC_ClockConfig
                0x0800fb9c      0x19c ./Drivers/STM32L0xx_HAL_Driver/stm32l0xx_hal_rcc.o
                0x0800fb9c                HAL_RCC_ClockConfig
 .text.HAL_RCC_GetPCLK1Freq
                0x0800fd38       0x20 ./Drivers/STM32L0xx_HAL_Driver/stm32l0xx_hal_rcc.o
                0x0800fd38                HAL_RCC_GetPCLK1Freq
 .text.HAL_RCC_GetPCLK2Freq
                0x0800fd58       0x20 ./Drivers/STM32L0xx_HAL_Driver/stm32l0xx_hal_rcc.o
                0x0800fd58                HAL_RCC_GetPCLK2Freq
 .text.HAL_RCCEx_PeriphCLKConfig
                0x0800fd78      0x1b8 ./Drivers/STM32L0xx_HAL_Driver/stm32l0xx_hal_rcc_ex.o
                0x0800fd78                HAL_RCCEx_PeriphCLKConfig
 .text.HAL_RTC_WaitForSynchro
                0x0800ff30       0x34 ./Drivers/STM32L0xx_HAL_Driver/stm32l0xx_hal_rtc.o
                0x0800ff30                HAL_RTC_WaitForSynchro
 .text.RTC_EnterInitMode
                0x0800ff64       0x48 ./Drivers/STM32L0xx_HAL_Driver/stm32l0xx_hal_rtc.o
                0x0800ff64                RTC_EnterInitMode
 .text.RTC_ExitInitMode
                0x0800ffac       0x2a ./Drivers/STM32L0xx_HAL_Driver/stm32l0xx_hal_rtc.o
                0x0800ffac                RTC_ExitInitMode
 *fill*         0x0800ffd6        0x2 
 .text.HAL_RTC_Init
                0x0800ffd8       0x9c ./Drivers/STM32L0xx_HAL_Driver/stm32l0xx_hal_rtc.o
                0x0800ffd8                HAL_RTC_Init
 .text.RTC_ByteToBcd2
                0x08010074       0x16 ./Drivers/STM32L0xx_HAL_Driver/stm32l0xx_hal_rtc.o
                0x08010074                RTC_ByteToBcd2
 *fill*         0x0801008a        0x2 
 .text.HAL_RTC_SetTime
                0x0801008c       0xcc ./Drivers/STM32L0xx_HAL_Driver/stm32l0xx_hal_rtc.o
                0x0801008c                HAL_RTC_SetTime
 .text.HAL_RTC_SetDate
                0x08010158       0xa4 ./Drivers/STM32L0xx_HAL_Driver/stm32l0xx_hal_rtc.o
                0x08010158                HAL_RTC_SetDate
 .text.RTC_Bcd2ToByte
                0x080101fc       0x12 ./Drivers/STM32L0xx_HAL_Driver/stm32l0xx_hal_rtc.o
                0x080101fc                RTC_Bcd2ToByte
 *fill*         0x0801020e        0x2 
 .text.HAL_RTC_GetTime
                0x08010210       0x50 ./Drivers/STM32L0xx_HAL_Driver/stm32l0xx_hal_rtc.o
                0x08010210                HAL_RTC_GetTime
 .text.HAL_RTC_GetDate
                0x08010260       0x44 ./Drivers/STM32L0xx_HAL_Driver/stm32l0xx_hal_rtc.o
                0x08010260                HAL_RTC_GetDate
 .text.HAL_RTCEx_SetWakeUpTimer_IT
                0x080102a4       0xe0 ./Drivers/STM32L0xx_HAL_Driver/stm32l0xx_hal_rtc_ex.o
                0x080102a4                HAL_RTCEx_SetWakeUpTimer_IT
 .text.HAL_RTCEx_DeactivateWakeUpTimer
                0x08010384       0x80 ./Drivers/STM32L0xx_HAL_Driver/stm32l0xx_hal_rtc_ex.o
                0x08010384                HAL_RTCEx_DeactivateWakeUpTimer
 .text.HAL_RTCEx_WakeUpTimerEventCallback
                0x08010404        0x2 ./Drivers/STM32L0xx_HAL_Driver/stm32l0xx_hal_rtc_ex.o
                0x08010404                HAL_RTCEx_WakeUpTimerEventCallback
 *fill*         0x08010406        0x2 
 .text.HAL_RTCEx_WakeUpTimerIRQHandler
                0x08010408       0x38 ./Drivers/STM32L0xx_HAL_Driver/stm32l0xx_hal_rtc_ex.o
                0x08010408                HAL_RTCEx_WakeUpTimerIRQHandler
 .text.HAL_RTCEx_BKUPWrite
                0x08010440        0xc ./Drivers/STM32L0xx_HAL_Driver/stm32l0xx_hal_rtc_ex.o
                0x08010440                HAL_RTCEx_BKUPWrite
 .text.HAL_RTCEx_BKUPRead
                0x0801044c        0xc ./Drivers/STM32L0xx_HAL_Driver/stm32l0xx_hal_rtc_ex.o
                0x0801044c                HAL_RTCEx_BKUPRead
 .text.TIM_Base_SetConfig
                0x08010458       0x70 ./Drivers/STM32L0xx_HAL_Driver/stm32l0xx_hal_tim.o
 .text.TIM_OC1_SetConfig
                0x080104c8       0x2c ./Drivers/STM32L0xx_HAL_Driver/stm32l0xx_hal_tim.o
 .text.TIM_OC2_SetConfig
                0x080104f4       0x34 ./Drivers/STM32L0xx_HAL_Driver/stm32l0xx_hal_tim.o
 .text.TIM_CCxChannelCmd
                0x08010528       0x1a ./Drivers/STM32L0xx_HAL_Driver/stm32l0xx_hal_tim.o
 .text.HAL_TIM_Base_Init
                0x08010542       0x48 ./Drivers/STM32L0xx_HAL_Driver/stm32l0xx_hal_tim.o
                0x08010542                HAL_TIM_Base_Init
 *fill*         0x0801058a        0x2 
 .text.HAL_TIM_Base_Start
                0x0801058c       0x58 ./Drivers/STM32L0xx_HAL_Driver/stm32l0xx_hal_tim.o
                0x0801058c                HAL_TIM_Base_Start
 .text.HAL_TIM_Base_Stop
                0x080105e4       0x20 ./Drivers/STM32L0xx_HAL_Driver/stm32l0xx_hal_tim.o
                0x080105e4                HAL_TIM_Base_Stop
 .text.HAL_TIM_OC_Start